../Core/Src/main.c:69:6:uprintf	16	static
../Core/Src/main.c:74:6:set_time	40	static
../Core/Src/main.c:89:6:set_date	32	static
../Core/Src/main.c:105:6:set_alarm	64	static
../Core/Src/main.c:125:6:get_time_date	48	static
../Core/Src/main.c:142:6:HAL_RTC_AlarmAEventCallback	16	static
../Core/Src/main.c:157:5:main	8	static
../Core/Src/main.c:212:6:SystemClock_Config	88	static
../Core/Src/main.c:260:13:MX_I2C1_Init	8	static
../Core/Src/main.c:294:13:MX_RTC_Init	32	static
../Core/Src/main.c:357:13:MX_USART1_UART_Init	8	static
../Core/Src/main.c:390:13:MX_GPIO_Init	24	static
../Core/Src/main.c:413:6:Error_Handler	4	static,ignoring_inline_asm
