Archive member included to satisfy reference by file (symbol)

C:/ST/STM32CubeIDE_1.16.0/STM32CubeIDE/plugins/com.st.stm32cube.ide.mcu.externaltools.gnu-tools-for-stm32.12.3.rel1.win32_1.0.200.202406191623/tools/bin/../lib/gcc/arm-none-eabi/12.3.1/../../../../arm-none-eabi/lib/thumb/v7e-m+fp/hard\libc_nano.a(libc_a-exit.o)
                              C:/ST/STM32CubeIDE_1.16.0/STM32CubeIDE/plugins/com.st.stm32cube.ide.mcu.externaltools.gnu-tools-for-stm32.12.3.rel1.win32_1.0.200.202406191623/tools/bin/../lib/gcc/arm-none-eabi/12.3.1/../../../../arm-none-eabi/lib/thumb/v7e-m+fp/hard/crt0.o (exit)
C:/ST/STM32CubeIDE_1.16.0/STM32CubeIDE/plugins/com.st.stm32cube.ide.mcu.externaltools.gnu-tools-for-stm32.12.3.rel1.win32_1.0.200.202406191623/tools/bin/../lib/gcc/arm-none-eabi/12.3.1/../../../../arm-none-eabi/lib/thumb/v7e-m+fp/hard\libc_nano.a(libc_a-findfp.o)
                              C:/ST/STM32CubeIDE_1.16.0/STM32CubeIDE/plugins/com.st.stm32cube.ide.mcu.externaltools.gnu-tools-for-stm32.12.3.rel1.win32_1.0.200.202406191623/tools/bin/../lib/gcc/arm-none-eabi/12.3.1/../../../../arm-none-eabi/lib/thumb/v7e-m+fp/hard\libc_nano.a(libc_a-exit.o) (__stdio_exit_handler)
C:/ST/STM32CubeIDE_1.16.0/STM32CubeIDE/plugins/com.st.stm32cube.ide.mcu.externaltools.gnu-tools-for-stm32.12.3.rel1.win32_1.0.200.202406191623/tools/bin/../lib/gcc/arm-none-eabi/12.3.1/../../../../arm-none-eabi/lib/thumb/v7e-m+fp/hard\libc_nano.a(libc_a-fwalk.o)
                              C:/ST/STM32CubeIDE_1.16.0/STM32CubeIDE/plugins/com.st.stm32cube.ide.mcu.externaltools.gnu-tools-for-stm32.12.3.rel1.win32_1.0.200.202406191623/tools/bin/../lib/gcc/arm-none-eabi/12.3.1/../../../../arm-none-eabi/lib/thumb/v7e-m+fp/hard\libc_nano.a(libc_a-findfp.o) (_fwalk_sglue)
C:/ST/STM32CubeIDE_1.16.0/STM32CubeIDE/plugins/com.st.stm32cube.ide.mcu.externaltools.gnu-tools-for-stm32.12.3.rel1.win32_1.0.200.202406191623/tools/bin/../lib/gcc/arm-none-eabi/12.3.1/../../../../arm-none-eabi/lib/thumb/v7e-m+fp/hard\libc_nano.a(libc_a-sprintf.o)
                              ./Core/Src/main.o (sprintf)
C:/ST/STM32CubeIDE_1.16.0/STM32CubeIDE/plugins/com.st.stm32cube.ide.mcu.externaltools.gnu-tools-for-stm32.12.3.rel1.win32_1.0.200.202406191623/tools/bin/../lib/gcc/arm-none-eabi/12.3.1/../../../../arm-none-eabi/lib/thumb/v7e-m+fp/hard\libc_nano.a(libc_a-stdio.o)
                              C:/ST/STM32CubeIDE_1.16.0/STM32CubeIDE/plugins/com.st.stm32cube.ide.mcu.externaltools.gnu-tools-for-stm32.12.3.rel1.win32_1.0.200.202406191623/tools/bin/../lib/gcc/arm-none-eabi/12.3.1/../../../../arm-none-eabi/lib/thumb/v7e-m+fp/hard\libc_nano.a(libc_a-findfp.o) (__sread)
C:/ST/STM32CubeIDE_1.16.0/STM32CubeIDE/plugins/com.st.stm32cube.ide.mcu.externaltools.gnu-tools-for-stm32.12.3.rel1.win32_1.0.200.202406191623/tools/bin/../lib/gcc/arm-none-eabi/12.3.1/../../../../arm-none-eabi/lib/thumb/v7e-m+fp/hard\libc_nano.a(libc_a-memset.o)
                              C:/ST/STM32CubeIDE_1.16.0/STM32CubeIDE/plugins/com.st.stm32cube.ide.mcu.externaltools.gnu-tools-for-stm32.12.3.rel1.win32_1.0.200.202406191623/tools/bin/../lib/gcc/arm-none-eabi/12.3.1/../../../../arm-none-eabi/lib/thumb/v7e-m+fp/hard/crt0.o (memset)
C:/ST/STM32CubeIDE_1.16.0/STM32CubeIDE/plugins/com.st.stm32cube.ide.mcu.externaltools.gnu-tools-for-stm32.12.3.rel1.win32_1.0.200.202406191623/tools/bin/../lib/gcc/arm-none-eabi/12.3.1/../../../../arm-none-eabi/lib/thumb/v7e-m+fp/hard\libc_nano.a(libc_a-closer.o)
                              C:/ST/STM32CubeIDE_1.16.0/STM32CubeIDE/plugins/com.st.stm32cube.ide.mcu.externaltools.gnu-tools-for-stm32.12.3.rel1.win32_1.0.200.202406191623/tools/bin/../lib/gcc/arm-none-eabi/12.3.1/../../../../arm-none-eabi/lib/thumb/v7e-m+fp/hard\libc_nano.a(libc_a-stdio.o) (_close_r)
C:/ST/STM32CubeIDE_1.16.0/STM32CubeIDE/plugins/com.st.stm32cube.ide.mcu.externaltools.gnu-tools-for-stm32.12.3.rel1.win32_1.0.200.202406191623/tools/bin/../lib/gcc/arm-none-eabi/12.3.1/../../../../arm-none-eabi/lib/thumb/v7e-m+fp/hard\libc_nano.a(libc_a-reent.o)
                              C:/ST/STM32CubeIDE_1.16.0/STM32CubeIDE/plugins/com.st.stm32cube.ide.mcu.externaltools.gnu-tools-for-stm32.12.3.rel1.win32_1.0.200.202406191623/tools/bin/../lib/gcc/arm-none-eabi/12.3.1/../../../../arm-none-eabi/lib/thumb/v7e-m+fp/hard\libc_nano.a(libc_a-closer.o) (errno)
C:/ST/STM32CubeIDE_1.16.0/STM32CubeIDE/plugins/com.st.stm32cube.ide.mcu.externaltools.gnu-tools-for-stm32.12.3.rel1.win32_1.0.200.202406191623/tools/bin/../lib/gcc/arm-none-eabi/12.3.1/../../../../arm-none-eabi/lib/thumb/v7e-m+fp/hard\libc_nano.a(libc_a-impure.o)
                              C:/ST/STM32CubeIDE_1.16.0/STM32CubeIDE/plugins/com.st.stm32cube.ide.mcu.externaltools.gnu-tools-for-stm32.12.3.rel1.win32_1.0.200.202406191623/tools/bin/../lib/gcc/arm-none-eabi/12.3.1/../../../../arm-none-eabi/lib/thumb/v7e-m+fp/hard\libc_nano.a(libc_a-sprintf.o) (_impure_ptr)
[...]
Memory Configuration

Name             Origin             Length             Attributes
RAM              0x20000000         0x00020000         xrw
FLASH            0x08000000         0x00080000         xr
*default*        0x00000000         0xffffffff

Linker script and memory map

LOAD C:/ST/STM32CubeIDE_1.16.0/STM32CubeIDE/plugins/com.st.stm32cube.ide.mcu.externaltools.gnu-tools-for-stm32.12.3.rel1.win32_1.0.200.202406191623/tools/bin/../lib/gcc/arm-none-eabi/12.3.1/thumb/v7e-m+fp/hard/crti.o
LOAD C:/ST/STM32CubeIDE_1.16.0/STM32CubeIDE/plugins/com.st.stm32cube.ide.mcu.externaltools.gnu-tools-for-stm32.12.3.rel1.win32_1.0.200.202406191623/tools/bin/../lib/gcc/arm-none-eabi/12.3.1/thumb/v7e-m+fp/hard/crtbegin.o
LOAD C:/ST/STM32CubeIDE_1.16.0/STM32CubeIDE/plugins/com.st.stm32cube.ide.mcu.externaltools.gnu-tools-for-stm32.12.3.rel1.win32_1.0.200.202406191623/tools/bin/../lib/gcc/arm-none-eabi/12.3.1/../../../../arm-none-eabi/lib/thumb/v7e-m+fp/hard/crt0.o
LOAD ./Core/Src/fonts.o
LOAD ./Core/Src/main.o
LOAD ./Core/Src/ssd1306.o
LOAD ./Core/Src/stm32f4xx_hal_msp.o
LOAD ./Core/Src/stm32f4xx_it.o
LOAD ./Core/Src/syscalls.o
LOAD ./Core/Src/sysmem.o
LOAD ./Core/Src/system_stm32f4xx.o
LOAD ./Core/Startup/startup_stm32f411retx.o
LOAD ./Drivers/STM32F4xx_HAL_Driver/Src/stm32f4xx_hal.o
LOAD ./Drivers/STM32F4xx_HAL_Driver/Src/stm32f4xx_hal_adc.o
LOAD ./Drivers/STM32F4xx_HAL_Driver/Src/stm32f4xx_hal_adc_ex.o
LOAD ./Drivers/STM32F4xx_HAL_Driver/Src/stm32f4xx_hal_cortex.o
LOAD ./Drivers/STM32F4xx_HAL_Driver/Src/stm32f4xx_hal_dma.o
LOAD ./Drivers/STM32F4xx_HAL_Driver/Src/stm32f4xx_hal_dma_ex.o
LOAD ./Drivers/STM32F4xx_HAL_Driver/Src/stm32f4xx_hal_exti.o
LOAD ./Drivers/STM32F4xx_HAL_Driver/Src/stm32f4xx_hal_flash.o
LOAD ./Drivers/STM32F4xx_HAL_Driver/Src/stm32f4xx_hal_flash_ex.o
LOAD ./Drivers/STM32F4xx_HAL_Driver/Src/stm32f4xx_hal_flash_ramfunc.o
LOAD ./Drivers/STM32F4xx_HAL_Driver/Src/stm32f4xx_hal_gpio.o
LOAD ./Drivers/STM32F4xx_HAL_Driver/Src/stm32f4xx_hal_i2c.o
LOAD ./Drivers/STM32F4xx_HAL_Driver/Src/stm32f4xx_hal_i2c_ex.o
LOAD ./Drivers/STM32F4xx_HAL_Driver/Src/stm32f4xx_hal_pcd.o
LOAD ./Drivers/STM32F4xx_HAL_Driver/Src/stm32f4xx_hal_pcd_ex.o
LOAD ./Drivers/STM32F4xx_HAL_Driver/Src/stm32f4xx_hal_pwr.o
LOAD ./Drivers/STM32F4xx_HAL_Driver/Src/stm32f4xx_hal_pwr_ex.o
LOAD ./Drivers/STM32F4xx_HAL_Driver/Src/stm32f4xx_hal_rcc.o
LOAD ./Drivers/STM32F4xx_HAL_Driver/Src/stm32f4xx_hal_rcc_ex.o
LOAD ./Drivers/STM32F4xx_HAL_Driver/Src/stm32f4xx_hal_rtc.o
LOAD ./Drivers/STM32F4xx_HAL_Driver/Src/stm32f4xx_hal_rtc_ex.o
LOAD ./Drivers/STM32F4xx_HAL_Driver/Src/stm32f4xx_hal_spi.o
LOAD ./Drivers/STM32F4xx_HAL_Driver/Src/stm32f4xx_hal_tim.o
LOAD ./Drivers/STM32F4xx_HAL_Driver/Src/stm32f4xx_hal_tim_ex.o
LOAD ./Drivers/STM32F4xx_HAL_Driver/Src/stm32f4xx_hal_uart.o
LOAD ./Drivers/STM32F4xx_HAL_Driver/Src/stm32f4xx_ll_adc.o
LOAD ./Drivers/STM32F4xx_HAL_Driver/Src/stm32f4xx_ll_usb.o
LOAD ./FATFS/App/fatfs.o
LOAD ./FATFS/Target/user_diskio.o
LOAD ./FATFS/Target/user_diskio_spi.o
LOAD ./Middlewares/ST/STM32_USB_Device_Library/Class/MSC/Src/usbd_msc.o
LOAD ./Middlewares/ST/STM32_USB_Device_Library/Class/MSC/Src/usbd_msc_bot.o
LOAD ./Middlewares/ST/STM32_USB_Device_Library/Class/MSC/Src/usbd_msc_data.o
LOAD ./Middlewares/ST/STM32_USB_Device_Library/Class/MSC/Src/usbd_msc_scsi.o
LOAD ./Middlewares/ST/STM32_USB_Device_Library/Core/Src/usbd_core.o
LOAD ./Middlewares/ST/STM32_USB_Device_Library/Core/Src/usbd_ctlreq.o
LOAD ./Middlewares/ST/STM32_USB_Device_Library/Core/Src/usbd_ioreq.o
LOAD ./Middlewares/Third_Party/FatFs/src/diskio.o
LOAD ./Middlewares/Third_Party/FatFs/src/ff.o
LOAD ./Middlewares/Third_Party/FatFs/src/ff_gen_drv.o
LOAD ./Middlewares/Third_Party/FatFs/src/option/ccsbcs.o
LOAD ./Middlewares/Third_Party/FatFs/src/option/syscall.o
LOAD ./USB_DEVICE/App/usb_device.o
LOAD ./USB_DEVICE/App/usbd_desc.o
LOAD ./USB_DEVICE/App/usbd_storage_if.o
LOAD ./USB_DEVICE/Target/usbd_conf.o
START GROUP
LOAD C:/ST/STM32CubeIDE_1.16.0/STM32CubeIDE/plugins/com.st.stm32cube.ide.mcu.externaltools.gnu-tools-for-stm32.12.3.rel1.win32_1.0.200.202406191623/tools/bin/../lib/gcc/arm-none-eabi/12.3.1/../../../../arm-none-eabi/lib/thumb/v7e-m+fp/hard\libc_nano.a
LOAD C:/ST/STM32CubeIDE_1.16.0/STM32CubeIDE/plugins/com.st.stm32cube.ide.mcu.externaltools.gnu-tools-for-stm32.12.3.rel1.win32_1.0.200.202406191623/tools/bin/../lib/gcc/arm-none-eabi/12.3.1/../../../../arm-none-eabi/lib/thumb/v7e-m+fp/hard\libm.a
END GROUP
START GROUP
LOAD C:/ST/STM32CubeIDE_1.16.0/STM32CubeIDE/plugins/com.st.stm32cube.ide.mcu.externaltools.gnu-tools-for-stm32.12.3.rel1.win32_1.0.200.202406191623/tools/bin/../lib/gcc/arm-none-eabi/12.3.1/thumb/v7e-m+fp/hard\libgcc.a
LOAD C:/ST/STM32CubeIDE_1.16.0/STM32CubeIDE/plugins/com.st.stm32cube.ide.mcu.externaltools.gnu-tools-for-stm32.12.3.rel1.win32_1.0.200.202406191623/tools/bin/../lib/gcc/arm-none-eabi/12.3.1/../../../../arm-none-eabi/lib/thumb/v7e-m+fp/hard\libc_nano.a
END GROUP
START GROUP
LOAD C:/ST/STM32CubeIDE_1.16.0/STM32CubeIDE/plugins/com.st.stm32cube.ide.mcu.externaltools.gnu-tools-for-stm32.12.3.rel1.win32_1.0.200.202406191623/tools/bin/../lib/gcc/arm-none-eabi/12.3.1/thumb/v7e-m+fp/hard\libgcc.a
LOAD C:/ST/STM32CubeIDE_1.16.0/STM32CubeIDE/plugins/com.st.stm32cube.ide.mcu.externaltools.gnu-tools-for-stm32.12.3.rel1.win32_1.0.200.202406191623/tools/bin/../lib/gcc/arm-none-eabi/12.3.1/../../../../arm-none-eabi/lib/thumb/v7e-m+fp/hard\libc_nano.a
LOAD C:/ST/STM32CubeIDE_1.16.0/STM32CubeIDE/plugins/com.st.stm32cube.ide.mcu.externaltools.gnu-tools-for-stm32.12.3.rel1.win32_1.0.200.202406191623/tools/bin/../lib/gcc/arm-none-eabi/12.3.1/../../../../arm-none-eabi/lib/thumb/v7e-m+fp/hard\libnosys.a
END GROUP
START GROUP
LOAD C:/ST/STM32CubeIDE_1.16.0/STM32CubeIDE/plugins/com.st.stm32cube.ide.mcu.externaltools.gnu-tools-for-stm32.12.3.rel1.win32_1.0.200.202406191623/tools/bin/../lib/gcc/arm-none-eabi/12.3.1/thumb/v7e-m+fp/hard\libgcc.a
LOAD C:/ST/STM32CubeIDE_1.16.0/STM32CubeIDE/plugins/com.st.stm32cube.ide.mcu.externaltools.gnu-tools-for-stm32.12.3.rel1.win32_1.0.200.202406191623/tools/bin/../lib/gcc/arm-none-eabi/12.3.1/../../../../arm-none-eabi/lib/thumb/v7e-m+fp/hard\libc_nano.a
LOAD C:/ST/STM32CubeIDE_1.16.0/STM32CubeIDE/plugins/com.st.stm32cube.ide.mcu.externaltools.gnu-tools-for-stm32.12.3.rel1.win32_1.0.200.202406191623/tools/bin/../lib/gcc/arm-none-eabi/12.3.1/../../../../arm-none-eabi/lib/thumb/v7e-m+fp/hard\libnosys.a
END GROUP
LOAD C:/ST/STM32CubeIDE_1.16.0/STM32CubeIDE/plugins/com.st.stm32cube.ide.mcu.externaltools.gnu-tools-for-stm32.12.3.rel1.win32_1.0.200.202406191623/tools/bin/../lib/gcc/arm-none-eabi/12.3.1/thumb/v7e-m+fp/hard/crtend.o
LOAD C:/ST/STM32CubeIDE_1.16.0/STM32CubeIDE/plugins/com.st.stm32cube.ide.mcu.externaltools.gnu-tools-for-stm32.12.3.rel1.win32_1.0.200.202406191623/tools/bin/../lib/gcc/arm-none-eabi/12.3.1/thumb/v7e-m+fp/hard/crtn.o
                0x20020000                        _estack = (ORIGIN (RAM) + LENGTH (RAM))
                0x00000200                        _Min_Heap_Size = 0x200
                0x00000400                        _Min_Stack_Size = 0x400

.isr_vector     0x08000000      0x198
                0x08000000                        . = ALIGN (0x4)
 *(.isr_vector)
 .isr_vector    0x08000000      0x198 ./Core/Startup/startup_stm32f411retx.o
                0x08000000                g_pfnVectors
                0x08000198                        . = ALIGN (0x4)

.text           0x080001a0     0x8cc0
                0x080001a0                        . = ALIGN (0x4)
 *(.text)
 .text          0x080001a0       0x40 C:/ST/STM32CubeIDE_1.16.0/STM32CubeIDE/plugins/com.st.stm32cube.ide.mcu.externaltools.gnu-tools-for-stm32.12.3.rel1.win32_1.0.200.202406191623/tools/bin/../lib/gcc/arm-none-eabi/12.3.1/thumb/v7e-m+fp/hard/crtbegin.o
 .text          0x080001e0       0x10 C:/ST/STM32CubeIDE_1.16.0/STM32CubeIDE/plugins/com.st.stm32cube.ide.mcu.externaltools.gnu-tools-for-stm32.12.3.rel1.win32_1.0.200.202406191623/tools/bin/../lib/gcc/arm-none-eabi/12.3.1/../../../../arm-none-eabi/lib/thumb/v7e-m+fp/hard\libc_nano.a(libc_a-strlen.o)
                0x080001e0                strlen
 .text          0x080001f0       0xa0 C:/ST/STM32CubeIDE_1.16.0/STM32CubeIDE/plugins/com.st.stm32cube.ide.mcu.externaltools.gnu-tools-for-stm32.12.3.rel1.win32_1.0.200.202406191623/tools/bin/../lib/gcc/arm-none-eabi/12.3.1/../../../../arm-none-eabi/lib/thumb/v7e-m+fp/hard\libc_nano.a(libc_a-memchr.o)
                0x080001f0                memchr
 .text          0x08000290      0x254 C:/ST/STM32CubeIDE_1.16.0/STM32CubeIDE/plugins/com.st.stm32cube.ide.mcu.externaltools.gnu-tools-for-stm32.12.3.rel1.win32_1.0.200.202406191623/tools/bin/../lib/gcc/arm-none-eabi/12.3.1/thumb/v7e-m+fp/hard\libgcc.a(_arm_muldf3.o)
                0x08000290                __muldf3
                0x08000290                __aeabi_dmul
 .text          0x080004e4      0x378 C:/ST/STM32CubeIDE_1.16.0/STM32CubeIDE/plugins/com.st.stm32cube.ide.mcu.externaltools.gnu-tools-for-stm32.12.3.rel1.win32_1.0.200.202406191623/tools/bin/../lib/gcc/arm-none-eabi/12.3.1/thumb/v7e-m+fp/hard\libgcc.a(_arm_addsubdf3.o)
                0x080004e4                __aeabi_drsub
                0x080004ec                __aeabi_dsub
                0x080004ec                __subdf3
                0x080004f0                __aeabi_dadd
                0x080004f0                __adddf3
                0x08000768                __floatunsidf
                0x08000768                __aeabi_ui2d
                0x08000788                __floatsidf
                0x08000788                __aeabi_i2d
                0x080007ac                __aeabi_f2d
                0x080007ac                __extendsfdf2
                0x080007f0                __floatundidf
                0x080007f0                __aeabi_ul2d
                0x08000800                __floatdidf
                0x08000800                __aeabi_l2d
 .text          0x0800085c       0xa0 C:/ST/STM32CubeIDE_1.16.0/STM32CubeIDE/plugins/com.st.stm32cube.ide.mcu.externaltools.gnu-tools-for-stm32.12.3.rel1.win32_1.0.200.202406191623/tools/bin/../lib/gcc/arm-none-eabi/12.3.1/thumb/v7e-m+fp/hard\libgcc.a(_arm_truncdfsf2.o)
                0x0800085c                __truncdfsf2
                0x0800085c                __aeabi_d2f
 .text          0x080008fc       0x30 C:/ST/STM32CubeIDE_1.16.0/STM32CubeIDE/plugins/com.st.stm32cube.ide.mcu.externaltools.gnu-tools-for-stm32.12.3.rel1.win32_1.0.200.202406191623/tools/bin/../lib/gcc/arm-none-eabi/12.3.1/thumb/v7e-m+fp/hard\libgcc.a(_aeabi_uldivmod.o)
                0x080008fc                __aeabi_uldivmod
 .text          0x0800092c      0x2bc C:/ST/STM32CubeIDE_1.16.0/STM32CubeIDE/plugins/com.st.stm32cube.ide.mcu.externaltools.gnu-tools-for-stm32.12.3.rel1.win32_1.0.200.202406191623/tools/bin/../lib/gcc/arm-none-eabi/12.3.1/thumb/v7e-m+fp/hard\libgcc.a(_udivmoddi4.o)
                0x0800092c                __udivmoddi4
 .text          0x08000be8        0x4 C:/ST/STM32CubeIDE_1.16.0/STM32CubeIDE/plugins/com.st.stm32cube.ide.mcu.externaltools.gnu-tools-for-stm32.12.3.rel1.win32_1.0.200.202406191623/tools/bin/../lib/gcc/arm-none-eabi/12.3.1/thumb/v7e-m+fp/hard\libgcc.a(_dvmd_tls.o)
                0x08000be8                __aeabi_idiv0
                0x08000be8                __aeabi_ldiv0
 *(.text*)
 .text.get_time_date
                0x08000bec       0x60 ./Core/Src/main.o
                0x08000bec                get_time_date
 .text.SystemClock_Config
                0x08000c4c       0xa4 ./Core/Src/main.o
                0x08000c4c                SystemClock_Config
 .text.startup.main
                0x08000cf0      0x3ec ./Core/Src/main.o
                0x08000cf0                main
 .text.Error_Handler
                0x080010dc        0x4 ./Core/Src/main.o
                0x080010dc                Error_Handler
 .text.SSD1306_Fill
                0x080010e0       0x18 ./Core/Src/ssd1306.o
                0x080010e0                SSD1306_Fill
 .text.SSD1306_DrawPixel
                0x080010f8       0x48 ./Core/Src/ssd1306.o
                0x080010f8                SSD1306_DrawPixel
 .text.SSD1306_GotoXY
                0x08001140        0xc ./Core/Src/ssd1306.o
                0x08001140                SSD1306_GotoXY
 .text.SSD1306_Putc
                0x0800114c       0x9c ./Core/Src/ssd1306.o
                0x0800114c                SSD1306_Putc
 .text.SSD1306_Puts
                0x080011e8       0x20 ./Core/Src/ssd1306.o
                0x080011e8                SSD1306_Puts
 .text.ssd1306_I2C_WriteMulti
                0x08001208       0x3c ./Core/Src/ssd1306.o
                0x08001208                ssd1306_I2C_WriteMulti
 .text.ssd1306_I2C_Write
                0x08001244       0x24 ./Core/Src/ssd1306.o
                0x08001244                ssd1306_I2C_Write
 .text.SSD1306_UpdateScreen
                0x08001268       0x44 ./Core/Src/ssd1306.o
                0x08001268                SSD1306_UpdateScreen
 .text.SSD1306_Clear
                0x080012ac       0x10 ./Core/Src/ssd1306.o
                0x080012ac                SSD1306_Clear
 .text.SSD1306_Init
                0x080012bc      0x15c ./Core/Src/ssd1306.o
                0x080012bc                SSD1306_Init
 .text.HAL_MspInit
                0x08001418       0x38 ./Core/Src/stm32f4xx_hal_msp.o
                0x08001418                HAL_MspInit
 .text.HAL_ADC_MspInit
                0x08001450       0x64 ./Core/Src/stm32f4xx_hal_msp.o
                0x08001450                HAL_ADC_MspInit
 .text.HAL_I2C_MspInit
                0x080014b4       0x70 ./Core/Src/stm32f4xx_hal_msp.o
                0x080014b4                HAL_I2C_MspInit
 .text.HAL_RTC_MspInit
                0x08001524       0x44 ./Core/Src/stm32f4xx_hal_msp.o
                0x08001524                HAL_RTC_MspInit
 .text.HAL_SPI_MspInit
                0x08001568       0xd8 ./Core/Src/stm32f4xx_hal_msp.o
                0x08001568                HAL_SPI_MspInit
 .text.HAL_UART_MspInit
                0x08001640       0x6c ./Core/Src/stm32f4xx_hal_msp.o
                0x08001640                HAL_UART_MspInit
 .text.NMI_Handler
                0x080016ac        0x8 ./Core/Src/stm32f4xx_it.o
                0x080016ac                NMI_Handler
 .text.HardFault_Handler
                0x080016b4        0x2 ./Core/Src/stm32f4xx_it.o
                0x080016b4                HardFault_Handler
 .text.MemManage_Handler
                0x080016b6        0x2 ./Core/Src/stm32f4xx_it.o
                0x080016b6                MemManage_Handler
 .text.BusFault_Handler
                0x080016b8        0x2 ./Core/Src/stm32f4xx_it.o
                0x080016b8                BusFault_Handler
 .text.UsageFault_Handler
                0x080016ba        0x2 ./Core/Src/stm32f4xx_it.o
                0x080016ba                UsageFault_Handler
 .text.SVC_Handler
                0x080016bc        0x2 ./Core/Src/stm32f4xx_it.o
                0x080016bc                SVC_Handler
 .text.DebugMon_Handler
                0x080016be        0x2 ./Core/Src/stm32f4xx_it.o
                0x080016be                DebugMon_Handler
 .text.PendSV_Handler
                0x080016c0        0x2 ./Core/Src/stm32f4xx_it.o
                0x080016c0                PendSV_Handler
 .text.SysTick_Handler
                0x080016c2        0x4 ./Core/Src/stm32f4xx_it.o
                0x080016c2                SysTick_Handler
 *fill*         0x080016c6        0x2 
 .text.DMA1_Stream3_IRQHandler
                0x080016c8        0xc ./Core/Src/stm32f4xx_it.o
                0x080016c8                DMA1_Stream3_IRQHandler
 .text.DMA1_Stream4_IRQHandler
                0x080016d4        0xc ./Core/Src/stm32f4xx_it.o
                0x080016d4                DMA1_Stream4_IRQHandler
 .text.OTG_FS_IRQHandler
                0x080016e0        0xc ./Core/Src/stm32f4xx_it.o
                0x080016e0                OTG_FS_IRQHandler
 .text._sbrk    0x080016ec       0x40 ./Core/Src/sysmem.o
                0x080016ec                _sbrk
 .text.SystemInit
                0x0800172c       0x14 ./Core/Src/system_stm32f4xx.o
                0x0800172c                SystemInit
 .text.Reset_Handler
                0x08001740       0x50 ./Core/Startup/startup_stm32f411retx.o
                0x08001740                Reset_Handler
 .text.Default_Handler
                0x08001790        0x2 ./Core/Startup/startup_stm32f411retx.o
                0x08001790                RTC_Alarm_IRQHandler
                0x08001790                EXTI2_IRQHandler
                0x08001790                SPI4_IRQHandler
                0x08001790                TIM1_CC_IRQHandler
                0x08001790                DMA2_Stream5_IRQHandler
                0x08001790                DMA1_Stream5_IRQHandler
                0x08001790                PVD_IRQHandler
                0x08001790                SDIO_IRQHandler
                0x08001790                TAMP_STAMP_IRQHandler
                0x08001790                EXTI3_IRQHandler
                0x08001790                TIM1_UP_TIM10_IRQHandler
                0x08001790                I2C3_ER_IRQHandler
                0x08001790                EXTI0_IRQHandler
                0x08001790                I2C2_EV_IRQHandler
                0x08001790                DMA1_Stream2_IRQHandler
                0x08001790                FPU_IRQHandler
                0x08001790                DMA2_Stream2_IRQHandler
                0x08001790                SPI1_IRQHandler
                0x08001790                TIM1_BRK_TIM9_IRQHandler
                0x08001790                DMA2_Stream3_IRQHandler
                0x08001790                USART6_IRQHandler
                0x08001790                DMA2_Stream0_IRQHandler
                0x08001790                TIM4_IRQHandler
                0x08001790                I2C1_EV_IRQHandler
                0x08001790                DMA1_Stream6_IRQHandler
                0x08001790                DMA1_Stream1_IRQHandler
                0x08001790                TIM3_IRQHandler
                0x08001790                RCC_IRQHandler
                0x08001790                Default_Handler
                0x08001790                EXTI15_10_IRQHandler
                0x08001790                ADC_IRQHandler
                0x08001790                DMA1_Stream7_IRQHandler
                0x08001790                SPI5_IRQHandler
                0x08001790                TIM5_IRQHandler
                0x08001790                DMA2_Stream7_IRQHandler
                0x08001790                I2C3_EV_IRQHandler
                0x08001790                EXTI9_5_IRQHandler
                0x08001790                RTC_WKUP_IRQHandler
                0x08001790                SPI2_IRQHandler
                0x08001790                DMA1_Stream0_IRQHandler
                0x08001790                EXTI4_IRQHandler
                0x08001790                WWDG_IRQHandler
                0x08001790                TIM2_IRQHandler
                0x08001790                OTG_FS_WKUP_IRQHandler
                0x08001790                TIM1_TRG_COM_TIM11_IRQHandler
                0x08001790                EXTI1_IRQHandler
                0x08001790                USART2_IRQHandler
                0x08001790                I2C2_ER_IRQHandler
                0x08001790                DMA2_Stream1_IRQHandler
                0x08001790                FLASH_IRQHandler
                0x08001790                DMA2_Stream4_IRQHandler
                0x08001790                USART1_IRQHandler
                0x08001790                SPI3_IRQHandler
                0x08001790                I2C1_ER_IRQHandler
                0x08001790                DMA2_Stream6_IRQHandler
 *fill*         0x08001792        0x2 
 .text.HAL_InitTick
                0x08001794       0x48 ./Drivers/STM32F4xx_HAL_Driver/Src/stm32f4xx_hal.o
                0x08001794                HAL_InitTick
 .text.HAL_Init
                0x080017dc       0x34 ./Drivers/STM32F4xx_HAL_Driver/Src/stm32f4xx_hal.o
                0x080017dc                HAL_Init
 .text.HAL_IncTick
                0x08001810       0x18 ./Drivers/STM32F4xx_HAL_Driver/Src/stm32f4xx_hal.o
                0x08001810                HAL_IncTick
 .text.HAL_GetTick
                0x08001828        0xc ./Drivers/STM32F4xx_HAL_Driver/Src/stm32f4xx_hal.o
                0x08001828                HAL_GetTick
 .text.HAL_Delay
                0x08001834       0x28 ./Drivers/STM32F4xx_HAL_Driver/Src/stm32f4xx_hal.o
                0x08001834                HAL_Delay
 .text.HAL_ADC_Init
                0x0800185c      0x14c ./Drivers/STM32F4xx_HAL_Driver/Src/stm32f4xx_hal_adc.o
                0x0800185c                HAL_ADC_Init
 .text.HAL_ADC_Start
                0x080019a8       0xd0 ./Drivers/STM32F4xx_HAL_Driver/Src/stm32f4xx_hal_adc.o
                0x080019a8                HAL_ADC_Start
 .text.HAL_ADC_Stop
                0x08001a78       0x36 ./Drivers/STM32F4xx_HAL_Driver/Src/stm32f4xx_hal_adc.o
                0x08001a78                HAL_ADC_Stop
 .text.HAL_ADC_PollForConversion
                0x08001aae       0xa6 ./Drivers/STM32F4xx_HAL_Driver/Src/stm32f4xx_hal_adc.o
                0x08001aae                HAL_ADC_PollForConversion
 .text.HAL_ADC_GetValue
                0x08001b54        0x6 ./Drivers/STM32F4xx_HAL_Driver/Src/stm32f4xx_hal_adc.o
                0x08001b54                HAL_ADC_GetValue
 *fill*         0x08001b5a        0x2 
 .text.HAL_ADC_ConfigChannel
                0x08001b5c      0x138 ./Drivers/STM32F4xx_HAL_Driver/Src/stm32f4xx_hal_adc.o
                0x08001b5c                HAL_ADC_ConfigChannel
 .text.HAL_NVIC_SetPriorityGrouping
                0x08001c94       0x24 ./Drivers/STM32F4xx_HAL_Driver/Src/stm32f4xx_hal_cortex.o
                0x08001c94                HAL_NVIC_SetPriorityGrouping
 .text.HAL_NVIC_SetPriority
                0x08001cb8       0x64 ./Drivers/STM32F4xx_HAL_Driver/Src/stm32f4xx_hal_cortex.o
                0x08001cb8                HAL_NVIC_SetPriority
 .text.HAL_NVIC_EnableIRQ
                0x08001d1c       0x1c ./Drivers/STM32F4xx_HAL_Driver/Src/stm32f4xx_hal_cortex.o
                0x08001d1c                HAL_NVIC_EnableIRQ
 .text.HAL_SYSTICK_Config
                0x08001d38       0x28 ./Drivers/STM32F4xx_HAL_Driver/Src/stm32f4xx_hal_cortex.o
                0x08001d38                HAL_SYSTICK_Config
 .text.DMA_CalcBaseAndBitshift
                0x08001d60       0x2c ./Drivers/STM32F4xx_HAL_Driver/Src/stm32f4xx_hal_dma.o
 .text.HAL_DMA_Init
                0x08001d8c       0xfc ./Drivers/STM32F4xx_HAL_Driver/Src/stm32f4xx_hal_dma.o
                0x08001d8c                HAL_DMA_Init
 .text.HAL_DMA_Start_IT
                0x08001e88       0x72 ./Drivers/STM32F4xx_HAL_Driver/Src/stm32f4xx_hal_dma.o
                0x08001e88                HAL_DMA_Start_IT
 .text.HAL_DMA_Abort
                0x08001efa       0x7c ./Drivers/STM32F4xx_HAL_Driver/Src/stm32f4xx_hal_dma.o
                0x08001efa                HAL_DMA_Abort
 *fill*         0x08001f76        0x2 
 .text.HAL_DMA_IRQHandler
                0x08001f78      0x17c ./Drivers/STM32F4xx_HAL_Driver/Src/stm32f4xx_hal_dma.o
                0x08001f78                HAL_DMA_IRQHandler
 .text.HAL_GPIO_Init
                0x080020f4      0x18c ./Drivers/STM32F4xx_HAL_Driver/Src/stm32f4xx_hal_gpio.o
                0x080020f4                HAL_GPIO_Init
 .text.HAL_GPIO_WritePin
                0x08002280        0xa ./Drivers/STM32F4xx_HAL_Driver/Src/stm32f4xx_hal_gpio.o
                0x08002280                HAL_GPIO_WritePin
 .text.HAL_GPIO_TogglePin
                0x0800228a       0x12 ./Drivers/STM32F4xx_HAL_Driver/Src/stm32f4xx_hal_gpio.o
                0x0800228a                HAL_GPIO_TogglePin
 .text.I2C_IsAcknowledgeFailed
                0x0800229c       0x34 ./Drivers/STM32F4xx_HAL_Driver/Src/stm32f4xx_hal_i2c.o
 .text.I2C_WaitOnFlagUntilTimeout
                0x080022d0       0x80 ./Drivers/STM32F4xx_HAL_Driver/Src/stm32f4xx_hal_i2c.o
 .text.I2C_WaitOnMasterAddressFlagUntilTimeout
                0x08002350       0x84 ./Drivers/STM32F4xx_HAL_Driver/Src/stm32f4xx_hal_i2c.o
 .text.I2C_WaitOnTXEFlagUntilTimeout
                0x080023d4       0x54 ./Drivers/STM32F4xx_HAL_Driver/Src/stm32f4xx_hal_i2c.o
 .text.I2C_WaitOnBTFFlagUntilTimeout
                0x08002428       0x54 ./Drivers/STM32F4xx_HAL_Driver/Src/stm32f4xx_hal_i2c.o
 .text.HAL_I2C_Init
                0x0800247c      0x150 ./Drivers/STM32F4xx_HAL_Driver/Src/stm32f4xx_hal_i2c.o
                0x0800247c                HAL_I2C_Init
 .text.HAL_I2C_Master_Transmit
                0x080025cc      0x1b4 ./Drivers/STM32F4xx_HAL_Driver/Src/stm32f4xx_hal_i2c.o
                0x080025cc                HAL_I2C_Master_Transmit
 .text.HAL_I2C_IsDeviceReady
                0x08002780      0x160 ./Drivers/STM32F4xx_HAL_Driver/Src/stm32f4xx_hal_i2c.o
                0x08002780                HAL_I2C_IsDeviceReady
 .text.HAL_PCD_Init
                0x080028e0       0xde ./Drivers/STM32F4xx_HAL_Driver/Src/stm32f4xx_hal_pcd.o
                0x080028e0                HAL_PCD_Init
 .text.HAL_PCD_Start
                0x080029be       0x3e ./Drivers/STM32F4xx_HAL_Driver/Src/stm32f4xx_hal_pcd.o
                0x080029be                HAL_PCD_Start
 .text.HAL_PCD_SetAddress
                0x080029fc       0x26 ./Drivers/STM32F4xx_HAL_Driver/Src/stm32f4xx_hal_pcd.o
                0x080029fc                HAL_PCD_SetAddress
 .text.HAL_PCD_EP_Open
                0x08002a22       0x72 ./Drivers/STM32F4xx_HAL_Driver/Src/stm32f4xx_hal_pcd.o
                0x08002a22                HAL_PCD_EP_Open
 .text.HAL_PCD_EP_Close
                0x08002a94       0x5c ./Drivers/STM32F4xx_HAL_Driver/Src/stm32f4xx_hal_pcd.o
                0x08002a94                HAL_PCD_EP_Close
 .text.HAL_PCD_EP_Receive
                0x08002af0       0x3c ./Drivers/STM32F4xx_HAL_Driver/Src/stm32f4xx_hal_pcd.o
                0x08002af0                HAL_PCD_EP_Receive
 .text.HAL_PCD_EP_GetRxCount
                0x08002b2c       0x10 ./Drivers/STM32F4xx_HAL_Driver/Src/stm32f4xx_hal_pcd.o
                0x08002b2c                HAL_PCD_EP_GetRxCount
 .text.HAL_PCD_EP_Transmit
                0x08002b3c       0x36 ./Drivers/STM32F4xx_HAL_Driver/Src/stm32f4xx_hal_pcd.o
                0x08002b3c                HAL_PCD_EP_Transmit
 .text.HAL_PCD_EP_SetStall
                0x08002b72       0x6e ./Drivers/STM32F4xx_HAL_Driver/Src/stm32f4xx_hal_pcd.o
                0x08002b72                HAL_PCD_EP_SetStall
 .text.HAL_PCD_EP_ClrStall
                0x08002be0       0x6a ./Drivers/STM32F4xx_HAL_Driver/Src/stm32f4xx_hal_pcd.o
                0x08002be0                HAL_PCD_EP_ClrStall
 .text.HAL_PCD_EP_Abort
                0x08002c4a       0x20 ./Drivers/STM32F4xx_HAL_Driver/Src/stm32f4xx_hal_pcd.o
                0x08002c4a                HAL_PCD_EP_Abort
 *fill*         0x08002c6a        0x2 
 .text.HAL_PCD_IRQHandler
                0x08002c6c      0x694 ./Drivers/STM32F4xx_HAL_Driver/Src/stm32f4xx_hal_pcd.o
                0x08002c6c                HAL_PCD_IRQHandler
 .text.HAL_PCD_EP_Flush
                0x08003300       0x32 ./Drivers/STM32F4xx_HAL_Driver/Src/stm32f4xx_hal_pcd.o
                0x08003300                HAL_PCD_EP_Flush
 .text.HAL_PCDEx_SetTxFiFo
                0x08003332       0x3e ./Drivers/STM32F4xx_HAL_Driver/Src/stm32f4xx_hal_pcd_ex.o
                0x08003332                HAL_PCDEx_SetTxFiFo
 .text.HAL_PCDEx_SetRxFiFo
                0x08003370        0x8 ./Drivers/STM32F4xx_HAL_Driver/Src/stm32f4xx_hal_pcd_ex.o
                0x08003370                HAL_PCDEx_SetRxFiFo
 .text.HAL_PCDEx_LPM_Callback
                0x08003378        0x2 ./Drivers/STM32F4xx_HAL_Driver/Src/stm32f4xx_hal_pcd_ex.o
                0x08003378                HAL_PCDEx_LPM_Callback
 *fill*         0x0800337a        0x2 
 .text.HAL_RCC_OscConfig
                0x0800337c      0x35c ./Drivers/STM32F4xx_HAL_Driver/Src/stm32f4xx_hal_rcc.o
                0x0800337c                HAL_RCC_OscConfig
 .text.HAL_RCC_EnableCSS
                0x080036d8        0xc ./Drivers/STM32F4xx_HAL_Driver/Src/stm32f4xx_hal_rcc.o
                0x080036d8                HAL_RCC_EnableCSS
 .text.HAL_RCC_GetSysClockFreq
                0x080036e4       0x5c ./Drivers/STM32F4xx_HAL_Driver/Src/stm32f4xx_hal_rcc.o
                0x080036e4                HAL_RCC_GetSysClockFreq
 .text.HAL_RCC_ClockConfig
                0x08003740      0x134 ./Drivers/STM32F4xx_HAL_Driver/Src/stm32f4xx_hal_rcc.o
                0x08003740                HAL_RCC_ClockConfig
 .text.HAL_RCC_GetHCLKFreq
                0x08003874        0xc ./Drivers/STM32F4xx_HAL_Driver/Src/stm32f4xx_hal_rcc.o
                0x08003874                HAL_RCC_GetHCLKFreq
 .text.HAL_RCC_GetPCLK1Freq
                0x08003880       0x20 ./Drivers/STM32F4xx_HAL_Driver/Src/stm32f4xx_hal_rcc.o
                0x08003880                HAL_RCC_GetPCLK1Freq
 .text.HAL_RCC_GetPCLK2Freq
                0x080038a0       0x20 ./Drivers/STM32F4xx_HAL_Driver/Src/stm32f4xx_hal_rcc.o
                0x080038a0                HAL_RCC_GetPCLK2Freq
 .text.HAL_RCC_CSSCallback
                0x080038c0        0x2 ./Drivers/STM32F4xx_HAL_Driver/Src/stm32f4xx_hal_rcc.o
                0x080038c0                HAL_RCC_CSSCallback
 *fill*         0x080038c2        0x2 
 .text.HAL_RCC_NMI_IRQHandler
                0x080038c4       0x18 ./Drivers/STM32F4xx_HAL_Driver/Src/stm32f4xx_hal_rcc.o
                0x080038c4                HAL_RCC_NMI_IRQHandler
 .text.HAL_RCCEx_PeriphCLKConfig
                0x080038dc      0x144 ./Drivers/STM32F4xx_HAL_Driver/Src/stm32f4xx_hal_rcc_ex.o
                0x080038dc                HAL_RCCEx_PeriphCLKConfig
 .text.HAL_RTC_WaitForSynchro
                0x08003a20       0x30 ./Drivers/STM32F4xx_HAL_Driver/Src/stm32f4xx_hal_rtc.o
                0x08003a20                HAL_RTC_WaitForSynchro
 .text.RTC_EnterInitMode
                0x08003a50       0x42 ./Drivers/STM32F4xx_HAL_Driver/Src/stm32f4xx_hal_rtc.o
                0x08003a50                RTC_EnterInitMode
 .text.RTC_ExitInitMode
                0x08003a92       0x28 ./Drivers/STM32F4xx_HAL_Driver/Src/stm32f4xx_hal_rtc.o
                0x08003a92                RTC_ExitInitMode
 .text.HAL_RTC_Init
                0x08003aba       0x90 ./Drivers/STM32F4xx_HAL_Driver/Src/stm32f4xx_hal_rtc.o
                0x08003aba                HAL_RTC_Init
 .text.RTC_ByteToBcd2
                0x08003b4a       0x16 ./Drivers/STM32F4xx_HAL_Driver/Src/stm32f4xx_hal_rtc.o
                0x08003b4a                RTC_ByteToBcd2
 .text.HAL_RTC_SetTime
                0x08003b60       0xb4 ./Drivers/STM32F4xx_HAL_Driver/Src/stm32f4xx_hal_rtc.o
                0x08003b60                HAL_RTC_SetTime
 .text.HAL_RTC_SetDate
                0x08003c14       0x8e ./Drivers/STM32F4xx_HAL_Driver/Src/stm32f4xx_hal_rtc.o
                0x08003c14                HAL_RTC_SetDate
 .text.RTC_Bcd2ToByte
                0x08003ca2       0x12 ./Drivers/STM32F4xx_HAL_Driver/Src/stm32f4xx_hal_rtc.o
                0x08003ca2                RTC_Bcd2ToByte
 .text.HAL_RTC_GetTime
                0x08003cb4       0x46 ./Drivers/STM32F4xx_HAL_Driver/Src/stm32f4xx_hal_rtc.o
                0x08003cb4                HAL_RTC_GetTime
 .text.HAL_RTC_GetDate
                0x08003cfa       0x3a ./Drivers/STM32F4xx_HAL_Driver/Src/stm32f4xx_hal_rtc.o
                0x08003cfa                HAL_RTC_GetDate
 .text.SPI_WaitFlagStateUntilTimeout
                0x08003d34       0xb8 ./Drivers/STM32F4xx_HAL_Driver/Src/stm32f4xx_hal_spi.o
 .text.SPI_EndRxTxTransaction
                0x08003dec       0x78 ./Drivers/STM32F4xx_HAL_Driver/Src/stm32f4xx_hal_spi.o
 .text.SPI_EndRxTransaction
                0x08003e64       0x5c ./Drivers/STM32F4xx_HAL_Driver/Src/stm32f4xx_hal_spi.o
 .text.HAL_SPI_Init
                0x08003ec0       0xb8 ./Drivers/STM32F4xx_HAL_Driver/Src/stm32f4xx_hal_spi.o
                0x08003ec0                HAL_SPI_Init
 .text.HAL_SPI_TransmitReceive_DMA
                0x08003f78      0x114 ./Drivers/STM32F4xx_HAL_Driver/Src/stm32f4xx_hal_spi.o
                0x08003f78                HAL_SPI_TransmitReceive_DMA
 .text.HAL_SPI_DMAStop
                0x0800408c       0x46 ./Drivers/STM32F4xx_HAL_Driver/Src/stm32f4xx_hal_spi.o
                0x0800408c                HAL_SPI_DMAStop
 .text.HAL_SPI_RxCpltCallback
                0x080040d2        0x2 ./Drivers/STM32F4xx_HAL_Driver/Src/stm32f4xx_hal_spi.o
                0x080040d2                HAL_SPI_RxCpltCallback
 .text.HAL_SPI_RxHalfCpltCallback
                0x080040d4        0x2 ./Drivers/STM32F4xx_HAL_Driver/Src/stm32f4xx_hal_spi.o
                0x080040d4                HAL_SPI_RxHalfCpltCallback
 .text.SPI_DMAHalfReceiveCplt
                0x080040d6        0xa ./Drivers/STM32F4xx_HAL_Driver/Src/stm32f4xx_hal_spi.o
 .text.HAL_SPI_TxRxHalfCpltCallback
                0x080040e0        0x2 ./Drivers/STM32F4xx_HAL_Driver/Src/stm32f4xx_hal_spi.o
                0x080040e0                HAL_SPI_TxRxHalfCpltCallback
 .text.SPI_DMAHalfTransmitReceiveCplt
                0x080040e2        0xa ./Drivers/STM32F4xx_HAL_Driver/Src/stm32f4xx_hal_spi.o
 .text.HAL_SPI_ErrorCallback
                0x080040ec        0x2 ./Drivers/STM32F4xx_HAL_Driver/Src/stm32f4xx_hal_spi.o
                0x080040ec                HAL_SPI_ErrorCallback
 .text.SPI_DMAError
                0x080040ee       0x22 ./Drivers/STM32F4xx_HAL_Driver/Src/stm32f4xx_hal_spi.o
 .text.SPI_DMAReceiveCplt
                0x08004110       0x66 ./Drivers/STM32F4xx_HAL_Driver/Src/stm32f4xx_hal_spi.o
 .text.SPI_DMATransmitReceiveCplt
                0x08004176       0x5a ./Drivers/STM32F4xx_HAL_Driver/Src/stm32f4xx_hal_spi.o
 .text.UART_SetConfig
                0x080041d0       0xbc ./Drivers/STM32F4xx_HAL_Driver/Src/stm32f4xx_hal_uart.o
 .text.HAL_UART_Init
                0x0800428c       0x5e ./Drivers/STM32F4xx_HAL_Driver/Src/stm32f4xx_hal_uart.o
                0x0800428c                HAL_UART_Init
 .text.USB_CoreReset
                0x080042ea       0x46 ./Drivers/STM32F4xx_HAL_Driver/Src/stm32f4xx_ll_usb.o
 .text.USB_CoreInit
                0x08004330       0x88 ./Drivers/STM32F4xx_HAL_Driver/Src/stm32f4xx_ll_usb.o
                0x08004330                USB_CoreInit
 .text.USB_SetTurnaroundTime
                0x080043b8       0xe0 ./Drivers/STM32F4xx_HAL_Driver/Src/stm32f4xx_ll_usb.o
                0x080043b8                USB_SetTurnaroundTime
 .text.USB_EnableGlobalInt
                0x08004498        0xc ./Drivers/STM32F4xx_HAL_Driver/Src/stm32f4xx_ll_usb.o
                0x08004498                USB_EnableGlobalInt
 .text.USB_DisableGlobalInt
                0x080044a4        0xc ./Drivers/STM32F4xx_HAL_Driver/Src/stm32f4xx_ll_usb.o
                0x080044a4                USB_DisableGlobalInt
 .text.USB_SetCurrentMode
                0x080044b0       0x60 ./Drivers/STM32F4xx_HAL_Driver/Src/stm32f4xx_ll_usb.o
                0x080044b0                USB_SetCurrentMode
 .text.USB_FlushTxFifo
                0x08004510       0x46 ./Drivers/STM32F4xx_HAL_Driver/Src/stm32f4xx_ll_usb.o
                0x08004510                USB_FlushTxFifo
 .text.USB_FlushRxFifo
                0x08004556       0x42 ./Drivers/STM32F4xx_HAL_Driver/Src/stm32f4xx_ll_usb.o
                0x08004556                USB_FlushRxFifo
 .text.USB_SetDevSpeed
                0x08004598        0xe ./Drivers/STM32F4xx_HAL_Driver/Src/stm32f4xx_ll_usb.o
                0x08004598                USB_SetDevSpeed
 *fill*         0x080045a6        0x2 
 .text.USB_DevInit
                0x080045a8      0x174 ./Drivers/STM32F4xx_HAL_Driver/Src/stm32f4xx_ll_usb.o
                0x080045a8                USB_DevInit
 .text.USB_GetDevSpeed
                0x0800471c       0x16 ./Drivers/STM32F4xx_HAL_Driver/Src/stm32f4xx_ll_usb.o
                0x0800471c                USB_GetDevSpeed
 .text.USB_ActivateEndpoint
                0x08004732       0x7e ./Drivers/STM32F4xx_HAL_Driver/Src/stm32f4xx_ll_usb.o
                0x08004732                USB_ActivateEndpoint
 .text.USB_DeactivateEndpoint
                0x080047b0       0xac ./Drivers/STM32F4xx_HAL_Driver/Src/stm32f4xx_ll_usb.o
                0x080047b0                USB_DeactivateEndpoint
 .text.USB_EPStopXfer
                0x0800485c       0x84 ./Drivers/STM32F4xx_HAL_Driver/Src/stm32f4xx_ll_usb.o
                0x0800485c                USB_EPStopXfer
 .text.USB_WritePacket
                0x080048e0       0x26 ./Drivers/STM32F4xx_HAL_Driver/Src/stm32f4xx_ll_usb.o
                0x080048e0                USB_WritePacket
 *fill*         0x08004906        0x2 
 .text.USB_EPStartXfer
                0x08004908      0x204 ./Drivers/STM32F4xx_HAL_Driver/Src/stm32f4xx_ll_usb.o
                0x08004908                USB_EPStartXfer
 .text.USB_ReadPacket
                0x08004b0c       0x40 ./Drivers/STM32F4xx_HAL_Driver/Src/stm32f4xx_ll_usb.o
                0x08004b0c                USB_ReadPacket
 .text.USB_EPSetStall
                0x08004b4c       0x56 ./Drivers/STM32F4xx_HAL_Driver/Src/stm32f4xx_ll_usb.o
                0x08004b4c                USB_EPSetStall
 .text.USB_EPClearStall
                0x08004ba2       0x52 ./Drivers/STM32F4xx_HAL_Driver/Src/stm32f4xx_ll_usb.o
                0x08004ba2                USB_EPClearStall
 .text.USB_SetDevAddress
                0x08004bf4       0x20 ./Drivers/STM32F4xx_HAL_Driver/Src/stm32f4xx_ll_usb.o
                0x08004bf4                USB_SetDevAddress
 .text.USB_DevConnect
                0x08004c14       0x1c ./Drivers/STM32F4xx_HAL_Driver/Src/stm32f4xx_ll_usb.o
                0x08004c14                USB_DevConnect
 .text.USB_DevDisconnect
                0x08004c30       0x1c ./Drivers/STM32F4xx_HAL_Driver/Src/stm32f4xx_ll_usb.o
                0x08004c30                USB_DevDisconnect
 .text.USB_ReadInterrupts
                0x08004c4c        0x8 ./Drivers/STM32F4xx_HAL_Driver/Src/stm32f4xx_ll_usb.o
                0x08004c4c                USB_ReadInterrupts
 .text.USB_ReadDevAllOutEpInterrupt
                0x08004c54       0x10 ./Drivers/STM32F4xx_HAL_Driver/Src/stm32f4xx_ll_usb.o
                0x08004c54                USB_ReadDevAllOutEpInterrupt
 .text.USB_ReadDevAllInEpInterrupt
                0x08004c64       0x10 ./Drivers/STM32F4xx_HAL_Driver/Src/stm32f4xx_ll_usb.o
                0x08004c64                USB_ReadDevAllInEpInterrupt
 .text.USB_ReadDevOutEPInterrupt
                0x08004c74       0x12 ./Drivers/STM32F4xx_HAL_Driver/Src/stm32f4xx_ll_usb.o
                0x08004c74                USB_ReadDevOutEPInterrupt
 .text.USB_ReadDevInEPInterrupt
                0x08004c86       0x22 ./Drivers/STM32F4xx_HAL_Driver/Src/stm32f4xx_ll_usb.o
                0x08004c86                USB_ReadDevInEPInterrupt
 .text.USB_GetMode
                0x08004ca8        0x8 ./Drivers/STM32F4xx_HAL_Driver/Src/stm32f4xx_ll_usb.o
                0x08004ca8                USB_GetMode
 .text.USB_ActivateSetup
                0x08004cb0       0x20 ./Drivers/STM32F4xx_HAL_Driver/Src/stm32f4xx_ll_usb.o
                0x08004cb0                USB_ActivateSetup
 .text.USB_EP0_OutStart
                0x08004cd0       0x4c ./Drivers/STM32F4xx_HAL_Driver/Src/stm32f4xx_ll_usb.o
                0x08004cd0                USB_EP0_OutStart
 .text.MX_FATFS_Init
                0x08004d1c       0x1c ./FATFS/App/fatfs.o
                0x08004d1c                MX_FATFS_Init
 .text.get_fattime
                0x08004d38        0x4 ./FATFS/App/fatfs.o
                0x08004d38                get_fattime
 .text.USER_initialize
                0x08004d3c        0x4 ./FATFS/Target/user_diskio.o
                0x08004d3c                USER_initialize
 .text.USER_status
                0x08004d40        0x4 ./FATFS/Target/user_diskio.o
                0x08004d40                USER_status
 .text.USER_read
                0x08004d44        0x4 ./FATFS/Target/user_diskio.o
                0x08004d44                USER_read
 .text.USER_write
                0x08004d48        0x4 ./FATFS/Target/user_diskio.o
                0x08004d48                USER_write
 .text.USER_ioctl
                0x08004d4c        0x4 ./FATFS/Target/user_diskio.o
                0x08004d4c                USER_ioctl
 .text.set_sd_interface_speed
                0x08004d50       0x2c ./FATFS/Target/user_diskio_spi.o
 .text.spi_rw   0x08004d7c       0x1c ./FATFS/Target/user_diskio_spi.o
 .text.wait_ready
                0x08004d98       0x14 ./FATFS/Target/user_diskio_spi.o
 .text.send_cmd
                0x08004dac       0x8c ./FATFS/Target/user_diskio_spi.o
 .text.SPI_DMA_TransmitReceive
                0x08004e38       0x88 ./FATFS/Target/user_diskio_spi.o
 .text.xmit_datablock
                0x08004ec0       0x4c ./FATFS/Target/user_diskio_spi.o
 .text.rcvr_datablock
                0x08004f0c       0x32 ./FATFS/Target/user_diskio_spi.o
 *fill*         0x08004f3e        0x2 
 .text.HAL_SPI_TxRxCpltCallback
                0x08004f40       0x10 ./FATFS/Target/user_diskio_spi.o
                0x08004f40                HAL_SPI_TxRxCpltCallback
 .text.USER_SPI_initialize
                0x08004f50      0x120 ./FATFS/Target/user_diskio_spi.o
                0x08004f50                USER_SPI_initialize
 .text.USER_SPI_status
                0x08005070        0xc ./FATFS/Target/user_diskio_spi.o
                0x08005070                USER_SPI_status
 .text.USER_SPI_read
                0x0800507c       0x84 ./FATFS/Target/user_diskio_spi.o
                0x0800507c                USER_SPI_read
 .text.USER_SPI_write
                0x08005100       0xa4 ./FATFS/Target/user_diskio_spi.o
                0x08005100                USER_SPI_write
 .text.USER_SPI_ioctl
                0x080051a4      0x1c8 ./FATFS/Target/user_diskio_spi.o
                0x080051a4                USER_SPI_ioctl
 .text.USBD_MSC_GetDeviceQualifierDescriptor
                0x0800536c        0xc ./Middlewares/ST/STM32_USB_Device_Library/Class/MSC/Src/usbd_msc.o
                0x0800536c                USBD_MSC_GetDeviceQualifierDescriptor
 .text.USBD_MSC_Init
                0x08005378       0x94 ./Middlewares/ST/STM32_USB_Device_Library/Class/MSC/Src/usbd_msc.o
                0x08005378                USBD_MSC_Init
 .text.USBD_MSC_Setup
                0x0800540c      0x104 ./Middlewares/ST/STM32_USB_Device_Library/Class/MSC/Src/usbd_msc.o
                0x0800540c                USBD_MSC_Setup
 .text.USBD_MSC_DataIn
                0x08005510        0xa ./Middlewares/ST/STM32_USB_Device_Library/Class/MSC/Src/usbd_msc.o
                0x08005510                USBD_MSC_DataIn
 .text.USBD_MSC_DataOut
                0x0800551a        0xa ./Middlewares/ST/STM32_USB_Device_Library/Class/MSC/Src/usbd_msc.o
                0x0800551a                USBD_MSC_DataOut
 .text.USBD_MSC_GetHSCfgDesc
                0x08005524       0x38 ./Middlewares/ST/STM32_USB_Device_Library/Class/MSC/Src/usbd_msc.o
                0x08005524                USBD_MSC_GetHSCfgDesc
 .text.USBD_MSC_GetFSCfgDesc
                0x0800555c       0x38 ./Middlewares/ST/STM32_USB_Device_Library/Class/MSC/Src/usbd_msc.o
                0x0800555c                USBD_MSC_GetFSCfgDesc
 .text.USBD_MSC_GetOtherSpeedCfgDesc
                0x08005594        0x4 ./Middlewares/ST/STM32_USB_Device_Library/Class/MSC/Src/usbd_msc.o
                0x08005594                USBD_MSC_GetOtherSpeedCfgDesc
 .text.USBD_MSC_DeInit
                0x08005598       0x70 ./Middlewares/ST/STM32_USB_Device_Library/Class/MSC/Src/usbd_msc.o
                0x08005598                USBD_MSC_DeInit
 .text.USBD_MSC_RegisterStorage
                0x08005608       0x16 ./Middlewares/ST/STM32_USB_Device_Library/Class/MSC/Src/usbd_msc.o
                0x08005608                USBD_MSC_RegisterStorage
 *fill*         0x0800561e        0x2 
 .text.MSC_BOT_Abort
                0x08005620       0x58 ./Middlewares/ST/STM32_USB_Device_Library/Class/MSC/Src/usbd_msc_bot.o
 .text.MSC_BOT_Init
                0x08005678       0x58 ./Middlewares/ST/STM32_USB_Device_Library/Class/MSC/Src/usbd_msc_bot.o
                0x08005678                MSC_BOT_Init
 .text.MSC_BOT_Reset
                0x080056d0       0x44 ./Middlewares/ST/STM32_USB_Device_Library/Class/MSC/Src/usbd_msc_bot.o
                0x080056d0                MSC_BOT_Reset
 .text.MSC_BOT_DeInit
                0x08005714       0x12 ./Middlewares/ST/STM32_USB_Device_Library/Class/MSC/Src/usbd_msc_bot.o
                0x08005714                MSC_BOT_DeInit
 *fill*         0x08005726        0x2 
 .text.MSC_BOT_SendCSW
                0x08005728       0x50 ./Middlewares/ST/STM32_USB_Device_Library/Class/MSC/Src/usbd_msc_bot.o
                0x08005728                MSC_BOT_SendCSW
 .text.MSC_BOT_DataIn
                0x08005778       0x3e ./Middlewares/ST/STM32_USB_Device_Library/Class/MSC/Src/usbd_msc_bot.o
                0x08005778                MSC_BOT_DataIn
 *fill*         0x080057b6        0x2 
 .text.MSC_BOT_DataOut
                0x080057b8       0xf4 ./Middlewares/ST/STM32_USB_Device_Library/Class/MSC/Src/usbd_msc_bot.o
                0x080057b8                MSC_BOT_DataOut
 .text.MSC_BOT_CplClrFeature
                0x080058ac       0x48 ./Middlewares/ST/STM32_USB_Device_Library/Class/MSC/Src/usbd_msc_bot.o
                0x080058ac                MSC_BOT_CplClrFeature
 .text.SCSI_SenseCode.constprop.0
                0x080058f4       0x38 ./Middlewares/ST/STM32_USB_Device_Library/Class/MSC/Src/usbd_msc_scsi.o
 .text.SCSI_ProcessWrite
                0x0800592c       0xac ./Middlewares/ST/STM32_USB_Device_Library/Class/MSC/Src/usbd_msc_scsi.o
 .text.SCSI_ProcessRead
                0x080059d8       0xa0 ./Middlewares/ST/STM32_USB_Device_Library/Class/MSC/Src/usbd_msc_scsi.o
 .text.SCSI_UpdateBotData.isra.0
                0x08005a78       0x16 ./Middlewares/ST/STM32_USB_Device_Library/Class/MSC/Src/usbd_msc_scsi.o
 .text.SCSI_CheckAddressRange.isra.0
                0x08005a8e       0x2a ./Middlewares/ST/STM32_USB_Device_Library/Class/MSC/Src/usbd_msc_scsi.o
 .text.SCSI_ProcessCmd
                0x08005ab8      0x4e8 ./Middlewares/ST/STM32_USB_Device_Library/Class/MSC/Src/usbd_msc_scsi.o
                0x08005ab8                SCSI_ProcessCmd
 .text.SCSI_SenseCode
                0x08005fa0       0x38 ./Middlewares/ST/STM32_USB_Device_Library/Class/MSC/Src/usbd_msc_scsi.o
                0x08005fa0                SCSI_SenseCode
 .text.USBD_Init
                0x08005fd8       0x26 ./Middlewares/ST/STM32_USB_Device_Library/Core/Src/usbd_core.o
                0x08005fd8                USBD_Init
 .text.USBD_RegisterClass
                0x08005ffe       0x32 ./Middlewares/ST/STM32_USB_Device_Library/Core/Src/usbd_core.o
                0x08005ffe                USBD_RegisterClass
 .text.USBD_Start
                0x08006030        0x4 ./Middlewares/ST/STM32_USB_Device_Library/Core/Src/usbd_core.o
                0x08006030                USBD_Start
 .text.USBD_SetClassConfig
                0x08006034        0xe ./Middlewares/ST/STM32_USB_Device_Library/Core/Src/usbd_core.o
                0x08006034                USBD_SetClassConfig
 .text.USBD_ClrClassConfig
                0x08006042       0x12 ./Middlewares/ST/STM32_USB_Device_Library/Core/Src/usbd_core.o
                0x08006042                USBD_ClrClassConfig
 .text.USBD_LL_SetupStage
                0x08006054       0x60 ./Middlewares/ST/STM32_USB_Device_Library/Core/Src/usbd_core.o
                0x08006054                USBD_LL_SetupStage
 .text.USBD_LL_DataOutStage
                0x080060b4       0x6a ./Middlewares/ST/STM32_USB_Device_Library/Core/Src/usbd_core.o
                0x080060b4                USBD_LL_DataOutStage
 .text.USBD_LL_DataInStage
                0x0800611e       0xa6 ./Middlewares/ST/STM32_USB_Device_Library/Core/Src/usbd_core.o
                0x0800611e                USBD_LL_DataInStage
 .text.USBD_LL_Reset
                0x080061c4       0x5e ./Middlewares/ST/STM32_USB_Device_Library/Core/Src/usbd_core.o
                0x080061c4                USBD_LL_Reset
 .text.USBD_LL_SetSpeed
                0x08006222        0x6 ./Middlewares/ST/STM32_USB_Device_Library/Core/Src/usbd_core.o
                0x08006222                USBD_LL_SetSpeed
 .text.USBD_LL_Suspend
                0x08006228       0x1c ./Middlewares/ST/STM32_USB_Device_Library/Core/Src/usbd_core.o
                0x08006228                USBD_LL_Suspend
 .text.USBD_LL_Resume
                0x08006244       0x16 ./Middlewares/ST/STM32_USB_Device_Library/Core/Src/usbd_core.o
                0x08006244                USBD_LL_Resume
 .text.USBD_LL_SOF
                0x0800625a       0x1a ./Middlewares/ST/STM32_USB_Device_Library/Core/Src/usbd_core.o
                0x0800625a                USBD_LL_SOF
 .text.USBD_LL_IsoINIncomplete
                0x08006274       0x26 ./Middlewares/ST/STM32_USB_Device_Library/Core/Src/usbd_core.o
                0x08006274                USBD_LL_IsoINIncomplete
 .text.USBD_LL_IsoOUTIncomplete
                0x0800629a       0x26 ./Middlewares/ST/STM32_USB_Device_Library/Core/Src/usbd_core.o
                0x0800629a                USBD_LL_IsoOUTIncomplete
 .text.USBD_LL_DevConnected
                0x080062c0        0x4 ./Middlewares/ST/STM32_USB_Device_Library/Core/Src/usbd_core.o
                0x080062c0                USBD_LL_DevConnected
 .text.USBD_LL_DevDisconnected
                0x080062c4       0x20 ./Middlewares/ST/STM32_USB_Device_Library/Core/Src/usbd_core.o
                0x080062c4                USBD_LL_DevDisconnected
 .text.USBD_CoreFindIF
                0x080062e4        0x4 ./Middlewares/ST/STM32_USB_Device_Library/Core/Src/usbd_core.o
                0x080062e4                USBD_CoreFindIF
 .text.USBD_CoreFindEP
                0x080062e8        0x4 ./Middlewares/ST/STM32_USB_Device_Library/Core/Src/usbd_core.o
                0x080062e8                USBD_CoreFindEP
 .text.USBD_GetEpDesc
                0x080062ec       0x24 ./Middlewares/ST/STM32_USB_Device_Library/Core/Src/usbd_core.o
                0x080062ec                USBD_GetEpDesc
 .text.USBD_CtlError.constprop.0
                0x08006310       0x16 ./Middlewares/ST/STM32_USB_Device_Library/Core/Src/usbd_ctlreq.o
 *fill*         0x08006326        0x2 
 .text.USBD_StdDevReq
                0x08006328      0x28c ./Middlewares/ST/STM32_USB_Device_Library/Core/Src/usbd_ctlreq.o
                0x08006328                USBD_StdDevReq
 .text.USBD_StdItfReq
                0x080065b4       0x5a ./Middlewares/ST/STM32_USB_Device_Library/Core/Src/usbd_ctlreq.o
                0x080065b4                USBD_StdItfReq
 .text.USBD_StdEPReq
                0x0800660e      0x13a ./Middlewares/ST/STM32_USB_Device_Library/Core/Src/usbd_ctlreq.o
                0x0800660e                USBD_StdEPReq
 .text.USBD_ParseSetupRequest
                0x08006748       0x16 ./Middlewares/ST/STM32_USB_Device_Library/Core/Src/usbd_ctlreq.o
                0x08006748                USBD_ParseSetupRequest
 .text.USBD_CtlError
                0x0800675e       0x16 ./Middlewares/ST/STM32_USB_Device_Library/Core/Src/usbd_ctlreq.o
                0x0800675e                USBD_CtlError
 .text.USBD_GetString
                0x08006774       0x38 ./Middlewares/ST/STM32_USB_Device_Library/Core/Src/usbd_ctlreq.o
                0x08006774                USBD_GetString
 .text.USBD_CtlSendData
                0x080067ac       0x1a ./Middlewares/ST/STM32_USB_Device_Library/Core/Src/usbd_ioreq.o
                0x080067ac                USBD_CtlSendData
 .text.USBD_CtlContinueSendData
                0x080067c6       0x10 ./Middlewares/ST/STM32_USB_Device_Library/Core/Src/usbd_ioreq.o
                0x080067c6                USBD_CtlContinueSendData
 .text.USBD_CtlContinueRx
                0x080067d6       0x10 ./Middlewares/ST/STM32_USB_Device_Library/Core/Src/usbd_ioreq.o
                0x080067d6                USBD_CtlContinueRx
 .text.USBD_CtlSendStatus
                0x080067e6       0x16 ./Middlewares/ST/STM32_USB_Device_Library/Core/Src/usbd_ioreq.o
                0x080067e6                USBD_CtlSendStatus
 .text.USBD_CtlReceiveStatus
                0x080067fc       0x16 ./Middlewares/ST/STM32_USB_Device_Library/Core/Src/usbd_ioreq.o
                0x080067fc                USBD_CtlReceiveStatus
 *fill*         0x08006812        0x2 
 .text.disk_status
                0x08006814       0x14 ./Middlewares/Third_Party/FatFs/src/diskio.o
                0x08006814                disk_status
 .text.disk_initialize
                0x08006828       0x28 ./Middlewares/Third_Party/FatFs/src/diskio.o
                0x08006828                disk_initialize
 .text.disk_read
                0x08006850       0x1c ./Middlewares/Third_Party/FatFs/src/diskio.o
                0x08006850                disk_read
 .text.disk_write
                0x0800686c       0x1c ./Middlewares/Third_Party/FatFs/src/diskio.o
                0x0800686c                disk_write
 .text.disk_ioctl
                0x08006888       0x1c ./Middlewares/Third_Party/FatFs/src/diskio.o
                0x08006888                disk_ioctl
 .text.ld_dword
                0x080068a4        0x4 ./Middlewares/Third_Party/FatFs/src/ff.o
 .text.st_dword
                0x080068a8       0x10 ./Middlewares/Third_Party/FatFs/src/ff.o
 .text.mem_set  0x080068b8        0xc ./Middlewares/Third_Party/FatFs/src/ff.o
 .text.chk_lock
                0x080068c4       0x5c ./Middlewares/Third_Party/FatFs/src/ff.o
 .text.inc_lock
                0x08006920       0x7c ./Middlewares/Third_Party/FatFs/src/ff.o
 .text.dec_lock
                0x0800699c       0x3c ./Middlewares/Third_Party/FatFs/src/ff.o
 .text.clear_lock
                0x080069d8       0x20 ./Middlewares/Third_Party/FatFs/src/ff.o
 .text.clust2sect
                0x080069f8       0x16 ./Middlewares/Third_Party/FatFs/src/ff.o
 .text.clmt_clust
                0x08006a0e       0x22 ./Middlewares/Third_Party/FatFs/src/ff.o
 .text.sum_sfn  0x08006a30       0x1e ./Middlewares/Third_Party/FatFs/src/ff.o
 .text.get_ldnumber
                0x08006a4e       0x30 ./Middlewares/Third_Party/FatFs/src/ff.o
 .text.validate
                0x08006a7e       0x34 ./Middlewares/Third_Party/FatFs/src/ff.o
 .text.sync_window
                0x08006ab2       0x4a ./Middlewares/Third_Party/FatFs/src/ff.o
 .text.mem_cpy.part.0
                0x08006afc       0x12 ./Middlewares/Third_Party/FatFs/src/ff.o
 .text.st_clust
                0x08006b0e       0x18 ./Middlewares/Third_Party/FatFs/src/ff.o
 .text.move_window
                0x08006b26       0x32 ./Middlewares/Third_Party/FatFs/src/ff.o
 .text.check_fs
                0x08006b58       0x78 ./Middlewares/Third_Party/FatFs/src/ff.o
 .text.find_volume
                0x08006bd0      0x258 ./Middlewares/Third_Party/FatFs/src/ff.o
 .text.put_fat  0x08006e28       0xf0 ./Middlewares/Third_Party/FatFs/src/ff.o
 .text.sync_fs  0x08006f18       0x96 ./Middlewares/Third_Party/FatFs/src/ff.o
 .text.ld_clust.isra.0
                0x08006fae       0x10 ./Middlewares/Third_Party/FatFs/src/ff.o
 .text.get_fat.isra.0
                0x08006fbe       0xac ./Middlewares/Third_Party/FatFs/src/ff.o
 .text.remove_chain
                0x0800706a       0x6e ./Middlewares/Third_Party/FatFs/src/ff.o
 .text.create_chain
                0x080070d8       0xb0 ./Middlewares/Third_Party/FatFs/src/ff.o
 .text.dir_next
                0x08007188       0xec ./Middlewares/Third_Party/FatFs/src/ff.o
 .text.dir_sdi  0x08007274       0x80 ./Middlewares/Third_Party/FatFs/src/ff.o
 .text.dir_find
                0x080072f4      0x15c ./Middlewares/Third_Party/FatFs/src/ff.o
 .text.dir_register
                0x08007450      0x28c ./Middlewares/Third_Party/FatFs/src/ff.o
 .text.follow_path
                0x080076dc      0x26c ./Middlewares/Third_Party/FatFs/src/ff.o
 .text.f_mount  0x08007948       0x50 ./Middlewares/Third_Party/FatFs/src/ff.o
                0x08007948                f_mount
 .text.f_open   0x08007998      0x200 ./Middlewares/Third_Party/FatFs/src/ff.o
                0x08007998                f_open
 .text.f_write  0x08007b98      0x196 ./Middlewares/Third_Party/FatFs/src/ff.o
                0x08007b98                f_write
 .text.f_sync   0x08007d2e       0x96 ./Middlewares/Third_Party/FatFs/src/ff.o
                0x08007d2e                f_sync
 .text.f_close  0x08007dc4       0x22 ./Middlewares/Third_Party/FatFs/src/ff.o
                0x08007dc4                f_close
 .text.f_lseek  0x08007de6      0x236 ./Middlewares/Third_Party/FatFs/src/ff.o
                0x08007de6                f_lseek
 .text.FATFS_LinkDriverEx
                0x0800801c       0x40 ./Middlewares/Third_Party/FatFs/src/ff_gen_drv.o
                0x0800801c                FATFS_LinkDriverEx
 .text.FATFS_LinkDriver
                0x0800805c        0x6 ./Middlewares/Third_Party/FatFs/src/ff_gen_drv.o
                0x0800805c                FATFS_LinkDriver
 *fill*         0x08008062        0x2 
 .text.ff_convert
                0x08008064       0x38 ./Middlewares/Third_Party/FatFs/src/option/ccsbcs.o
                0x08008064                ff_convert
 .text.ff_wtoupper
                0x0800809c       0x84 ./Middlewares/Third_Party/FatFs/src/option/ccsbcs.o
                0x0800809c                ff_wtoupper
 .text.MX_USB_DEVICE_Init
                0x08008120       0x50 ./USB_DEVICE/App/usb_device.o
                0x08008120                MX_USB_DEVICE_Init
 .text.USBD_FS_DeviceDescriptor
                0x08008170        0xc ./USB_DEVICE/App/usbd_desc.o
                0x08008170                USBD_FS_DeviceDescriptor
 .text.USBD_FS_LangIDStrDescriptor
                0x0800817c        0xc ./USB_DEVICE/App/usbd_desc.o
                0x0800817c                USBD_FS_LangIDStrDescriptor
 .text.IntToUnicode
                0x08008188       0x2a ./USB_DEVICE/App/usbd_desc.o
 *fill*         0x080081b2        0x2 
 .text.USBD_FS_SerialStrDescriptor
                0x080081b4       0x3c ./USB_DEVICE/App/usbd_desc.o
                0x080081b4                USBD_FS_SerialStrDescriptor
 .text.USBD_FS_ManufacturerStrDescriptor
                0x080081f0       0x1c ./USB_DEVICE/App/usbd_desc.o
                0x080081f0                USBD_FS_ManufacturerStrDescriptor
 .text.USBD_FS_ProductStrDescriptor
                0x0800820c       0x1c ./USB_DEVICE/App/usbd_desc.o
                0x0800820c                USBD_FS_ProductStrDescriptor
 .text.USBD_FS_ConfigStrDescriptor
                0x08008228       0x1c ./USB_DEVICE/App/usbd_desc.o
                0x08008228                USBD_FS_ConfigStrDescriptor
 .text.USBD_FS_InterfaceStrDescriptor
                0x08008244       0x1c ./USB_DEVICE/App/usbd_desc.o
                0x08008244                USBD_FS_InterfaceStrDescriptor
 .text.STORAGE_Init_FS
                0x08008260        0x4 ./USB_DEVICE/App/usbd_storage_if.o
 .text.STORAGE_GetCapacity_FS
                0x08008264       0x10 ./USB_DEVICE/App/usbd_storage_if.o
 .text.STORAGE_Read_FS
                0x08008274        0x4 ./USB_DEVICE/App/usbd_storage_if.o
 .text.STORAGE_GetMaxLun_FS
                0x08008278        0x4 ./USB_DEVICE/App/usbd_storage_if.o
 .text.STORAGE_Write_FS
                0x0800827c        0x4 ./USB_DEVICE/App/usbd_storage_if.o
 .text.STORAGE_IsReady_FS
                0x08008280        0x4 ./USB_DEVICE/App/usbd_storage_if.o
 .text.STORAGE_IsWriteProtected_FS
                0x08008284        0x4 ./USB_DEVICE/App/usbd_storage_if.o
 .text.HAL_PCD_MspInit
                0x08008288       0x84 ./USB_DEVICE/Target/usbd_conf.o
                0x08008288                HAL_PCD_MspInit
 .text.HAL_PCD_SetupStageCallback
                0x0800830c        0xc ./USB_DEVICE/Target/usbd_conf.o
                0x0800830c                HAL_PCD_SetupStageCallback
 .text.HAL_PCD_DataOutStageCallback
                0x08008318       0x12 ./USB_DEVICE/Target/usbd_conf.o
                0x08008318                HAL_PCD_DataOutStageCallback
 .text.HAL_PCD_DataInStageCallback
                0x0800832a       0x10 ./USB_DEVICE/Target/usbd_conf.o
                0x0800832a                HAL_PCD_DataInStageCallback
 .text.HAL_PCD_SOFCallback
                0x0800833a        0x8 ./USB_DEVICE/Target/usbd_conf.o
                0x0800833a                HAL_PCD_SOFCallback
 .text.HAL_PCD_ResetCallback
                0x08008342       0x24 ./USB_DEVICE/Target/usbd_conf.o
                0x08008342                HAL_PCD_ResetCallback
 *fill*         0x08008366        0x2 
 .text.HAL_PCD_SuspendCallback
                0x08008368       0x30 ./USB_DEVICE/Target/usbd_conf.o
                0x08008368                HAL_PCD_SuspendCallback
 .text.HAL_PCD_ResumeCallback
                0x08008398        0x8 ./USB_DEVICE/Target/usbd_conf.o
                0x08008398                HAL_PCD_ResumeCallback
 .text.HAL_PCD_ISOOUTIncompleteCallback
                0x080083a0        0x8 ./USB_DEVICE/Target/usbd_conf.o
                0x080083a0                HAL_PCD_ISOOUTIncompleteCallback
 .text.HAL_PCD_ISOINIncompleteCallback
                0x080083a8        0x8 ./USB_DEVICE/Target/usbd_conf.o
                0x080083a8                HAL_PCD_ISOINIncompleteCallback
 .text.HAL_PCD_ConnectCallback
                0x080083b0        0x8 ./USB_DEVICE/Target/usbd_conf.o
                0x080083b0                HAL_PCD_ConnectCallback
 .text.HAL_PCD_DisconnectCallback
                0x080083b8        0x8 ./USB_DEVICE/Target/usbd_conf.o
                0x080083b8                HAL_PCD_DisconnectCallback
 .text.USBD_LL_Init
                0x080083c0       0x5c ./USB_DEVICE/Target/usbd_conf.o
                0x080083c0                USBD_LL_Init
 .text.USBD_LL_IsStallEP
                0x0800841c       0x24 ./USB_DEVICE/Target/usbd_conf.o
                0x0800841c                USBD_LL_IsStallEP
 .text.USBD_LL_GetRxDataSize
                0x08008440        0x8 ./USB_DEVICE/Target/usbd_conf.o
                0x08008440                USBD_LL_GetRxDataSize
 .text.USBD_static_malloc
                0x08008448        0x8 ./USB_DEVICE/Target/usbd_conf.o
                0x08008448                USBD_static_malloc
 .text.USBD_static_free
                0x08008450        0x2 ./USB_DEVICE/Target/usbd_conf.o
                0x08008450                USBD_static_free
 .text.USBD_Get_USB_Status
                0x08008452        0xc ./USB_DEVICE/Target/usbd_conf.o
                0x08008452                USBD_Get_USB_Status
 .text.USBD_LL_Start
                0x0800845e       0x12 ./USB_DEVICE/Target/usbd_conf.o
                0x0800845e                USBD_LL_Start
 .text.USBD_LL_OpenEP
                0x08008470       0x18 ./USB_DEVICE/Target/usbd_conf.o
                0x08008470                USBD_LL_OpenEP
 .text.USBD_LL_CloseEP
                0x08008488       0x12 ./USB_DEVICE/Target/usbd_conf.o
                0x08008488                USBD_LL_CloseEP
 .text.USBD_LL_FlushEP
                0x0800849a       0x12 ./USB_DEVICE/Target/usbd_conf.o
                0x0800849a                USBD_LL_FlushEP
 .text.USBD_LL_StallEP
                0x080084ac       0x12 ./USB_DEVICE/Target/usbd_conf.o
                0x080084ac                USBD_LL_StallEP
 .text.USBD_LL_ClearStallEP
                0x080084be       0x12 ./USB_DEVICE/Target/usbd_conf.o
                0x080084be                USBD_LL_ClearStallEP
 .text.USBD_LL_SetUSBAddress
                0x080084d0       0x12 ./USB_DEVICE/Target/usbd_conf.o
                0x080084d0                USBD_LL_SetUSBAddress
 .text.USBD_LL_Transmit
                0x080084e2       0x12 ./USB_DEVICE/Target/usbd_conf.o
                0x080084e2                USBD_LL_Transmit
 .text.USBD_LL_PrepareReceive
                0x080084f4       0x12 ./USB_DEVICE/Target/usbd_conf.o
                0x080084f4                USBD_LL_PrepareReceive
 *fill*         0x08008506        0x2 
 .text.sprintf  0x08008508       0x40 C:/ST/STM32CubeIDE_1.16.0/STM32CubeIDE/plugins/com.st.stm32cube.ide.mcu.externaltools.gnu-tools-for-stm32.12.3.rel1.win32_1.0.200.202406191623/tools/bin/../lib/gcc/arm-none-eabi/12.3.1/../../../../arm-none-eabi/lib/thumb/v7e-m+fp/hard\libc_nano.a(libc_a-sprintf.o)
                0x08008508                siprintf
                0x08008508                sprintf
 .text.memset   0x08008548       0x10 C:/ST/STM32CubeIDE_1.16.0/STM32CubeIDE/plugins/com.st.stm32cube.ide.mcu.externaltools.gnu-tools-for-stm32.12.3.rel1.win32_1.0.200.202406191623/tools/bin/../lib/gcc/arm-none-eabi/12.3.1/../../../../arm-none-eabi/lib/thumb/v7e-m+fp/hard\libc_nano.a(libc_a-memset.o)
                0x08008548                memset
 .text.__errno  0x08008558        0xc C:/ST/STM32CubeIDE_1.16.0/STM32CubeIDE/plugins/com.st.stm32cube.ide.mcu.externaltools.gnu-tools-for-stm32.12.3.rel1.win32_1.0.200.202406191623/tools/bin/../lib/gcc/arm-none-eabi/12.3.1/../../../../arm-none-eabi/lib/thumb/v7e-m+fp/hard\libc_nano.a(libc_a-errno.o)
                0x08008558                __errno
 .text.__libc_init_array
                0x08008564       0x48 C:/ST/STM32CubeIDE_1.16.0/STM32CubeIDE/plugins/com.st.stm32cube.ide.mcu.externaltools.gnu-tools-for-stm32.12.3.rel1.win32_1.0.200.202406191623/tools/bin/../lib/gcc/arm-none-eabi/12.3.1/../../../../arm-none-eabi/lib/thumb/v7e-m+fp/hard\libc_nano.a(libc_a-init.o)
                0x08008564                __libc_init_array
 .text.__retarget_lock_acquire_recursive
                0x080085ac        0x2 C:/ST/STM32CubeIDE_1.16.0/STM32CubeIDE/plugins/com.st.stm32cube.ide.mcu.externaltools.gnu-tools-for-stm32.12.3.rel1.win32_1.0.200.202406191623/tools/bin/../lib/gcc/arm-none-eabi/12.3.1/../../../../arm-none-eabi/lib/thumb/v7e-m+fp/hard\libc_nano.a(libc_a-lock.o)
                0x080085ac                __retarget_lock_acquire_recursive
 .text.__retarget_lock_release_recursive
                0x080085ae        0x2 C:/ST/STM32CubeIDE_1.16.0/STM32CubeIDE/plugins/com.st.stm32cube.ide.mcu.externaltools.gnu-tools-for-stm32.12.3.rel1.win32_1.0.200.202406191623/tools/bin/../lib/gcc/arm-none-eabi/12.3.1/../../../../arm-none-eabi/lib/thumb/v7e-m+fp/hard\libc_nano.a(libc_a-lock.o)
                0x080085ae                __retarget_lock_release_recursive
 .text._free_r  0x080085b0       0x94 C:/ST/STM32CubeIDE_1.16.0/STM32CubeIDE/plugins/com.st.stm32cube.ide.mcu.externaltools.gnu-tools-for-stm32.12.3.rel1.win32_1.0.200.202406191623/tools/bin/../lib/gcc/arm-none-eabi/12.3.1/../../../../arm-none-eabi/lib/thumb/v7e-m+fp/hard\libc_nano.a(libc_a-freer.o)
                0x080085b0                _free_r
 .text.sbrk_aligned
                0x08008644       0x44 C:/ST/STM32CubeIDE_1.16.0/STM32CubeIDE/plugins/com.st.stm32cube.ide.mcu.externaltools.gnu-tools-for-stm32.12.3.rel1.win32_1.0.200.202406191623/tools/bin/../lib/gcc/arm-none-eabi/12.3.1/../../../../arm-none-eabi/lib/thumb/v7e-m+fp/hard\libc_nano.a(libc_a-mallocr.o)
 .text._malloc_r
                0x08008688      0x100 C:/ST/STM32CubeIDE_1.16.0/STM32CubeIDE/plugins/com.st.stm32cube.ide.mcu.externaltools.gnu-tools-for-stm32.12.3.rel1.win32_1.0.200.202406191623/tools/bin/../lib/gcc/arm-none-eabi/12.3.1/../../../../arm-none-eabi/lib/thumb/v7e-m+fp/hard\libc_nano.a(libc_a-mallocr.o)
                0x08008688                _malloc_r
 .text.__malloc_lock
                0x08008788        0xc C:/ST/STM32CubeIDE_1.16.0/STM32CubeIDE/plugins/com.st.stm32cube.ide.mcu.externaltools.gnu-tools-for-stm32.12.3.rel1.win32_1.0.200.202406191623/tools/bin/../lib/gcc/arm-none-eabi/12.3.1/../../../../arm-none-eabi/lib/thumb/v7e-m+fp/hard\libc_nano.a(libc_a-mlock.o)
                0x08008788                __malloc_lock
 .text.__malloc_unlock
                0x08008794        0xc C:/ST/STM32CubeIDE_1.16.0/STM32CubeIDE/plugins/com.st.stm32cube.ide.mcu.externaltools.gnu-tools-for-stm32.12.3.rel1.win32_1.0.200.202406191623/tools/bin/../lib/gcc/arm-none-eabi/12.3.1/../../../../arm-none-eabi/lib/thumb/v7e-m+fp/hard\libc_nano.a(libc_a-mlock.o)
                0x08008794                __malloc_unlock
 .text.__ssputs_r
                0x080087a0       0xb6 C:/ST/STM32CubeIDE_1.16.0/STM32CubeIDE/plugins/com.st.stm32cube.ide.mcu.externaltools.gnu-tools-for-stm32.12.3.rel1.win32_1.0.200.202406191623/tools/bin/../lib/gcc/arm-none-eabi/12.3.1/../../../../arm-none-eabi/lib/thumb/v7e-m+fp/hard\libc_nano.a(libc_a-nano-svfprintf.o)
                0x080087a0                __ssputs_r
 *fill*         0x08008856        0x2 
 .text._svfprintf_r
                0x08008858      0x1f8 C:/ST/STM32CubeIDE_1.16.0/STM32CubeIDE/plugins/com.st.stm32cube.ide.mcu.externaltools.gnu-tools-for-stm32.12.3.rel1.win32_1.0.200.202406191623/tools/bin/../lib/gcc/arm-none-eabi/12.3.1/../../../../arm-none-eabi/lib/thumb/v7e-m+fp/hard\libc_nano.a(libc_a-nano-svfprintf.o)
                0x08008858                _svfiprintf_r
                0x08008858                _svfprintf_r
 .text._printf_common
                0x08008a50       0xda C:/ST/STM32CubeIDE_1.16.0/STM32CubeIDE/plugins/com.st.stm32cube.ide.mcu.externaltools.gnu-tools-for-stm32.12.3.rel1.win32_1.0.200.202406191623/tools/bin/../lib/gcc/arm-none-eabi/12.3.1/../../../../arm-none-eabi/lib/thumb/v7e-m+fp/hard\libc_nano.a(libc_a-nano-vfprintf_i.o)
                0x08008a50                _printf_common
 *fill*         0x08008b2a        0x2 
 .text._printf_i
                0x08008b2c      0x240 C:/ST/STM32CubeIDE_1.16.0/STM32CubeIDE/plugins/com.st.stm32cube.ide.mcu.externaltools.gnu-tools-for-stm32.12.3.rel1.win32_1.0.200.202406191623/tools/bin/../lib/gcc/arm-none-eabi/12.3.1/../../../../arm-none-eabi/lib/thumb/v7e-m+fp/hard\libc_nano.a(libc_a-nano-vfprintf_i.o)
                0x08008b2c                _printf_i
 .text.memmove  0x08008d6c       0x34 C:/ST/STM32CubeIDE_1.16.0/STM32CubeIDE/plugins/com.st.stm32cube.ide.mcu.externaltools.gnu-tools-for-stm32.12.3.rel1.win32_1.0.200.202406191623/tools/bin/../lib/gcc/arm-none-eabi/12.3.1/../../../../arm-none-eabi/lib/thumb/v7e-m+fp/hard\libc_nano.a(libc_a-memmove.o)
                0x08008d6c                memmove
 .text._sbrk_r  0x08008da0       0x20 C:/ST/STM32CubeIDE_1.16.0/STM32CubeIDE/plugins/com.st.stm32cube.ide.mcu.externaltools.gnu-tools-for-stm32.12.3.rel1.win32_1.0.200.202406191623/tools/bin/../lib/gcc/arm-none-eabi/12.3.1/../../../../arm-none-eabi/lib/thumb/v7e-m+fp/hard\libc_nano.a(libc_a-sbrkr.o)
                0x08008da0                _sbrk_r
 .text.memcpy   0x08008dc0       0x1c C:/ST/STM32CubeIDE_1.16.0/STM32CubeIDE/plugins/com.st.stm32cube.ide.mcu.externaltools.gnu-tools-for-stm32.12.3.rel1.win32_1.0.200.202406191623/tools/bin/../lib/gcc/arm-none-eabi/12.3.1/../../../../arm-none-eabi/lib/thumb/v7e-m+fp/hard\libc_nano.a(libc_a-memcpy-stub.o)
                0x08008dc0                memcpy
 .text._realloc_r
                0x08008ddc       0x5c C:/ST/STM32CubeIDE_1.16.0/STM32CubeIDE/plugins/com.st.stm32cube.ide.mcu.externaltools.gnu-tools-for-stm32.12.3.rel1.win32_1.0.200.202406191623/tools/bin/../lib/gcc/arm-none-eabi/12.3.1/../../../../arm-none-eabi/lib/thumb/v7e-m+fp/hard\libc_nano.a(libc_a-reallocr.o)
                0x08008ddc                _realloc_r
 .text._malloc_usable_size_r
                0x08008e38       0x10 C:/ST/STM32CubeIDE_1.16.0/STM32CubeIDE/plugins/com.st.stm32cube.ide.mcu.externaltools.gnu-tools-for-stm32.12.3.rel1.win32_1.0.200.202406191623/tools/bin/../lib/gcc/arm-none-eabi/12.3.1/../../../../arm-none-eabi/lib/thumb/v7e-m+fp/hard\libc_nano.a(libc_a-msizer.o)
                0x08008e38                _malloc_usable_size_r
 *(.glue_7)
 .glue_7        0x08008e48        0x0 linker stubs
 *(.glue_7t)
 .glue_7t       0x08008e48        0x0 linker stubs
 *(.eh_frame)
 .eh_frame      0x08008e48        0x0 C:/ST/STM32CubeIDE_1.16.0/STM32CubeIDE/plugins/com.st.stm32cube.ide.mcu.externaltools.gnu-tools-for-stm32.12.3.rel1.win32_1.0.200.202406191623/tools/bin/../lib/gcc/arm-none-eabi/12.3.1/thumb/v7e-m+fp/hard/crtbegin.o
 *(.init)
 .init          0x08008e48        0x4 C:/ST/STM32CubeIDE_1.16.0/STM32CubeIDE/plugins/com.st.stm32cube.ide.mcu.externaltools.gnu-tools-for-stm32.12.3.rel1.win32_1.0.200.202406191623/tools/bin/../lib/gcc/arm-none-eabi/12.3.1/thumb/v7e-m+fp/hard/crti.o
                0x08008e48                _init
 .init          0x08008e4c        0x8 C:/ST/STM32CubeIDE_1.16.0/STM32CubeIDE/plugins/com.st.stm32cube.ide.mcu.externaltools.gnu-tools-for-stm32.12.3.rel1.win32_1.0.200.202406191623/tools/bin/../lib/gcc/arm-none-eabi/12.3.1/thumb/v7e-m+fp/hard/crtn.o
 *(.fini)
 .fini          0x08008e54        0x4 C:/ST/STM32CubeIDE_1.16.0/STM32CubeIDE/plugins/com.st.stm32cube.ide.mcu.externaltools.gnu-tools-for-stm32.12.3.rel1.win32_1.0.200.202406191623/tools/bin/../lib/gcc/arm-none-eabi/12.3.1/thumb/v7e-m+fp/hard/crti.o
                0x08008e54                _fini
 .fini          0x08008e58        0x8 C:/ST/STM32CubeIDE_1.16.0/STM32CubeIDE/plugins/com.st.stm32cube.ide.mcu.externaltools.gnu-tools-for-stm32.12.3.rel1.win32_1.0.200.202406191623/tools/bin/../lib/gcc/arm-none-eabi/12.3.1/thumb/v7e-m+fp/hard/crtn.o
                0x08008e60                        . = ALIGN (0x4)
                0x08008e60                        _etext = .

.vfp11_veneer   0x08008e60        0x0
 .vfp11_veneer  0x08008e60        0x0 linker stubs

.v4_bx          0x08008e60        0x0
 .v4_bx         0x08008e60        0x0 linker stubs

.iplt           0x08008e60        0x0
 .iplt          0x08008e60        0x0 C:/ST/STM32CubeIDE_1.16.0/STM32CubeIDE/plugins/com.st.stm32cube.ide.mcu.externaltools.gnu-tools-for-stm32.12.3.rel1.win32_1.0.200.202406191623/tools/bin/../lib/gcc/arm-none-eabi/12.3.1/thumb/v7e-m+fp/hard/crtbegin.o

.rodata         0x08008e60     0x129c
                0x08008e60                        . = ALIGN (0x4)
 *(.rodata)
 *(.rodata*)
 .rodata.Font11x18
                0x08008e60      0xd5c ./Core/Src/fonts.o
                0x08008e60                Font11x18
 .rodata.get_time_date.str1.1
                0x08009bbc       0x1d ./Core/Src/main.o
 .rodata.main.str1.1
                0x08009bd9       0x1f ./Core/Src/main.o
 .rodata.APBPrescTable
                0x08009bf8        0x8 ./Core/Src/system_stm32f4xx.o
                0x08009bf8                APBPrescTable
 .rodata.AHBPrescTable
                0x08009c00       0x10 ./Core/Src/system_stm32f4xx.o
                0x08009c00                AHBPrescTable
 .rodata.flagBitshiftOffset.0
                0x08009c10        0x8 ./Drivers/STM32F4xx_HAL_Driver/Src/stm32f4xx_hal_dma.o
 .rodata.follow_path.str1.1
                0x08009c18       0x10 ./Middlewares/Third_Party/FatFs/src/ff.o
 .rodata.LfnOfs
                0x08009c28        0xd ./Middlewares/Third_Party/FatFs/src/ff.o
 .rodata.ExCvt  0x08009c35       0x80 ./Middlewares/Third_Party/FatFs/src/ff.o
 *fill*         0x08009cb5        0x1 
 .rodata.cvt2.0
                0x08009cb6       0xbc ./Middlewares/Third_Party/FatFs/src/option/ccsbcs.o
 .rodata.cvt1.1
                0x08009d72      0x1f2 ./Middlewares/Third_Party/FatFs/src/option/ccsbcs.o
 .rodata.Tbl    0x08009f64      0x100 ./Middlewares/Third_Party/FatFs/src/option/ccsbcs.o
 .rodata.USBD_FS_ManufacturerStrDescriptor.str1.1
                0x0800a064       0x13 ./USB_DEVICE/App/usbd_desc.o
 .rodata.USBD_FS_ProductStrDescriptor.str1.1
                0x0800a077       0x13 ./USB_DEVICE/App/usbd_desc.o
 .rodata.USBD_FS_ConfigStrDescriptor.str1.1
                0x0800a08a        0xb ./USB_DEVICE/App/usbd_desc.o
 .rodata.USBD_FS_InterfaceStrDescriptor.str1.1
                0x0800a095        0xe ./USB_DEVICE/App/usbd_desc.o
 .rodata.STORAGE_Inquirydata_FS
                0x0800a0a3       0x24 ./USB_DEVICE/App/usbd_storage_if.o
                0x0800a0a3                STORAGE_Inquirydata_FS
 .rodata._svfprintf_r.str1.1
                0x0800a0c7       0x11 C:/ST/STM32CubeIDE_1.16.0/STM32CubeIDE/plugins/com.st.stm32cube.ide.mcu.externaltools.gnu-tools-for-stm32.12.3.rel1.win32_1.0.200.202406191623/tools/bin/../lib/gcc/arm-none-eabi/12.3.1/../../../../arm-none-eabi/lib/thumb/v7e-m+fp/hard\libc_nano.a(libc_a-nano-svfprintf.o)
 .rodata._printf_i.str1.1
                0x0800a0d8       0x22 C:/ST/STM32CubeIDE_1.16.0/STM32CubeIDE/plugins/com.st.stm32cube.ide.mcu.externaltools.gnu-tools-for-stm32.12.3.rel1.win32_1.0.200.202406191623/tools/bin/../lib/gcc/arm-none-eabi/12.3.1/../../../../arm-none-eabi/lib/thumb/v7e-m+fp/hard\libc_nano.a(libc_a-nano-vfprintf_i.o)
                0x0800a0fc                        . = ALIGN (0x4)
 *fill*         0x0800a0fa        0x2 

.ARM.extab      0x0800a0fc        0x0
                0x0800a0fc                        . = ALIGN (0x4)
 *(.ARM.extab* .gnu.linkonce.armextab.*)
                0x0800a0fc                        . = ALIGN (0x4)

.ARM            0x0800a0fc        0x8
                0x0800a0fc                        . = ALIGN (0x4)
                0x0800a0fc                        __exidx_start = .
 *(.ARM.exidx*)
 .ARM.exidx     0x0800a0fc        0x8 C:/ST/STM32CubeIDE_1.16.0/STM32CubeIDE/plugins/com.st.stm32cube.ide.mcu.externaltools.gnu-tools-for-stm32.12.3.rel1.win32_1.0.200.202406191623/tools/bin/../lib/gcc/arm-none-eabi/12.3.1/../../../../arm-none-eabi/lib/thumb/v7e-m+fp/hard\libc_nano.a(libc_a-strlen.o)
 .ARM.exidx     0x0800a104        0x0 C:/ST/STM32CubeIDE_1.16.0/STM32CubeIDE/plugins/com.st.stm32cube.ide.mcu.externaltools.gnu-tools-for-stm32.12.3.rel1.win32_1.0.200.202406191623/tools/bin/../lib/gcc/arm-none-eabi/12.3.1/../../../../arm-none-eabi/lib/thumb/v7e-m+fp/hard\libc_nano.a(libc_a-memchr.o)
                                  0x8 (size before relaxing)
 .ARM.exidx     0x0800a104        0x0 C:/ST/STM32CubeIDE_1.16.0/STM32CubeIDE/plugins/com.st.stm32cube.ide.mcu.externaltools.gnu-tools-for-stm32.12.3.rel1.win32_1.0.200.202406191623/tools/bin/../lib/gcc/arm-none-eabi/12.3.1/thumb/v7e-m+fp/hard\libgcc.a(_udivmoddi4.o)
                                  0x8 (size before relaxing)
                0x0800a104                        __exidx_end = .
                0x0800a104                        . = ALIGN (0x4)

.preinit_array  0x0800a104        0x0
                0x0800a104                        . = ALIGN (0x4)
                0x0800a104                        PROVIDE (__preinit_array_start = .)
 *(.preinit_array*)
                0x0800a104                        PROVIDE (__preinit_array_end = .)
                0x0800a104                        . = ALIGN (0x4)

.init_array     0x0800a104        0x4
                0x0800a104                        . = ALIGN (0x4)
                0x0800a104                        PROVIDE (__init_array_start = .)
 *(SORT_BY_NAME(.init_array.*))
 *(.init_array*)
 .init_array    0x0800a104        0x4 C:/ST/STM32CubeIDE_1.16.0/STM32CubeIDE/plugins/com.st.stm32cube.ide.mcu.externaltools.gnu-tools-for-stm32.12.3.rel1.win32_1.0.200.202406191623/tools/bin/../lib/gcc/arm-none-eabi/12.3.1/thumb/v7e-m+fp/hard/crtbegin.o
                0x0800a108                        PROVIDE (__init_array_end = .)
                0x0800a108                        . = ALIGN (0x4)

.fini_array     0x0800a108        0x4
                0x0800a108                        . = ALIGN (0x4)
                [!provide]                        PROVIDE (__fini_array_start = .)
 *(SORT_BY_NAME(.fini_array.*))
 *(.fini_array*)
 .fini_array    0x0800a108        0x4 C:/ST/STM32CubeIDE_1.16.0/STM32CubeIDE/plugins/com.st.stm32cube.ide.mcu.externaltools.gnu-tools-for-stm32.12.3.rel1.win32_1.0.200.202406191623/tools/bin/../lib/gcc/arm-none-eabi/12.3.1/thumb/v7e-m+fp/hard/crtbegin.o
                [!provide]                        PROVIDE (__fini_array_end = .)
                0x0800a10c                        . = ALIGN (0x4)
                0x0800a10c                        _sidata = LOADADDR (.data)

.rel.dyn        0x0800a10c        0x0
 .rel.iplt      0x0800a10c        0x0 C:/ST/STM32CubeIDE_1.16.0/STM32CubeIDE/plugins/com.st.stm32cube.ide.mcu.externaltools.gnu-tools-for-stm32.12.3.rel1.win32_1.0.200.202406191623/tools/bin/../lib/gcc/arm-none-eabi/12.3.1/thumb/v7e-m+fp/hard/crtbegin.o

.data           0x20000000      0x16c load address 0x0800a10c
                0x20000000                        . = ALIGN (0x4)
                0x20000000                        _sdata = .
 *(.data)
 *(.data*)
 .data.Font_11x18
                0x20000000        0x8 ./Core/Src/fonts.o
                0x20000000                Font_11x18
 .data.SystemCoreClock
                0x20000008        0x4 ./Core/Src/system_stm32f4xx.o
                0x20000008                SystemCoreClock
 .data.uwTickFreq
                0x2000000c        0x1 ./Drivers/STM32F4xx_HAL_Driver/Src/stm32f4xx_hal.o
                0x2000000c                uwTickFreq
 *fill*         0x2000000d        0x3 
 .data.uwTickPrio
                0x20000010        0x4 ./Drivers/STM32F4xx_HAL_Driver/Src/stm32f4xx_hal.o
                0x20000010                uwTickPrio
 .data.USER_Driver
                0x20000014       0x14 ./FATFS/Target/user_diskio.o
                0x20000014                USER_Driver
 .data.Stat     0x20000028        0x1 ./FATFS/Target/user_diskio_spi.o
 .data.MSCOutEpAdd
                0x20000029        0x1 ./Middlewares/ST/STM32_USB_Device_Library/Class/MSC/Src/usbd_msc.o
                0x20000029                MSCOutEpAdd
 .data.MSCInEpAdd
                0x2000002a        0x1 ./Middlewares/ST/STM32_USB_Device_Library/Class/MSC/Src/usbd_msc.o
                0x2000002a                MSCInEpAdd
 *fill*         0x2000002b        0x1 
 .data.USBD_MSC_DeviceQualifierDesc
                0x2000002c        0xa ./Middlewares/ST/STM32_USB_Device_Library/Class/MSC/Src/usbd_msc.o
 *fill*         0x20000036        0x2 
 .data.USBD_MSC_CfgDesc
                0x20000038       0x20 ./Middlewares/ST/STM32_USB_Device_Library/Class/MSC/Src/usbd_msc.o
 .data.USBD_MSC
                0x20000058       0x38 ./Middlewares/ST/STM32_USB_Device_Library/Class/MSC/Src/usbd_msc.o
                0x20000058                USBD_MSC
 .data.MSC_Mode_Sense10_data
                0x20000090        0x8 ./Middlewares/ST/STM32_USB_Device_Library/Class/MSC/Src/usbd_msc_data.o
                0x20000090                MSC_Mode_Sense10_data
 .data.MSC_Mode_Sense6_data
                0x20000098        0x4 ./Middlewares/ST/STM32_USB_Device_Library/Class/MSC/Src/usbd_msc_data.o
                0x20000098                MSC_Mode_Sense6_data
 .data.MSC_Page80_Inquiry_Data
                0x2000009c        0x8 ./Middlewares/ST/STM32_USB_Device_Library/Class/MSC/Src/usbd_msc_data.o
                0x2000009c                MSC_Page80_Inquiry_Data
 .data.MSC_Page00_Inquiry_Data
                0x200000a4        0x6 ./Middlewares/ST/STM32_USB_Device_Library/Class/MSC/Src/usbd_msc_data.o
                0x200000a4                MSC_Page00_Inquiry_Data
 *fill*         0x200000aa        0x2 
 .data.USBD_StringSerial
                0x200000ac       0x1a ./USB_DEVICE/App/usbd_desc.o
                0x200000ac                USBD_StringSerial
 *fill*         0x200000c6        0x2 
 .data.USBD_LangIDDesc
                0x200000c8        0x4 ./USB_DEVICE/App/usbd_desc.o
                0x200000c8                USBD_LangIDDesc
 .data.USBD_FS_DeviceDesc
                0x200000cc       0x12 ./USB_DEVICE/App/usbd_desc.o
                0x200000cc                USBD_FS_DeviceDesc
 *fill*         0x200000de        0x2 
 .data.FS_Desc  0x200000e0       0x1c ./USB_DEVICE/App/usbd_desc.o
                0x200000e0                FS_Desc
 .data.USBD_Storage_Interface_fops_FS
                0x200000fc       0x20 ./USB_DEVICE/App/usbd_storage_if.o
                0x200000fc                USBD_Storage_Interface_fops_FS
 .data._impure_ptr
                0x2000011c        0x4 C:/ST/STM32CubeIDE_1.16.0/STM32CubeIDE/plugins/com.st.stm32cube.ide.mcu.externaltools.gnu-tools-for-stm32.12.3.rel1.win32_1.0.200.202406191623/tools/bin/../lib/gcc/arm-none-eabi/12.3.1/../../../../arm-none-eabi/lib/thumb/v7e-m+fp/hard\libc_nano.a(libc_a-impure.o)
                0x2000011c                _impure_ptr
 .data._impure_data
                0x20000120       0x4c C:/ST/STM32CubeIDE_1.16.0/STM32CubeIDE/plugins/com.st.stm32cube.ide.mcu.externaltools.gnu-tools-for-stm32.12.3.rel1.win32_1.0.200.202406191623/tools/bin/../lib/gcc/arm-none-eabi/12.3.1/../../../../arm-none-eabi/lib/thumb/v7e-m+fp/hard\libc_nano.a(libc_a-impure.o)
                0x20000120                _impure_data
 *(.RamFunc)
 *(.RamFunc*)
                0x2000016c                        . = ALIGN (0x4)
                0x2000016c                        _edata = .

.igot.plt       0x2000016c        0x0 load address 0x0800a278
 .igot.plt      0x2000016c        0x0 C:/ST/STM32CubeIDE_1.16.0/STM32CubeIDE/plugins/com.st.stm32cube.ide.mcu.externaltools.gnu-tools-for-stm32.12.3.rel1.win32_1.0.200.202406191623/tools/bin/../lib/gcc/arm-none-eabi/12.3.1/thumb/v7e-m+fp/hard/crtbegin.o
                0x2000016c                        . = ALIGN (0x4)

.bss            0x2000016c     0x1888 load address 0x0800a278
                0x2000016c                        _sbss = .
                0x2000016c                        __bss_start__ = _sbss
 *(.bss)
 .bss           0x2000016c       0x1c C:/ST/STM32CubeIDE_1.16.0/STM32CubeIDE/plugins/com.st.stm32cube.ide.mcu.externaltools.gnu-tools-for-stm32.12.3.rel1.win32_1.0.200.202406191623/tools/bin/../lib/gcc/arm-none-eabi/12.3.1/thumb/v7e-m+fp/hard/crtbegin.o
 *(.bss*)
 .bss.dateData  0x20000188        0xf ./Core/Src/main.o
                0x20000188                dateData
 .bss.timeData  0x20000197        0xf ./Core/Src/main.o
                0x20000197                timeData
 *fill*         0x200001a6        0x2 
 .bss.huart1    0x200001a8       0x48 ./Core/Src/main.o
                0x200001a8                huart1
 .bss.hdma_spi2_tx
                0x200001f0       0x60 ./Core/Src/main.o
                0x200001f0                hdma_spi2_tx
 .bss.hdma_spi2_rx
                0x20000250       0x60 ./Core/Src/main.o
                0x20000250                hdma_spi2_rx
 .bss.hspi2     0x200002b0       0x58 ./Core/Src/main.o
                0x200002b0                hspi2
 .bss.hrtc      0x20000308       0x20 ./Core/Src/main.o
                0x20000308                hrtc
 .bss.hi2c1     0x20000328       0x54 ./Core/Src/main.o
                0x20000328                hi2c1
 .bss.hadc1     0x2000037c       0x48 ./Core/Src/main.o
                0x2000037c                hadc1
 .bss.SSD1306   0x200003c4        0x6 ./Core/Src/ssd1306.o
 .bss.SSD1306_Buffer
                0x200003ca      0x400 ./Core/Src/ssd1306.o
 *fill*         0x200007ca        0x2 
 .bss.__sbrk_heap_end
                0x200007cc        0x4 ./Core/Src/sysmem.o
 .bss.uwTick    0x200007d0        0x4 ./Drivers/STM32F4xx_HAL_Driver/Src/stm32f4xx_hal.o
                0x200007d0                uwTick
 .bss.USERFatFS
                0x200007d4      0x234 ./FATFS/App/fatfs.o
                0x200007d4                USERFatFS
 .bss.USERPath  0x20000a08        0x4 ./FATFS/App/fatfs.o
                0x20000a08                USERPath
 .bss.retUSER   0x20000a0c        0x1 ./FATFS/App/fatfs.o
                0x20000a0c                retUSER
 .bss.CardType  0x20000a0d        0x1 ./FATFS/Target/user_diskio_spi.o
 .bss.cfgidx.0  0x20000a0e        0x1 ./Middlewares/ST/STM32_USB_Device_Library/Core/Src/usbd_ctlreq.o
 *fill*         0x20000a0f        0x1 
 .bss.LfnBuf    0x20000a10      0x200 ./Middlewares/Third_Party/FatFs/src/ff.o
 .bss.Files     0x20000c10       0x50 ./Middlewares/Third_Party/FatFs/src/ff.o
 .bss.Fsid      0x20000c60        0x2 ./Middlewares/Third_Party/FatFs/src/ff.o
 *fill*         0x20000c62        0x2 
 .bss.FatFs     0x20000c64        0x4 ./Middlewares/Third_Party/FatFs/src/ff.o
 .bss.disk      0x20000c68        0xc ./Middlewares/Third_Party/FatFs/src/ff_gen_drv.o
                0x20000c68                disk
 .bss.hUsbDeviceFS
                0x20000c74      0x2dc ./USB_DEVICE/App/usb_device.o
                0x20000c74                hUsbDeviceFS
 .bss.USBD_StrDesc
                0x20000f50      0x200 ./USB_DEVICE/App/usbd_desc.o
                0x20000f50                USBD_StrDesc
 .bss.mem.0     0x20001150      0x278 ./USB_DEVICE/Target/usbd_conf.o
 .bss.hpcd_USB_OTG_FS
                0x200013c8      0x4e4 ./USB_DEVICE/Target/usbd_conf.o
                0x200013c8                hpcd_USB_OTG_FS
 .bss.__sf      0x200018ac      0x138 C:/ST/STM32CubeIDE_1.16.0/STM32CubeIDE/plugins/com.st.stm32cube.ide.mcu.externaltools.gnu-tools-for-stm32.12.3.rel1.win32_1.0.200.202406191623/tools/bin/../lib/gcc/arm-none-eabi/12.3.1/../../../../arm-none-eabi/lib/thumb/v7e-m+fp/hard\libc_nano.a(libc_a-findfp.o)
                0x200018ac                __sf
 .bss.errno     0x200019e4        0x4 C:/ST/STM32CubeIDE_1.16.0/STM32CubeIDE/plugins/com.st.stm32cube.ide.mcu.externaltools.gnu-tools-for-stm32.12.3.rel1.win32_1.0.200.202406191623/tools/bin/../lib/gcc/arm-none-eabi/12.3.1/../../../../arm-none-eabi/lib/thumb/v7e-m+fp/hard\libc_nano.a(libc_a-reent.o)
                0x200019e4                errno
 .bss.__lock___malloc_recursive_mutex
                0x200019e8        0x1 C:/ST/STM32CubeIDE_1.16.0/STM32CubeIDE/plugins/com.st.stm32cube.ide.mcu.externaltools.gnu-tools-for-stm32.12.3.rel1.win32_1.0.200.202406191623/tools/bin/../lib/gcc/arm-none-eabi/12.3.1/../../../../arm-none-eabi/lib/thumb/v7e-m+fp/hard\libc_nano.a(libc_a-lock.o)
                0x200019e8                __lock___malloc_recursive_mutex
 *fill*         0x200019e9        0x3 
 .bss.__malloc_sbrk_start
                0x200019ec        0x4 C:/ST/STM32CubeIDE_1.16.0/STM32CubeIDE/plugins/com.st.stm32cube.ide.mcu.externaltools.gnu-tools-for-stm32.12.3.rel1.win32_1.0.200.202406191623/tools/bin/../lib/gcc/arm-none-eabi/12.3.1/../../../../arm-none-eabi/lib/thumb/v7e-m+fp/hard\libc_nano.a(libc_a-mallocr.o)
                0x200019ec                __malloc_sbrk_start
 .bss.__malloc_free_list
                0x200019f0        0x4 C:/ST/STM32CubeIDE_1.16.0/STM32CubeIDE/plugins/com.st.stm32cube.ide.mcu.externaltools.gnu-tools-for-stm32.12.3.rel1.win32_1.0.200.202406191623/tools/bin/../lib/gcc/arm-none-eabi/12.3.1/../../../../arm-none-eabi/lib/thumb/v7e-m+fp/hard\libc_nano.a(libc_a-mallocr.o)
                0x200019f0                __malloc_free_list
 *(COMMON)
                0x200019f4                        . = ALIGN (0x4)
                0x200019f4                        _ebss = .
                0x200019f4                        __bss_end__ = _ebss

._user_heap_stack
                0x200019f4      0x604 load address 0x0800a278
                0x200019f8                        . = ALIGN (0x8)
 *fill*         0x200019f4        0x4 
                [!provide]                        PROVIDE (end = .)
                0x200019f8                        PROVIDE (_end = .)
                0x20001bf8                        . = (. + _Min_Heap_Size)
 *fill*         0x200019f8      0x200 
                0x20001ff8                        . = (. + _Min_Stack_Size)
 *fill*         0x20001bf8      0x400 
                0x20001ff8                        . = ALIGN (0x8)

/DISCARD/
 libc.a(*)
 libm.a(*)
 libgcc.a(*)

.ARM.attributes
                0x00000000       0x30
 *(.ARM.attributes)
 .ARM.attributes
                0x00000000       0x22 C:/ST/STM32CubeIDE_1.16.0/STM32CubeIDE/plugins/com.st.stm32cube.ide.mcu.externaltools.gnu-tools-for-stm32.12.3.rel1.win32_1.0.200.202406191623/tools/bin/../lib/gcc/arm-none-eabi/12.3.1/thumb/v7e-m+fp/hard/crti.o
 .ARM.attributes
                0x00000022       0x34 C:/ST/STM32CubeIDE_1.16.0/STM32CubeIDE/plugins/com.st.stm32cube.ide.mcu.externaltools.gnu-tools-for-stm32.12.3.rel1.win32_1.0.200.202406191623/tools/bin/../lib/gcc/arm-none-eabi/12.3.1/thumb/v7e-m+fp/hard/crtbegin.o
 .ARM.attributes
                0x00000056       0x34 ./Core/Src/fonts.o
 .ARM.attributes
                0x0000008a       0x34 ./Core/Src/main.o
 .ARM.attributes
                0x000000be       0x34 ./Core/Src/ssd1306.o
 .ARM.attributes
                0x000000f2       0x34 ./Core/Src/stm32f4xx_hal_msp.o
 .ARM.attributes
                0x00000126       0x34 ./Core/Src/stm32f4xx_it.o
 .ARM.attributes
                0x0000015a       0x34 ./Core/Src/sysmem.o
 .ARM.attributes
                0x0000018e       0x34 ./Core/Src/system_stm32f4xx.o
 .ARM.attributes
                0x000001c2       0x21 ./Core/Startup/startup_stm32f411retx.o
 .ARM.attributes
                0x000001e3       0x34 ./Drivers/STM32F4xx_HAL_Driver/Src/stm32f4xx_hal.o
 .ARM.attributes
                0x00000217       0x34 ./Drivers/STM32F4xx_HAL_Driver/Src/stm32f4xx_hal_adc.o
 .ARM.attributes
                0x0000024b       0x34 ./Drivers/STM32F4xx_HAL_Driver/Src/stm32f4xx_hal_cortex.o
 .ARM.attributes
                0x0000027f       0x34 ./Drivers/STM32F4xx_HAL_Driver/Src/stm32f4xx_hal_dma.o
 .ARM.attributes
                0x000002b3       0x34 ./Drivers/STM32F4xx_HAL_Driver/Src/stm32f4xx_hal_gpio.o
 .ARM.attributes
                0x000002e7       0x34 ./Drivers/STM32F4xx_HAL_Driver/Src/stm32f4xx_hal_i2c.o
 .ARM.attributes
                0x0000031b       0x34 ./Drivers/STM32F4xx_HAL_Driver/Src/stm32f4xx_hal_pcd.o
 .ARM.attributes
                0x0000034f       0x34 ./Drivers/STM32F4xx_HAL_Driver/Src/stm32f4xx_hal_pcd_ex.o
 .ARM.attributes
                0x00000383       0x34 ./Drivers/STM32F4xx_HAL_Driver/Src/stm32f4xx_hal_rcc.o
 .ARM.attributes
                0x000003b7       0x34 ./Drivers/STM32F4xx_HAL_Driver/Src/stm32f4xx_hal_rcc_ex.o
 .ARM.attributes
                0x000003eb       0x34 ./Drivers/STM32F4xx_HAL_Driver/Src/stm32f4xx_hal_rtc.o
 .ARM.attributes
                0x0000041f       0x34 ./Drivers/STM32F4xx_HAL_Driver/Src/stm32f4xx_hal_spi.o
 .ARM.attributes
                0x00000453       0x34 ./Drivers/STM32F4xx_HAL_Driver/Src/stm32f4xx_hal_uart.o
 .ARM.attributes
                0x00000487       0x34 ./Drivers/STM32F4xx_HAL_Driver/Src/stm32f4xx_ll_usb.o
 .ARM.attributes
                0x000004bb       0x34 ./FATFS/App/fatfs.o
 .ARM.attributes
                0x000004ef       0x34 ./FATFS/Target/user_diskio.o
 .ARM.attributes
                0x00000523       0x34 ./FATFS/Target/user_diskio_spi.o
 .ARM.attributes
                0x00000557       0x34 ./Middlewares/ST/STM32_USB_Device_Library/Class/MSC/Src/usbd_msc.o
 .ARM.attributes