


ARM Macro Assembler    Page 1 


    1 00000000         #line   1                "RTE\\Device\\K1986VE92xI\\star
tup_K1986VE9xI.S"
    1 00000000         ;
    2 00000000         
    3 00000000         
    4 00000000         
    5 00000000         
    6 00000000         
    7 00000000         
    8 00000000         
    9 00000000         
   10 00000000         
   11 00000000         
   12 00000000         
   13 00000000         
   14 00000000         
   15 00000000         
   16 00000000         
   17 00000000         
   18 00000000         
   19 00000000         
   20 00000000         
   21 00000000         
   22 00000000         ;
   23 00000000         
   24 00000000         ;<h> Stack Configuration
   25 00000000         ;  <o> Stack Size (in Bytes) <0x0-0xFFFFFFFF:8>
   26 00000000         ;</h>
   27 00000000 00000400 
                       Stack_Size
                               EQU              0x00000400
   28 00000000         
   29 00000000                 AREA             STACK, NOINIT, READWRITE, ALIGN
=3
   30 00000000         __stack_limit
   31 00000000         Stack_Mem
                               SPACE            Stack_Size
   32 00000400         __initial_sp
   33 00000400         
   34 00000400         
   35 00000400         ;<h> Heap Configuration
   36 00000400         ;  <o>  Heap Size (in Bytes) <0x0-0xFFFFFFFF:8>
   37 00000400         ;</h>
   38 00000400         
   39 00000400 00000200 
                       Heap_Size
                               EQU              0x00000200
   40 00000400         
   41 00000400                 AREA             HEAP, NOINIT, READWRITE, ALIGN=
3
   42 00000000         __heap_base
   43 00000000         Heap_Mem
                               SPACE            Heap_Size
   44 00000200         __heap_limit
   45 00000200         
   46 00000200                 PRESERVE8
   47 00000200                 THUMB
   48 00000200         
   49 00000200         



ARM Macro Assembler    Page 2 


   50 00000200         ; Vector Table Mapped to Address 0 at Reset
   51 00000200                 AREA             RESET, DATA, READONLY
   52 00000000                 EXPORT           __Vectors
   53 00000000                 EXPORT           __Vectors_End
   54 00000000                 EXPORT           __Vectors_Size
   55 00000000         
   56 00000000         ; Attention for NMI_Handler:
   57 00000000         ; Called by software only (bit [31] of the ICSR register
                       ). Used for mission critical applications
   58 00000000 00000000 
                       __Vectors
                               DCD              __initial_sp ;     Top of Stack
                                                            
   59 00000004 00000000        DCD              Reset_Handler 
                                                            ;     Reset Handler
                                                            
   60 00000008 00000000        DCD              NMI_Handler ; -14 NMI Handler
   61 0000000C 00000000        DCD              HardFault_Handler ; -13 Hard Fa
                                                            ult Handler
   62 00000010 00000000        DCD              MemManage_Handler ; -12 MPU Fau
                                                            lt Handler
   63 00000014 00000000        DCD              BusFault_Handler ; -11 Bus Faul
                                                            t Handler
   64 00000018 00000000        DCD              UsageFault_Handler ;  -9 Usage 
                                                            Fault Handler
   65 0000001C 00000000        DCD              0           ;     Reserved
   66 00000020 00000000        DCD              0           ;     Reserved
   67 00000024 00000000        DCD              0           ;     Reserved
   68 00000028 00000000        DCD              0           ;     Reserved
   69 0000002C 00000000        DCD              SVC_Handler ;  -5 SVCall Handle
                                                            r
   70 00000030 00000000        DCD              DebugMon_Handler ;  -4 Debug Mo
                                                            nitor Handler
   71 00000034 00000000        DCD              0           ;     Reserved
   72 00000038 00000000        DCD              PendSV_Handler ;  -2 PendSV Han
                                                            dler
   73 0000003C 00000000        DCD              SysTick_Handler ;  -1 SysTick H
                                                            andler
   74 00000040         
   75 00000040         ; External Interrupts
   76 00000040 00000000        DCD              CAN1_IRQHandler 
                                                            ;   0 CAN1 Handler
   77 00000044 00000000        DCD              CAN2_IRQHandler 
                                                            ;   1 CAN2 Handler
   78 00000048 00000000        DCD              USB_IRQHandler ;   2 USB Host H
                                                            andler
   79 0000004C 00000000        DCD              0           ;     Reserved
   80 00000050 00000000        DCD              0           ;     Reserved
   81 00000054 00000000        DCD              DMA_IRQHandler 
                                                            ;   5 DMA Handler
   82 00000058 00000000        DCD              UART1_IRQHandler 
                                                            ;   6 UART1 Handler
                                                            
   83 0000005C 00000000        DCD              UART2_IRQHandler 
                                                            ;   7 UART2 Handler
                                                            
   84 00000060 00000000        DCD              SSP1_IRQHandler 
                                                            ;   8 SSP1 Handler
   85 00000064 00000000        DCD              0           ;     Reserved



ARM Macro Assembler    Page 3 


   86 00000068 00000000        DCD              I2C_IRQHandler 
                                                            ;  10 I2C Handler
   87 0000006C 00000000        DCD              POWER_IRQHandler 
                                                            ;  11 POWER Handler
                                                            
   88 00000070 00000000        DCD              WWDG_IRQHandler 
                                                            ;  12 WWDG Handler
   89 00000074 00000000        DCD              0           ;     Reserved
   90 00000078 00000000        DCD              Timer1_IRQHandler ;  14 Timer1 
                                                            Handler
   91 0000007C 00000000        DCD              Timer2_IRQHandler ;  15 Timer2 
                                                            Handler
   92 00000080 00000000        DCD              Timer3_IRQHandler ;  16 Timer3 
                                                            Handler
   93 00000084 00000000        DCD              ADC_IRQHandler 
                                                            ;  17 ADC Handler
   94 00000088 00000000        DCD              0           ;     Reserved
   95 0000008C 00000000        DCD              COMPARATOR_IRQHandler ;  19 Com
                                                            parator Handler
   96 00000090 00000000        DCD              SSP2_IRQHandler 
                                                            ;  20 SSP2 Handler
   97 00000094 00000000        DCD              0           ;     Reserved
   98 00000098 00000000        DCD              0           ;     Reserved
   99 0000009C 00000000        DCD              0           ;     Reserved
  100 000000A0 00000000        DCD              0           ;     Reserved
  101 000000A4 00000000        DCD              0           ;     Reserved
  102 000000A8 00000000        DCD              0           ;     Reserved
  103 000000AC 00000000        DCD              BACKUP_IRQHandler 
                                                            ;  27 BKP Handler
  104 000000B0 00000000        DCD              EXT_INT1_IRQHandler ;  28 EXT_I
                                                            NT1 Handler
  105 000000B4 00000000        DCD              EXT_INT2_IRQHandler ;  29 EXT_I
                                                            NT2 Handler
  106 000000B8 00000000        DCD              EXT_INT3_IRQHandler ;  30 EXT_I
                                                            NT3 Handler
  107 000000BC 00000000        DCD              EXT_INT4_IRQHandler ;  31 EXT_I
                                                            NT4 Handler
  108 000000C0         __Vectors_End
  109 000000C0         
  110 000000C0 000000C0 
                       __Vectors_Size
                               EQU              __Vectors_End - __Vectors
  111 000000C0         
  112 000000C0                 AREA             |.text|, CODE, READONLY
  113 00000000         
  114 00000000         ; Reset handler
  115 00000000         Reset_Handler
                               PROC
  116 00000000                 EXPORT           Reset_Handler               [WE
AK]
  117 00000000                 IMPORT           SystemInit
  118 00000000                 IMPORT           __main
  119 00000000 4813            LDR              R0, =SystemInit
  120 00000002 4780            BLX              R0
  121 00000004 4813            LDR              R0, =__main
  122 00000006 4700            BX               R0
  123 00000008                 ENDP
  124 00000008         
  125 00000008         ; Dummy Exception Handlers (infinite loops which can be 



ARM Macro Assembler    Page 4 


                       modified)
  126 00000008         
  127 00000008         NMI_Handler
                               PROC
  128 00000008                 EXPORT           NMI_Handler                 [WE
AK]
  129 00000008 E7FE            B                .
  130 0000000A                 ENDP
  131 0000000A         
  132 0000000A         HardFault_Handler
                               PROC
  133 0000000A                 EXPORT           HardFault_Handler           [WE
AK]
  134 0000000A E7FE            B                .
  135 0000000C                 ENDP
  136 0000000C         
  137 0000000C         MemManage_Handler
                               PROC
  138 0000000C                 EXPORT           MemManage_Handler           [WE
AK]
  139 0000000C E7FE            B                .
  140 0000000E                 ENDP
  141 0000000E         
  142 0000000E         BusFault_Handler
                               PROC
  143 0000000E                 EXPORT           BusFault_Handler            [WE
AK]
  144 0000000E E7FE            B                .
  145 00000010                 ENDP
  146 00000010         
  147 00000010         UsageFault_Handler
                               PROC
  148 00000010                 EXPORT           UsageFault_Handler          [WE
AK]
  149 00000010 E7FE            B                .
  150 00000012                 ENDP
  151 00000012         
  152 00000012         SVC_Handler
                               PROC
  153 00000012                 EXPORT           SVC_Handler                 [WE
AK]
  154 00000012 E7FE            B                .
  155 00000014                 ENDP
  156 00000014         
  157 00000014         DebugMon_Handler
                               PROC
  158 00000014                 EXPORT           DebugMon_Handler            [WE
AK]
  159 00000014 E7FE            B                .
  160 00000016                 ENDP
  161 00000016         
  162 00000016         PendSV_Handler
                               PROC
  163 00000016                 EXPORT           PendSV_Handler              [WE
AK]
  164 00000016 E7FE            B                .
  165 00000018                 ENDP
  166 00000018         
  167 00000018         SysTick_Handler



ARM Macro Assembler    Page 5 


                               PROC
  168 00000018                 EXPORT           SysTick_Handler             [WE
AK]
  169 00000018 E7FE            B                .
  170 0000001A                 ENDP
  171 0000001A         
  172 0000001A         
  173 0000001A         ; External Interrupts
  174 0000001A         
  175 0000001A         CAN1_IRQHandler
                               PROC
  176 0000001A                 EXPORT           CAN1_IRQHandler             [WE
AK]
  177 0000001A E7FE            B                .
  178 0000001C                 ENDP
  179 0000001C         
  180 0000001C         CAN2_IRQHandler
                               PROC
  181 0000001C                 EXPORT           CAN2_IRQHandler             [WE
AK]
  182 0000001C E7FE            B                .
  183 0000001E                 ENDP
  184 0000001E         
  185 0000001E         USB_IRQHandler
                               PROC
  186 0000001E                 EXPORT           USB_IRQHandler              [WE
AK]
  187 0000001E E7FE            B                .
  188 00000020                 ENDP
  189 00000020         
  190 00000020         DMA_IRQHandler
                               PROC
  191 00000020                 EXPORT           DMA_IRQHandler              [WE
AK]
  192 00000020 E7FE            B                .
  193 00000022                 ENDP
  194 00000022         
  195 00000022         UART1_IRQHandler
                               PROC
  196 00000022                 EXPORT           UART1_IRQHandler            [WE
AK]
  197 00000022 E7FE            B                .
  198 00000024                 ENDP
  199 00000024         
  200 00000024         UART2_IRQHandler
                               PROC
  201 00000024                 EXPORT           UART2_IRQHandler            [WE
AK]
  202 00000024 E7FE            B                .
  203 00000026                 ENDP
  204 00000026         
  205 00000026         SSP1_IRQHandler
                               PROC
  206 00000026                 EXPORT           SSP1_IRQHandler             [WE
AK]
  207 00000026 E7FE            B                .
  208 00000028                 ENDP
  209 00000028         
  210 00000028         I2C_IRQHandler



ARM Macro Assembler    Page 6 


                               PROC
  211 00000028                 EXPORT           I2C_IRQHandler              [WE
AK]
  212 00000028 E7FE            B                .
  213 0000002A                 ENDP
  214 0000002A         
  215 0000002A         POWER_IRQHandler
                               PROC
  216 0000002A                 EXPORT           POWER_IRQHandler            [WE
AK]
  217 0000002A E7FE            B                .
  218 0000002C                 ENDP
  219 0000002C         
  220 0000002C         WWDG_IRQHandler
                               PROC
  221 0000002C                 EXPORT           WWDG_IRQHandler             [WE
AK]
  222 0000002C E7FE            B                .
  223 0000002E                 ENDP
  224 0000002E         
  225 0000002E         Timer1_IRQHandler
                               PROC
  226 0000002E                 EXPORT           Timer1_IRQHandler           [WE
AK]
  227 0000002E E7FE            B                .
  228 00000030                 ENDP
  229 00000030         
  230 00000030         Timer2_IRQHandler
                               PROC
  231 00000030                 EXPORT           Timer2_IRQHandler           [WE
AK]
  232 00000030 E7FE            B                .
  233 00000032                 ENDP
  234 00000032         
  235 00000032         Timer3_IRQHandler
                               PROC
  236 00000032                 EXPORT           Timer3_IRQHandler           [WE
AK]
  237 00000032 E7FE            B                .
  238 00000034                 ENDP
  239 00000034         
  240 00000034         ADC_IRQHandler
                               PROC
  241 00000034                 EXPORT           ADC_IRQHandler              [WE
AK]
  242 00000034 E7FE            B                .
  243 00000036                 ENDP
  244 00000036         
  245 00000036         COMPARATOR_IRQHandler
                               PROC
  246 00000036                 EXPORT           COMPARATOR_IRQHandler       [WE
AK]
  247 00000036 E7FE            B                .
  248 00000038                 ENDP
  249 00000038         
  250 00000038         SSP2_IRQHandler
                               PROC
  251 00000038                 EXPORT           SSP2_IRQHandler             [WE
AK]



ARM Macro Assembler    Page 7 


  252 00000038 E7FE            B                .
  253 0000003A                 ENDP
  254 0000003A         
  255 0000003A         BACKUP_IRQHandler
                               PROC
  256 0000003A                 EXPORT           BACKUP_IRQHandler           [WE
AK]
  257 0000003A E7FE            B                .
  258 0000003C                 ENDP
  259 0000003C         
  260 0000003C         EXT_INT1_IRQHandler
                               PROC
  261 0000003C                 EXPORT           EXT_INT1_IRQHandler         [WE
AK]
  262 0000003C E7FE            B                .
  263 0000003E                 ENDP
  264 0000003E         
  265 0000003E         EXT_INT2_IRQHandler
                               PROC
  266 0000003E                 EXPORT           EXT_INT2_IRQHandler         [WE
AK]
  267 0000003E E7FE            B                .
  268 00000040                 ENDP
  269 00000040         
  270 00000040         EXT_INT3_IRQHandler
                               PROC
  271 00000040                 EXPORT           EXT_INT3_IRQHandler         [WE
AK]
  272 00000040 E7FE            B                .
  273 00000042                 ENDP
  274 00000042         
  275 00000042         EXT_INT4_IRQHandler
                               PROC
  276 00000042                 EXPORT           EXT_INT4_IRQHandler         [WE
AK]
  277 00000042 E7FE            B                .
  278 00000044                 ENDP
  279 00000044         
  280 00000044                 ALIGN
  281 00000044         
  282 00000044         
  283 00000044         
  284 00000044         ; User Stack and Heap initialization
  285 00000044         
  286 00000044                 IF               :DEF:__MICROLIB
  294 00000044         
  295 00000044                 IMPORT           __use_two_region_memory
  296 00000044                 EXPORT           __user_initial_stackheap
  297 00000044         __user_initial_stackheap
  298 00000044         
  299 00000044 4804            LDR              R0, = Heap_Mem
  300 00000046 4905            LDR              R1, = (Stack_Mem + Stack_Size)
  301 00000048 4A05            LDR              R2, = (Heap_Mem +  Heap_Size)
  302 0000004A 4B06            LDR              R3, = Stack_Mem
  303 0000004C 4770            BX               LR
  304 0000004E         
  305 0000004E 00 00           ALIGN
  306 00000050         
  307 00000050                 ENDIF



ARM Macro Assembler    Page 8 


  308 00000050         
  309 00000050                 END
              00000000 
              00000000 
              00000000 
              00000400 
              00000200 
              00000000 
Command Line: --debug --xref --cpreproc --diag_suppress=9931 --cpu=Cortex-M3 --
apcs=interwork --depend=.\objects\startup_k1986ve9xi.d -o.\objects\startup_k198
6ve9xi.o -I.\RTE\Device\K1986VE92xI -I.\RTE\_K1986BE92FI -IC:\Users\justd\AppDa
ta\Local\Arm\Packs\ARM\CMSIS\5.8.0\CMSIS\Core\Include -IC:\Users\justd\AppData\
Local\Arm\Packs\ARM\CMSIS\5.8.0\CMSIS\Driver\Include -IC:\Users\justd\AppData\L
ocal\Arm\Packs\Milandr\MDR32FxQI\1.3.2\Libraries\CMSIS\MDR32FxQI\CoreSupport\CM
3 -IC:\Users\justd\AppData\Local\Arm\Packs\Milandr\MDR32FxQI\1.3.2\Libraries\CM
SIS\MDR32FxQI\DeviceSupport\K1986VE9xI\inc --predefine="__EVAL SETA 1" --predef
ine="__UVISION_VERSION SETA 536" --predefine="_RTE_ SETA 1" --predefine="_RTE_ 
SETA 1" --list=.\listings\startup_k1986ve9xi.lst RTE\Device\K1986VE92xI\startup
_K1986VE9xI.S



ARM Macro Assembler    Page 1 Alphabetic symbol ordering
Relocatable symbols

STACK 00000000

Symbol: STACK
   Definitions
      At line 29 in file RTE\\Device\\K1986VE92xI\\startup_K1986VE9xI.S
   Uses
      None
Comment: STACK unused
Stack_Mem 00000000

Symbol: Stack_Mem
   Definitions
      At line 31 in file RTE\\Device\\K1986VE92xI\\startup_K1986VE9xI.S
   Uses
      At line 300 in file RTE\\Device\\K1986VE92xI\\startup_K1986VE9xI.S
      At line 302 in file RTE\\Device\\K1986VE92xI\\startup_K1986VE9xI.S

__initial_sp 00000400

Symbol: __initial_sp
   Definitions
      At line 32 in file RTE\\Device\\K1986VE92xI\\startup_K1986VE9xI.S
   Uses
      At line 58 in file RTE\\Device\\K1986VE92xI\\startup_K1986VE9xI.S
Comment: __initial_sp used once
__stack_limit 00000000

Symbol: __stack_limit
   Definitions
      At line 30 in file RTE\\Device\\K1986VE92xI\\startup_K1986VE9xI.S
   Uses
      None
Comment: __stack_limit unused
4 symbols



ARM Macro Assembler    Page 1 Alphabetic symbol ordering
Relocatable symbols

HEAP 00000000

Symbol: HEAP
   Definitions
      At line 41 in file RTE\\Device\\K1986VE92xI\\startup_K1986VE9xI.S
   Uses
      None
Comment: HEAP unused
Heap_Mem 00000000

Symbol: Heap_Mem
   Definitions
      At line 43 in file RTE\\Device\\K1986VE92xI\\startup_K1986VE9xI.S
   Uses
      At line 299 in file RTE\\Device\\K1986VE92xI\\startup_K1986VE9xI.S
      At line 301 in file RTE\\Device\\K1986VE92xI\\startup_K1986VE9xI.S

__heap_base 00000000

Symbol: __heap_base
   Definitions
      At line 42 in file RTE\\Device\\K1986VE92xI\\startup_K1986VE9xI.S
   Uses
      None
Comment: __heap_base unused
__heap_limit 00000200

Symbol: __heap_limit
   Definitions
      At line 44 in file RTE\\Device\\K1986VE92xI\\startup_K1986VE9xI.S
   Uses
      None
Comment: __heap_limit unused
4 symbols



ARM Macro Assembler    Page 1 Alphabetic symbol ordering
Relocatable symbols

RESET 00000000

Symbol: RESET
   Definitions
      At line 51 in file RTE\\Device\\K1986VE92xI\\startup_K1986VE9xI.S
   Uses
      None
Comment: RESET unused
__Vectors 00000000

Symbol: __Vectors
   Definitions
      At line 58 in file RTE\\Device\\K1986VE92xI\\startup_K1986VE9xI.S
   Uses
      At line 52 in file RTE\\Device\\K1986VE92xI\\startup_K1986VE9xI.S
      At line 110 in file RTE\\Device\\K1986VE92xI\\startup_K1986VE9xI.S

__Vectors_End 000000C0

Symbol: __Vectors_End
   Definitions
      At line 108 in file RTE\\Device\\K1986VE92xI\\startup_K1986VE9xI.S
   Uses
      At line 53 in file RTE\\Device\\K1986VE92xI\\startup_K1986VE9xI.S
      At line 110 in file RTE\\Device\\K1986VE92xI\\startup_K1986VE9xI.S

3 symbols



ARM Macro Assembler    Page 1 Alphabetic symbol ordering
Relocatable symbols

.text 00000000

Symbol: .text
   Definitions
      At line 112 in file RTE\\Device\\K1986VE92xI\\startup_K1986VE9xI.S
   Uses
      None
Comment: .text unused
ADC_IRQHandler 00000034

Symbol: ADC_IRQHandler
   Definitions
      At line 240 in file RTE\\Device\\K1986VE92xI\\startup_K1986VE9xI.S
   Uses
      At line 93 in file RTE\\Device\\K1986VE92xI\\startup_K1986VE9xI.S
      At line 241 in file RTE\\Device\\K1986VE92xI\\startup_K1986VE9xI.S

BACKUP_IRQHandler 0000003A

Symbol: BACKUP_IRQHandler
   Definitions
      At line 255 in file RTE\\Device\\K1986VE92xI\\startup_K1986VE9xI.S
   Uses
      At line 103 in file RTE\\Device\\K1986VE92xI\\startup_K1986VE9xI.S
      At line 256 in file RTE\\Device\\K1986VE92xI\\startup_K1986VE9xI.S

BusFault_Handler 0000000E

Symbol: BusFault_Handler
   Definitions
      At line 142 in file RTE\\Device\\K1986VE92xI\\startup_K1986VE9xI.S
   Uses
      At line 63 in file RTE\\Device\\K1986VE92xI\\startup_K1986VE9xI.S
      At line 143 in file RTE\\Device\\K1986VE92xI\\startup_K1986VE9xI.S

CAN1_IRQHandler 0000001A

Symbol: CAN1_IRQHandler
   Definitions
      At line 175 in file RTE\\Device\\K1986VE92xI\\startup_K1986VE9xI.S
   Uses
      At line 76 in file RTE\\Device\\K1986VE92xI\\startup_K1986VE9xI.S
      At line 176 in file RTE\\Device\\K1986VE92xI\\startup_K1986VE9xI.S

CAN2_IRQHandler 0000001C

Symbol: CAN2_IRQHandler
   Definitions
      At line 180 in file RTE\\Device\\K1986VE92xI\\startup_K1986VE9xI.S
   Uses
      At line 77 in file RTE\\Device\\K1986VE92xI\\startup_K1986VE9xI.S
      At line 181 in file RTE\\Device\\K1986VE92xI\\startup_K1986VE9xI.S

COMPARATOR_IRQHandler 00000036

Symbol: COMPARATOR_IRQHandler
   Definitions
      At line 245 in file RTE\\Device\\K1986VE92xI\\startup_K1986VE9xI.S
   Uses



ARM Macro Assembler    Page 2 Alphabetic symbol ordering
Relocatable symbols

      At line 95 in file RTE\\Device\\K1986VE92xI\\startup_K1986VE9xI.S
      At line 246 in file RTE\\Device\\K1986VE92xI\\startup_K1986VE9xI.S

DMA_IRQHandler 00000020

Symbol: DMA_IRQHandler
   Definitions
      At line 190 in file RTE\\Device\\K1986VE92xI\\startup_K1986VE9xI.S
   Uses
      At line 81 in file RTE\\Device\\K1986VE92xI\\startup_K1986VE9xI.S
      At line 191 in file RTE\\Device\\K1986VE92xI\\startup_K1986VE9xI.S

DebugMon_Handler 00000014

Symbol: DebugMon_Handler
   Definitions
      At line 157 in file RTE\\Device\\K1986VE92xI\\startup_K1986VE9xI.S
   Uses
      At line 70 in file RTE\\Device\\K1986VE92xI\\startup_K1986VE9xI.S
      At line 158 in file RTE\\Device\\K1986VE92xI\\startup_K1986VE9xI.S

EXT_INT1_IRQHandler 0000003C

Symbol: EXT_INT1_IRQHandler
   Definitions
      At line 260 in file RTE\\Device\\K1986VE92xI\\startup_K1986VE9xI.S
   Uses
      At line 104 in file RTE\\Device\\K1986VE92xI\\startup_K1986VE9xI.S
      At line 261 in file RTE\\Device\\K1986VE92xI\\startup_K1986VE9xI.S

EXT_INT2_IRQHandler 0000003E

Symbol: EXT_INT2_IRQHandler
   Definitions
      At line 265 in file RTE\\Device\\K1986VE92xI\\startup_K1986VE9xI.S
   Uses
      At line 105 in file RTE\\Device\\K1986VE92xI\\startup_K1986VE9xI.S
      At line 266 in file RTE\\Device\\K1986VE92xI\\startup_K1986VE9xI.S

EXT_INT3_IRQHandler 00000040

Symbol: EXT_INT3_IRQHandler
   Definitions
      At line 270 in file RTE\\Device\\K1986VE92xI\\startup_K1986VE9xI.S
   Uses
      At line 106 in file RTE\\Device\\K1986VE92xI\\startup_K1986VE9xI.S
      At line 271 in file RTE\\Device\\K1986VE92xI\\startup_K1986VE9xI.S

EXT_INT4_IRQHandler 00000042

Symbol: EXT_INT4_IRQHandler
   Definitions
      At line 275 in file RTE\\Device\\K1986VE92xI\\startup_K1986VE9xI.S
   Uses
      At line 107 in file RTE\\Device\\K1986VE92xI\\startup_K1986VE9xI.S
      At line 276 in file RTE\\Device\\K1986VE92xI\\startup_K1986VE9xI.S

HardFault_Handler 0000000A




ARM Macro Assembler    Page 3 Alphabetic symbol ordering
Relocatable symbols

Symbol: HardFault_Handler
   Definitions
      At line 132 in file RTE\\Device\\K1986VE92xI\\startup_K1986VE9xI.S
   Uses
      At line 61 in file RTE\\Device\\K1986VE92xI\\startup_K1986VE9xI.S
      At line 133 in file RTE\\Device\\K1986VE92xI\\startup_K1986VE9xI.S

I2C_IRQHandler 00000028

Symbol: I2C_IRQHandler
   Definitions
      At line 210 in file RTE\\Device\\K1986VE92xI\\startup_K1986VE9xI.S
   Uses
      At line 86 in file RTE\\Device\\K1986VE92xI\\startup_K1986VE9xI.S
      At line 211 in file RTE\\Device\\K1986VE92xI\\startup_K1986VE9xI.S

MemManage_Handler 0000000C

Symbol: MemManage_Handler
   Definitions
      At line 137 in file RTE\\Device\\K1986VE92xI\\startup_K1986VE9xI.S
   Uses
      At line 62 in file RTE\\Device\\K1986VE92xI\\startup_K1986VE9xI.S
      At line 138 in file RTE\\Device\\K1986VE92xI\\startup_K1986VE9xI.S

NMI_Handler 00000008

Symbol: NMI_Handler
   Definitions
      At line 127 in file RTE\\Device\\K1986VE92xI\\startup_K1986VE9xI.S
   Uses
      At line 60 in file RTE\\Device\\K1986VE92xI\\startup_K1986VE9xI.S
      At line 128 in file RTE\\Device\\K1986VE92xI\\startup_K1986VE9xI.S

POWER_IRQHandler 0000002A

Symbol: POWER_IRQHandler
   Definitions
      At line 215 in file RTE\\Device\\K1986VE92xI\\startup_K1986VE9xI.S
   Uses
      At line 87 in file RTE\\Device\\K1986VE92xI\\startup_K1986VE9xI.S
      At line 216 in file RTE\\Device\\K1986VE92xI\\startup_K1986VE9xI.S

PendSV_Handler 00000016

Symbol: PendSV_Handler
   Definitions
      At line 162 in file RTE\\Device\\K1986VE92xI\\startup_K1986VE9xI.S
   Uses
      At line 72 in file RTE\\Device\\K1986VE92xI\\startup_K1986VE9xI.S
      At line 163 in file RTE\\Device\\K1986VE92xI\\startup_K1986VE9xI.S

Reset_Handler 00000000

Symbol: Reset_Handler
   Definitions
      At line 115 in file RTE\\Device\\K1986VE92xI\\startup_K1986VE9xI.S
   Uses
      At line 59 in file RTE\\Device\\K1986VE92xI\\startup_K1986VE9xI.S



ARM Macro Assembler    Page 4 Alphabetic symbol ordering
Relocatable symbols

      At line 116 in file RTE\\Device\\K1986VE92xI\\startup_K1986VE9xI.S

SSP1_IRQHandler 00000026

Symbol: SSP1_IRQHandler
   Definitions
      At line 205 in file RTE\\Device\\K1986VE92xI\\startup_K1986VE9xI.S
   Uses
      At line 84 in file RTE\\Device\\K1986VE92xI\\startup_K1986VE9xI.S
      At line 206 in file RTE\\Device\\K1986VE92xI\\startup_K1986VE9xI.S

SSP2_IRQHandler 00000038

Symbol: SSP2_IRQHandler
   Definitions
      At line 250 in file RTE\\Device\\K1986VE92xI\\startup_K1986VE9xI.S
   Uses
      At line 96 in file RTE\\Device\\K1986VE92xI\\startup_K1986VE9xI.S
      At line 251 in file RTE\\Device\\K1986VE92xI\\startup_K1986VE9xI.S

SVC_Handler 00000012

Symbol: SVC_Handler
   Definitions
      At line 152 in file RTE\\Device\\K1986VE92xI\\startup_K1986VE9xI.S
   Uses
      At line 69 in file RTE\\Device\\K1986VE92xI\\startup_K1986VE9xI.S
      At line 153 in file RTE\\Device\\K1986VE92xI\\startup_K1986VE9xI.S

SysTick_Handler 00000018

Symbol: SysTick_Handler
   Definitions
      At line 167 in file RTE\\Device\\K1986VE92xI\\startup_K1986VE9xI.S
   Uses
      At line 73 in file RTE\\Device\\K1986VE92xI\\startup_K1986VE9xI.S
      At line 168 in file RTE\\Device\\K1986VE92xI\\startup_K1986VE9xI.S

Timer1_IRQHandler 0000002E

Symbol: Timer1_IRQHandler
   Definitions
      At line 225 in file RTE\\Device\\K1986VE92xI\\startup_K1986VE9xI.S
   Uses
      At line 90 in file RTE\\Device\\K1986VE92xI\\startup_K1986VE9xI.S
      At line 226 in file RTE\\Device\\K1986VE92xI\\startup_K1986VE9xI.S

Timer2_IRQHandler 00000030

Symbol: Timer2_IRQHandler
   Definitions
      At line 230 in file RTE\\Device\\K1986VE92xI\\startup_K1986VE9xI.S
   Uses
      At line 91 in file RTE\\Device\\K1986VE92xI\\startup_K1986VE9xI.S
      At line 231 in file RTE\\Device\\K1986VE92xI\\startup_K1986VE9xI.S

Timer3_IRQHandler 00000032

Symbol: Timer3_IRQHandler



ARM Macro Assembler    Page 5 Alphabetic symbol ordering
Relocatable symbols

   Definitions
      At line 235 in file RTE\\Device\\K1986VE92xI\\startup_K1986VE9xI.S
   Uses
      At line 92 in file RTE\\Device\\K1986VE92xI\\startup_K1986VE9xI.S
      At line 236 in file RTE\\Device\\K1986VE92xI\\startup_K1986VE9xI.S

UART1_IRQHandler 00000022

Symbol: UART1_IRQHandler
   Definitions
      At line 195 in file RTE\\Device\\K1986VE92xI\\startup_K1986VE9xI.S
   Uses
      At line 82 in file RTE\\Device\\K1986VE92xI\\startup_K1986VE9xI.S
      At line 196 in file RTE\\Device\\K1986VE92xI\\startup_K1986VE9xI.S

UART2_IRQHandler 00000024

Symbol: UART2_IRQHandler
   Definitions
      At line 200 in file RTE\\Device\\K1986VE92xI\\startup_K1986VE9xI.S
   Uses
      At line 83 in file RTE\\Device\\K1986VE92xI\\startup_K1986VE9xI.S
      At line 201 in file RTE\\Device\\K1986VE92xI\\startup_K1986VE9xI.S

USB_IRQHandler 0000001E

Symbol: USB_IRQHandler
   Definitions
      At line 185 in file RTE\\Device\\K1986VE92xI\\startup_K1986VE9xI.S
   Uses
      At line 78 in file RTE\\Device\\K1986VE92xI\\startup_K1986VE9xI.S
      At line 186 in file RTE\\Device\\K1986VE92xI\\startup_K1986VE9xI.S

UsageFault_Handler 00000010

Symbol: UsageFault_Handler
   Definitions
      At line 147 in file RTE\\Device\\K1986VE92xI\\startup_K1986VE9xI.S
   Uses
      At line 64 in file RTE\\Device\\K1986VE92xI\\startup_K1986VE9xI.S
      At line 148 in file RTE\\Device\\K1986VE92xI\\startup_K1986VE9xI.S

WWDG_IRQHandler 0000002C

Symbol: WWDG_IRQHandler
   Definitions
      At line 220 in file RTE\\Device\\K1986VE92xI\\startup_K1986VE9xI.S
   Uses
      At line 88 in file RTE\\Device\\K1986VE92xI\\startup_K1986VE9xI.S
      At line 221 in file RTE\\Device\\K1986VE92xI\\startup_K1986VE9xI.S

__user_initial_stackheap 00000044

Symbol: __user_initial_stackheap
   Definitions
      At line 297 in file RTE\\Device\\K1986VE92xI\\startup_K1986VE9xI.S
   Uses
      At line 296 in file RTE\\Device\\K1986VE92xI\\startup_K1986VE9xI.S
Comment: __user_initial_stackheap used once



ARM Macro Assembler    Page 6 Alphabetic symbol ordering
Relocatable symbols

33 symbols



ARM Macro Assembler    Page 1 Alphabetic symbol ordering
Absolute symbols

Heap_Size 00000200

Symbol: Heap_Size
   Definitions
      At line 39 in file RTE\\Device\\K1986VE92xI\\startup_K1986VE9xI.S
   Uses
      At line 43 in file RTE\\Device\\K1986VE92xI\\startup_K1986VE9xI.S
      At line 301 in file RTE\\Device\\K1986VE92xI\\startup_K1986VE9xI.S

Stack_Size 00000400

Symbol: Stack_Size
   Definitions
      At line 27 in file RTE\\Device\\K1986VE92xI\\startup_K1986VE9xI.S
   Uses
      At line 31 in file RTE\\Device\\K1986VE92xI\\startup_K1986VE9xI.S
      At line 300 in file RTE\\Device\\K1986VE92xI\\startup_K1986VE9xI.S

__Vectors_Size 000000C0

Symbol: __Vectors_Size
   Definitions
      At line 110 in file RTE\\Device\\K1986VE92xI\\startup_K1986VE9xI.S
   Uses
      At line 54 in file RTE\\Device\\K1986VE92xI\\startup_K1986VE9xI.S
Comment: __Vectors_Size used once
3 symbols



ARM Macro Assembler    Page 1 Alphabetic symbol ordering
External symbols

SystemInit 00000000

Symbol: SystemInit
   Definitions
      At line 117 in file RTE\\Device\\K1986VE92xI\\startup_K1986VE9xI.S
   Uses
      At line 119 in file RTE\\Device\\K1986VE92xI\\startup_K1986VE9xI.S
Comment: SystemInit used once
__main 00000000

Symbol: __main
   Definitions
      At line 118 in file RTE\\Device\\K1986VE92xI\\startup_K1986VE9xI.S
   Uses
      At line 121 in file RTE\\Device\\K1986VE92xI\\startup_K1986VE9xI.S
Comment: __main used once
__use_two_region_memory 00000000

Symbol: __use_two_region_memory
   Definitions
      At line 295 in file RTE\\Device\\K1986VE92xI\\startup_K1986VE9xI.S
   Uses
      None
Comment: __use_two_region_memory unused
3 symbols
387 symbols in table
