<html>
<body>
<pre>
<h1>µVision Build Log</h1>
<h2>Tool Versions:</h2>
IDE-Version: µVision V5.36.0.0
Copyright (C) 2021 ARM Ltd and ARM Germany GmbH. All rights reserved.
License Information: Artem Sparrow, OKB, LIC=----
 
Tool Versions:
Toolchain:       MDK-Lite  Version: 5.36.0.0
Toolchain Path:  C:\Keil_v5\ARM\ARMCC\Bin
C Compiler:      Armcc.exe V5.06 update 7 (build 960)
Assembler:       Armasm.exe V5.06 update 7 (build 960)
Linker/Locator:  ArmLink.exe V5.06 update 7 (build 960)
Library Manager: ArmAr.exe V5.06 update 7 (build 960)
Hex Converter:   FromElf.exe V5.06 update 7 (build 960)
CPU DLL:         SARMCM3.DLL V5.36.0.0
Dialog DLL:      DCM.DLL V1.17.3.0
Target DLL:      STLink\ST-LINKIII-KEIL_SWO.dll V3.0.9.0
Dialog DLL:      TCM.DLL V1.53.0.0
 
<h2>Project:</h2>
D:\GIT\c_verilog\Keil_v5\Ê1986ÂÅ92FI\DMA\DMA.uvprojx
Project File Date:  06/06/2025

<h2>Output:</h2>
*** Using Compiler 'V5.06 update 7 (build 960)', folder: 'C:\Keil_v5\ARM\ARMCC\Bin'
Build target 'K1986BE92FI'
assembling startup_K1986VE9xI.S...
compiling MDR32FxQI_port.c...
compiling main.c...
compiling hw_init.c...
compiling system_K1986VE9xI.c...
compiling MDR32FxQI_uart.c...
compiling MDR32FxQI_rst_clk.c...
linking...
Program Size: Code=2452 RO-data=288 RW-data=12 ZI-data=1636  
".\Objects\DMA.axf" - 0 Error(s), 0 Warning(s).

<h2>Software Packages used:</h2>

Package Vendor: Milandr
                
                Milandr.MDR32FxQI.1.3.2
                Milandr MDR32FxQI Series Device Support, Drivers and Examples
   * Component: Startup Version: 2.2.0i
   * Component: PORT Version: 2.2.0i
   * Component: RST_CLK Version: 2.2.0i
   * Component: UART Version: 2.2.0i

<h2>Collection of Component include folders:</h2>
  .\RTE\Device\K1986VE92xI
  .\RTE\_K1986BE92FI
  C:\Users\justd\AppData\Local\Arm\Packs\Milandr\MDR32FxQI\1.3.2\Libraries\CMSIS\MDR32FxQI\CoreSupport\CM3
  C:\Users\justd\AppData\Local\Arm\Packs\Milandr\MDR32FxQI\1.3.2\Libraries\CMSIS\MDR32FxQI\DeviceSupport\K1986VE9xI\inc
  C:\Users\justd\AppData\Local\Arm\Packs\Milandr\MDR32FxQI\1.3.2\Libraries\SPL\MDR32FxQI\inc

<h2>Collection of Component Files used:</h2>

   * Component: Milandr::Device:Startup:2.2.0i
      Source file:   Libraries\CMSIS\MDR32FxQI\DeviceSupport\K1986VE9xI\startup\arm\startup_K1986VE9xI.S
      Source file:   Libraries\CMSIS\MDR32FxQI\DeviceSupport\K1986VE9xI\startup\system_K1986VE9xI.c
      Include file:  Libraries\CMSIS\MDR32FxQI\DeviceSupport\K1986VE9xI\startup\system_K1986VE9xI.h
      Include file:  Libraries\CMSIS\MDR32FxQI\CoreSupport\CM3\core_cm3.h
      Include file:  Libraries\SPL\MDR32FxQI\MDR32FxQI_config.h
      Include file:  Libraries\SPL\MDR32FxQI\inc\IRQ_Handler_Template\K1986VE9xI_IT.h
      Source file:   Libraries\SPL\MDR32FxQI\src\IRQ_Handler_Template\K1986VE9xI_IT.c
      Include file:  Libraries\CMSIS\MDR32FxQI\DeviceSupport\K1986VE9xI\inc\K1986VE9xI.h

   * Component: Milandr::Drivers:PORT:2.2.0i
      Include file:  Libraries\SPL\MDR32FxQI\inc\MDR32FxQI_port.h
      Source file:   Libraries\SPL\MDR32FxQI\src\MDR32FxQI_port.c

   * Component: Milandr::Drivers:RST_CLK:2.2.0i
      Source file:   Libraries\SPL\MDR32FxQI\src\MDR32FxQI_rst_clk.c
      Include file:  Libraries\SPL\MDR32FxQI\inc\MDR32FxQI_rst_clk.h

   * Component: Milandr::Drivers:UART:2.2.0i
      Source file:   Libraries\SPL\MDR32FxQI\src\MDR32FxQI_uart.c
      Include file:  Libraries\SPL\MDR32FxQI\inc\MDR32FxQI_uart.h
Build Time Elapsed:  00:00:01
</pre>
</body>
</html>
