GowinSynthesis start
Running parser ...
Analyzing Verilog file 'C:\GIT\FPGA\i2c_TPT29555-TS5R\Gowin\GW1N-UV9LQ100_I2C_DRV\src\i2c_master.v'
Compiling module 'i2c_master'("C:\GIT\FPGA\i2c_TPT29555-TS5R\Gowin\GW1N-UV9LQ100_I2C_DRV\src\i2c_master.v":1)
WARN  (EX3780) : Using initial value of 'addr' since it is never assigned("C:\GIT\FPGA\i2c_TPT29555-TS5R\Gowin\GW1N-UV9LQ100_I2C_DRV\src\i2c_master.v":22)
WARN  (EX3780) : Using initial value of 'command_config' since it is never assigned("C:\GIT\FPGA\i2c_TPT29555-TS5R\Gowin\GW1N-UV9LQ100_I2C_DRV\src\i2c_master.v":24)
WARN  (EX3780) : Using initial value of 'config_port0' since it is never assigned("C:\GIT\FPGA\i2c_TPT29555-TS5R\Gowin\GW1N-UV9LQ100_I2C_DRV\src\i2c_master.v":25)
WARN  (EX3780) : Using initial value of 'config_port1' since it is never assigned("C:\GIT\FPGA\i2c_TPT29555-TS5R\Gowin\GW1N-UV9LQ100_I2C_DRV\src\i2c_master.v":26)
WARN  (EX3780) : Using initial value of 'command_output' since it is never assigned("C:\GIT\FPGA\i2c_TPT29555-TS5R\Gowin\GW1N-UV9LQ100_I2C_DRV\src\i2c_master.v":28)
WARN  (EX3780) : Using initial value of 'output_port0' since it is never assigned("C:\GIT\FPGA\i2c_TPT29555-TS5R\Gowin\GW1N-UV9LQ100_I2C_DRV\src\i2c_master.v":29)
WARN  (EX3780) : Using initial value of 'output_port1' since it is never assigned("C:\GIT\FPGA\i2c_TPT29555-TS5R\Gowin\GW1N-UV9LQ100_I2C_DRV\src\i2c_master.v":30)
WARN  (EX3791) : Expression size 8 truncated to fit in target size 7("C:\GIT\FPGA\i2c_TPT29555-TS5R\Gowin\GW1N-UV9LQ100_I2C_DRV\src\i2c_master.v":45)
WARN  (EX3791) : Expression size 10 truncated to fit in target size 9("C:\GIT\FPGA\i2c_TPT29555-TS5R\Gowin\GW1N-UV9LQ100_I2C_DRV\src\i2c_master.v":53)
NOTE  (EX0101) : Current top module is "i2c_master"
[5%] Running netlist conversion ...
Running device independent optimization ...
[10%] Optimizing Phase 0 completed
[15%] Optimizing Phase 1 completed
[25%] Optimizing Phase 2 completed
Running inference ...
[30%] Inferring Phase 0 completed
[40%] Inferring Phase 1 completed
[50%] Inferring Phase 2 completed
[55%] Inferring Phase 3 completed
Running technical mapping ...
[60%] Tech-Mapping Phase 0 completed
[65%] Tech-Mapping Phase 1 completed
[75%] Tech-Mapping Phase 2 completed
[80%] Tech-Mapping Phase 3 completed
[90%] Tech-Mapping Phase 4 completed
[95%] Generate netlist file "C:\GIT\FPGA\i2c_TPT29555-TS5R\Gowin\GW1N-UV9LQ100_I2C_DRV\impl\gwsynthesis\GW1N-UV9LQ100_I2C_DRV.vg" completed
[100%] Generate report file "C:\GIT\FPGA\i2c_TPT29555-TS5R\Gowin\GW1N-UV9LQ100_I2C_DRV\impl\gwsynthesis\GW1N-UV9LQ100_I2C_DRV_syn.rpt.html" completed
GowinSynthesis finish
