Add Component: Footprint Not Found UFQFPN48
Added Component: Designator=DD?(UFQFPN48)
Add component (AddParameter): Name = "Arrow Part Number"; Value = "STM32F411CEU6"; VariantName = "[No Variations]"
Add component (AddParameter): Name = "Arrow Price/Stock"; Value = "https://www.arrow.com/en/products/stm32f411ceu6/stmicroelectronics?utm_currency=USD&region=nac"; VariantName = "[No Variations]"
Add component (AddParameter): Name = "Datasheet Link"; Value = "http://www.st.com/content/ccc/resource/technical/document/datasheet/b3/a5/46/3b/b4/e5/4c/85/DM00115249.pdf/files/DM00115249.pdf/jcr:content/translations/en.DM00115249.pdf"; VariantName = "[No Variations]"
Add component (AddParameter): Name = "Geometry.Height"; Value = "0.6mm"; VariantName = "[No Variations]"
Add component (AddParameter): Name = "Manufacturer"; Value = "STMicroelectronics"; VariantName = "[No Variations]"
Add component (AddParameter): Name = "Manufacturer Part Number"; Value = "STM32F411CEU6"; VariantName = "[No Variations]"
Add component (AddParameter): Name = "Manufacturer_Name"; Value = "STMicroelectronics"; VariantName = "[No Variations]"
Add component (AddParameter): Name = "Manufacturer_Part_Number"; Value = "STM32F411CEU6"; VariantName = "[No Variations]"
Add component (AddParameter): Name = "Mouser Part Number"; Value = "511-STM32F411CEU6"; VariantName = "[No Variations]"
Add component (AddParameter): Name = "Mouser Price/Stock"; Value = "https://www.mouser.co.uk/ProductDetail/STMicroelectronics/STM32F411CEU6?qs=pjMTYa9MTGV3ou31YBFa3g%3D%3D"; VariantName = "[No Variations]"
Add component (AddParameter): Name = "Part Number"; Value = "STM32F411CEU6"; VariantName = "[No Variations]"
Add component (AddParameter): Name = "Part Type"; Value = "MCU"; VariantName = "[No Variations]"
Add component (AddParameter): Name = "Size"; Value = "UFQFPN48"; VariantName = "[No Variations]"
Add component (AddParameter): Name = "Value"; Value = "STM32F411CEU6"; VariantName = "[No Variations]"
Add Pin To Net: Unknown Pin: Pin DD1-1
Add Pin To Net: Unknown Pin: Pin DD1-7
Add Pin To Net: Unknown Pin: Pin DD1-8
Add Pin To Net: Unknown Pin: Pin DD1-9
Add Pin To Net: Unknown Pin: Pin DD1-10
Add Pin To Net: Unknown Pin: Pin DD1-11
Add Pin To Net: Unknown Pin: Pin DD1-12
Add Pin To Net: Unknown Pin: Pin DD1-13
Add Pin To Net: Unknown Pin: Pin DD1-14
Add Pin To Net: Unknown Pin: Pin DD1-15
Add Pin To Net: Unknown Pin: Pin DD1-16
Add Pin To Net: Unknown Pin: Pin DD1-17
Add Pin To Net: Unknown Pin: Pin DD1-20
Add Pin To Net: Unknown Pin: Pin DD1-22
Add Pin To Net: Unknown Pin: Pin DD1-23
Add Pin To Net: Unknown Pin: Pin DD1-24
Add Pin To Net: Unknown Pin: Pin DD1-29
Add Pin To Net: Unknown Pin: Pin DD1-30
Add Pin To Net: Unknown Pin: Pin DD1-32
Add Pin To Net: Unknown Pin: Pin DD1-33
Add Pin To Net: Unknown Pin: Pin DD1-34
Add Pin To Net: Unknown Pin: Pin DD1-35
Add Pin To Net: Unknown Pin: Pin DD1-36
Add Pin To Net: Unknown Pin: Pin DD1-37
Add Pin To Net: Unknown Pin: Pin DD1-38
Add Pin To Net: Unknown Pin: Pin DD1-39
Add Pin To Net: Unknown Pin: Pin DD1-42
Add Pin To Net: Unknown Pin: Pin DD1-43
Add Pin To Net: Unknown Pin: Pin DD1-44
Add Pin To Net: Unknown Pin: Pin DD1-47
Add Pin To Net: Unknown Pin: Pin DD1-48
Add Pin To Net: Unknown Pin: Pin DD1-49
Add Class Member: Failed to add class member : Component DD1 STM32F411CEU6
Added Member To Class: ClassName=MCU Member=Component DD? STM32F411CEU6
