Added Component: Designator=D1(ESOP-8)
Add component (AddParameter): Name = "Manufacturer"; Value = "UMW"; VariantName = "[No Variations]"
Add component (AddParameter): Name = "Manufacturer Part Number"; Value = "TP4056"; VariantName = "[No Variations]"
Add component (AddParameter): Name = "Part Number"; Value = "TP4056"; VariantName = "[No Variations]"
Add component (AddParameter): Name = "Part Type"; Value = "POWER"; VariantName = "[No Variations]"
Add component (AddParameter): Name = "Size"; Value = "ESOP-8"; VariantName = "[No Variations]"
Add component (AddParameter): Name = "Value"; Value = "TP4056"; VariantName = "[No Variations]"
Added Component: Designator=D6(SOT-23-6L_1)
Add component (AddParameter): Name = "Manufacturer"; Value = "Tontek"; VariantName = "[No Variations]"
Add component (AddParameter): Name = "Manufacturer Part Number"; Value = "TTP223-BA6"; VariantName = "[No Variations]"
Add component (AddParameter): Name = "Part Number"; Value = "TTP223-BA6"; VariantName = "[No Variations]"
Add component (AddParameter): Name = "Part Type"; Value = "LOGIC"; VariantName = "[No Variations]"
Add component (AddParameter): Name = "Size"; Value = "SOT-23-6L_1"; VariantName = "[No Variations]"
Add component (AddParameter): Name = "Value"; Value = "TTP223-BA6"; VariantName = "[No Variations]"
Add Component: Footprint Not Found RES_0603
Add Component: Footprint Not Found RES_0603
Add Component: Footprint Not Found RES_0603
Add Component: Footprint Not Found RES_0603
Add Component: Footprint Not Found RES_0603
Add Component: Footprint Not Found RES_0603
Add Component: Footprint Not Found LED_0603_R
Add Component: Footprint Not Found LED_0603_G
Add Component: Footprint Not Found LED_0603_G
Add Component: Footprint Not Found USB3.1TYPE-C 16PF-26
Added Pin To Net: NetName=GND Pin=D1-0
Added Pin To Net: NetName=NetD1_1 Pin=D1-1
Added Pin To Net: NetName=NetD1_2 Pin=D1-2
Added Pin To Net: NetName=GND Pin=D1-3
Added Pin To Net: NetName=+5V Pin=D1-4
Added Pin To Net: NetName=+4V2_BAT Pin=D1-5
Added Pin To Net: NetName=NetD1_6 Pin=D1-6
Added Pin To Net: NetName=NetD1_7 Pin=D1-7
Added Pin To Net: NetName=+5V Pin=D1-8
Added Pin To Net: NetName=ISTOUCH Pin=D6-1
Added Pin To Net: NetName=GNDB Pin=D6-2
Added Pin To Net: NetName=TOUCHPAD Pin=D6-3
Added Pin To Net: NetName=NetD6_4 Pin=D6-4
Added Pin To Net: NetName=+3V3 Pin=D6-5
Added Pin To Net: NetName=NetD6_6 Pin=D6-6
Add Pin To Net: Unknown Pin: Pin R7-1
Add Pin To Net: Unknown Pin: Pin R7-2
Add Pin To Net: Unknown Pin: Pin R8-1
Add Pin To Net: Unknown Pin: Pin R8-2
Add Pin To Net: Unknown Pin: Pin R34-1
Add Pin To Net: Unknown Pin: Pin R34-2
Add Pin To Net: Unknown Pin: Pin R39-1
Add Pin To Net: Unknown Pin: Pin R39-2
Add Pin To Net: Unknown Pin: Pin R41-1
Add Pin To Net: Unknown Pin: Pin R41-2
Add Pin To Net: Unknown Pin: Pin R42-1
Add Pin To Net: Unknown Pin: Pin R42-2
Add Pin To Net: Unknown Pin: Pin VD3-A
Add Pin To Net: Unknown Pin: Pin VD3-K
Add Pin To Net: Unknown Pin: Pin VD4-A
Add Pin To Net: Unknown Pin: Pin VD4-K
Add Pin To Net: Unknown Pin: Pin VD5-A
Add Pin To Net: Unknown Pin: Pin VD5-K
Add Pin To Net: Unknown Pin: Pin XS1-A1
Add Pin To Net: Unknown Pin: Pin XS1-A4
Add Pin To Net: Unknown Pin: Pin XS1-A5
Add Pin To Net: Unknown Pin: Pin XS1-A6
Add Pin To Net: Unknown Pin: Pin XS1-A7
Add Pin To Net: Unknown Pin: Pin XS1-A9
Add Pin To Net: Unknown Pin: Pin XS1-A12
Add Pin To Net: Unknown Pin: Pin XS1-B5
Add Pin To Net: Unknown Pin: Pin XS1-B6
Add Pin To Net: Unknown Pin: Pin XS1-B7
Add Pin To Net: Unknown Pin: Pin XS1-S1
Added Member To Class: ClassName=Power Member=Component D1 TP4056
Added Member To Class: ClassName=Sensors Member=Component D6 TTP223-BA6
Add Class Member: Failed to add class member : Component R7 RESISTOR
Add Class Member: Failed to add class member : Component R8 RESISTOR
Add Class Member: Failed to add class member : Component R34 RESISTOR
Add Class Member: Failed to add class member : Component R39 RESISTOR
Add Class Member: Failed to add class member : Component R41 RESISTOR
Add Class Member: Failed to add class member : Component R42 RESISTOR
Add Class Member: Failed to add class member : Component VD3 LED
Add Class Member: Failed to add class member : Component VD4 LED
Add Class Member: Failed to add class member : Component VD5 LED
Add Class Member: Failed to add class member : Component XS1 USB3.1TYPE-C 16PF-26
