Add Component: Footprint Not Found CAP_0603
Add Component: Footprint Not Found CAP_0603
Add Component: Footprint Not Found CAP_0603
Add Component: Footprint Not Found CAP_0603
Add Component: Footprint Not Found CAP_0603
Add Component: Footprint Not Found CAP_0603
Add Component: Footprint Not Found CAP_0603
Add Component: Footprint Not Found CAP_0603
Add Component: Footprint Not Found CAP_0603
Add Component: Footprint Not Found CAP_0603
Add Component: Footprint Not Found CAP_0603
Add Component: Footprint Not Found CAP_0603
Add Component: Footprint Not Found CAP_0603
Add Component: Footprint Not Found CAP_0603
Add Component: Footprint Not Found CAP_0603
Add Component: Footprint Not Found CAP_0603
Add Component: Footprint Not Found CAP_0603
Add Component: Footprint Not Found CAP_0603
Add Component: Footprint Not Found CAP_0603
Add Component: Footprint Not Found CAP_0603
Add Component: Footprint Not Found ESOP-8
Add Component: Footprint Not Found SOT-23-6L_1
Add Component: Footprint Not Found RES_0603
Add Component: Footprint Not Found RES_0603
Add Component: Footprint Not Found RES_0603
Add Component: Footprint Not Found RES_0603
Add Component: Footprint Not Found RES_0603
Add Component: Footprint Not Found RES_0603
Add Component: Footprint Not Found LED_0603_R
Add Component: Footprint Not Found LED_0603_G
Add Component: Footprint Not Found LED_0603_G
Add Component: Footprint Not Found USB3.1TYPE-C 16PF-26
Add Pin To Net: Unknown Pin: Pin C1-1
Add Pin To Net: Unknown Pin: Pin C1-2
Add Pin To Net: Unknown Pin: Pin C3-1
Add Pin To Net: Unknown Pin: Pin C3-2
Add Pin To Net: Unknown Pin: Pin C5-1
Add Pin To Net: Unknown Pin: Pin C5-2
Add Pin To Net: Unknown Pin: Pin C6-1
Add Pin To Net: Unknown Pin: Pin C6-2
Add Pin To Net: Unknown Pin: Pin C7-1
Add Pin To Net: Unknown Pin: Pin C7-2
Add Pin To Net: Unknown Pin: Pin C8-1
Add Pin To Net: Unknown Pin: Pin C8-2
Add Pin To Net: Unknown Pin: Pin C9-1
Add Pin To Net: Unknown Pin: Pin C9-2
Add Pin To Net: Unknown Pin: Pin C10-1
Add Pin To Net: Unknown Pin: Pin C10-2
Add Pin To Net: Unknown Pin: Pin C11-1
Add Pin To Net: Unknown Pin: Pin C11-2
Add Pin To Net: Unknown Pin: Pin C12-1
Add Pin To Net: Unknown Pin: Pin C12-2
Add Pin To Net: Unknown Pin: Pin C13-1
Add Pin To Net: Unknown Pin: Pin C13-2
Add Pin To Net: Unknown Pin: Pin C14-1
Add Pin To Net: Unknown Pin: Pin C14-2
Add Pin To Net: Unknown Pin: Pin C15-1
Add Pin To Net: Unknown Pin: Pin C15-2
Add Pin To Net: Unknown Pin: Pin C16-1
Add Pin To Net: Unknown Pin: Pin C16-2
Add Pin To Net: Unknown Pin: Pin C17-1
Add Pin To Net: Unknown Pin: Pin C17-2
Add Pin To Net: Unknown Pin: Pin C18-1
Add Pin To Net: Unknown Pin: Pin C18-2
Add Pin To Net: Unknown Pin: Pin C19-1
Add Pin To Net: Unknown Pin: Pin C19-2
Add Pin To Net: Unknown Pin: Pin C20-1
Add Pin To Net: Unknown Pin: Pin C20-2
Add Pin To Net: Unknown Pin: Pin C21-1
Add Pin To Net: Unknown Pin: Pin C21-2
Add Pin To Net: Unknown Pin: Pin C22-1
Add Pin To Net: Unknown Pin: Pin C22-2
Add Pin To Net: Unknown Pin: Pin D1-0
Add Pin To Net: Unknown Pin: Pin D1-1
Add Pin To Net: Unknown Pin: Pin D1-2
Add Pin To Net: Unknown Pin: Pin D1-3
Add Pin To Net: Unknown Pin: Pin D1-4
Add Pin To Net: Unknown Pin: Pin D1-5
Add Pin To Net: Unknown Pin: Pin D1-6
Add Pin To Net: Unknown Pin: Pin D1-7
Add Pin To Net: Unknown Pin: Pin D1-8
Add Pin To Net: Unknown Pin: Pin D6-1
Add Pin To Net: Unknown Pin: Pin D6-2
Add Pin To Net: Unknown Pin: Pin D6-3
Add Pin To Net: Unknown Pin: Pin D6-4
Add Pin To Net: Unknown Pin: Pin D6-5
Add Pin To Net: Unknown Pin: Pin D6-6
Add Pin To Net: Unknown Pin: Pin R7-1
Add Pin To Net: Unknown Pin: Pin R7-2
Add Pin To Net: Unknown Pin: Pin R8-1
Add Pin To Net: Unknown Pin: Pin R8-2
Add Pin To Net: Unknown Pin: Pin R34-1
Add Pin To Net: Unknown Pin: Pin R34-2
Add Pin To Net: Unknown Pin: Pin R39-1
Add Pin To Net: Unknown Pin: Pin R39-2
Add Pin To Net: Unknown Pin: Pin R41-1
Add Pin To Net: Unknown Pin: Pin R41-2
Add Pin To Net: Unknown Pin: Pin R42-1
Add Pin To Net: Unknown Pin: Pin R42-2
Add Pin To Net: Unknown Pin: Pin VD3-A
Add Pin To Net: Unknown Pin: Pin VD3-K
Add Pin To Net: Unknown Pin: Pin VD4-A
Add Pin To Net: Unknown Pin: Pin VD4-K
Add Pin To Net: Unknown Pin: Pin VD5-A
Add Pin To Net: Unknown Pin: Pin VD5-K
Add Pin To Net: Unknown Pin: Pin XS1-A1
Add Pin To Net: Unknown Pin: Pin XS1-A4
Add Pin To Net: Unknown Pin: Pin XS1-A5
Add Pin To Net: Unknown Pin: Pin XS1-A6
Add Pin To Net: Unknown Pin: Pin XS1-A7
Add Pin To Net: Unknown Pin: Pin XS1-A9
Add Pin To Net: Unknown Pin: Pin XS1-A12
Add Pin To Net: Unknown Pin: Pin XS1-B5
Add Pin To Net: Unknown Pin: Pin XS1-B6
Add Pin To Net: Unknown Pin: Pin XS1-B7
Add Pin To Net: Unknown Pin: Pin XS1-S1
Add Class Member: Failed to add class member : Component C1 CAPACITOR
Add Class Member: Failed to add class member : Component C3 CAPACITOR
Add Class Member: Failed to add class member : Component C5 CAPACITOR
Add Class Member: Failed to add class member : Component C6 CAPACITOR
Add Class Member: Failed to add class member : Component C7 CAPACITOR
Add Class Member: Failed to add class member : Component C8 CAPACITOR
Add Class Member: Failed to add class member : Component C9 CAPACITOR
Add Class Member: Failed to add class member : Component C10 CAPACITOR
Add Class Member: Failed to add class member : Component C11 CAPACITOR
Add Class Member: Failed to add class member : Component C12 CAPACITOR
Add Class Member: Failed to add class member : Component C13 CAPACITOR
Add Class Member: Failed to add class member : Component C14 CAPACITOR
Add Class Member: Failed to add class member : Component C15 CAPACITOR
Add Class Member: Failed to add class member : Component C16 CAPACITOR
Add Class Member: Failed to add class member : Component C17 CAPACITOR
Add Class Member: Failed to add class member : Component C18 CAPACITOR
Add Class Member: Failed to add class member : Component C19 CAPACITOR
Add Class Member: Failed to add class member : Component C20 CAPACITOR
Add Class Member: Failed to add class member : Component C21 CAPACITOR
Add Class Member: Failed to add class member : Component C22 CAPACITOR
Add Class Member: Failed to add class member : Component D1 TP4056
Add Class Member: Failed to add class member : Component D6 TTP223-BA6
Add Class Member: Failed to add class member : Component R7 RESISTOR
Add Class Member: Failed to add class member : Component R8 RESISTOR
Add Class Member: Failed to add class member : Component R34 RESISTOR
Add Class Member: Failed to add class member : Component R39 RESISTOR
Add Class Member: Failed to add class member : Component R41 RESISTOR
Add Class Member: Failed to add class member : Component R42 RESISTOR
Add Class Member: Failed to add class member : Component VD3 LED
Add Class Member: Failed to add class member : Component VD4 LED
Add Class Member: Failed to add class member : Component VD5 LED
Add Class Member: Failed to add class member : Component XS1 USB3.1TYPE-C 16PF-26
