Removed Member From Class: ClassName=Sensors Member=R29
Removed Member From Class: ClassName=Sensors Member=R32
Removed Member From Class: ClassName=Sensors Member=R33
Added Component: Designator=C1(CAP_0603)
Add component (AddParameter): Name = "Dielectric"; Value = "X7R"; VariantName = "[No Variations]"
Add component (AddParameter): Name = "Manufacturer"; Value = "Yageo"; VariantName = "[No Variations]"
Add component (AddParameter): Name = "Manufacturer Part Number"; Value = "CC0603KRX7R8BB104"; VariantName = "[No Variations]"
Add component (AddParameter): Name = "Part Number"; Value = "CAP_CER_0603_104_25_10_X7R"; VariantName = "[No Variations]"
Add component (AddParameter): Name = "Part Type"; Value = "0603"; VariantName = "[No Variations]"
Add component (AddParameter): Name = "Size"; Value = "0603"; VariantName = "[No Variations]"
Add component (AddParameter): Name = "Tolerance"; Value = "10%"; VariantName = "[No Variations]"
Add component (AddParameter): Name = "Value"; Value = "0,1uF"; VariantName = "[No Variations]"
Add component (AddParameter): Name = "Voltage"; Value = "25V"; VariantName = "[No Variations]"
Added Component: Designator=C3(CAP_0603)
Add component (AddParameter): Name = "Dielectric"; Value = "X7R"; VariantName = "[No Variations]"
Add component (AddParameter): Name = "Manufacturer"; Value = "Yageo"; VariantName = "[No Variations]"
Add component (AddParameter): Name = "Manufacturer Part Number"; Value = "CC0603KRX7R8BB104"; VariantName = "[No Variations]"
Add component (AddParameter): Name = "Part Number"; Value = "CAP_CER_0603_104_25_10_X7R"; VariantName = "[No Variations]"
Add component (AddParameter): Name = "Part Type"; Value = "0603"; VariantName = "[No Variations]"
Add component (AddParameter): Name = "Size"; Value = "0603"; VariantName = "[No Variations]"
Add component (AddParameter): Name = "Tolerance"; Value = "10%"; VariantName = "[No Variations]"
Add component (AddParameter): Name = "Value"; Value = "0,1uF"; VariantName = "[No Variations]"
Add component (AddParameter): Name = "Voltage"; Value = "25V"; VariantName = "[No Variations]"
Added Component: Designator=C5(CAP_0603)
Add component (AddParameter): Name = "Dielectric"; Value = "X7R"; VariantName = "[No Variations]"
Add component (AddParameter): Name = "Manufacturer"; Value = "Yageo"; VariantName = "[No Variations]"
Add component (AddParameter): Name = "Manufacturer Part Number"; Value = "CC0603KRX7R8BB104"; VariantName = "[No Variations]"
Add component (AddParameter): Name = "Part Number"; Value = "CAP_CER_0603_104_25_10_X7R"; VariantName = "[No Variations]"
Add component (AddParameter): Name = "Part Type"; Value = "0603"; VariantName = "[No Variations]"
Add component (AddParameter): Name = "Size"; Value = "0603"; VariantName = "[No Variations]"
Add component (AddParameter): Name = "Tolerance"; Value = "10%"; VariantName = "[No Variations]"
Add component (AddParameter): Name = "Value"; Value = "0,1uF"; VariantName = "[No Variations]"
Add component (AddParameter): Name = "Voltage"; Value = "25V"; VariantName = "[No Variations]"
Added Component: Designator=C6(CAP_0603)
Add component (AddParameter): Name = "Dielectric"; Value = "X7R"; VariantName = "[No Variations]"
Add component (AddParameter): Name = "Manufacturer"; Value = "Yageo"; VariantName = "[No Variations]"
Add component (AddParameter): Name = "Manufacturer Part Number"; Value = "CC0603KRX7R8BB104"; VariantName = "[No Variations]"
Add component (AddParameter): Name = "Part Number"; Value = "CAP_CER_0603_104_25_10_X7R"; VariantName = "[No Variations]"
Add component (AddParameter): Name = "Part Type"; Value = "0603"; VariantName = "[No Variations]"
Add component (AddParameter): Name = "Size"; Value = "0603"; VariantName = "[No Variations]"
Add component (AddParameter): Name = "Tolerance"; Value = "10%"; VariantName = "[No Variations]"
Add component (AddParameter): Name = "Value"; Value = "0,1uF"; VariantName = "[No Variations]"
Add component (AddParameter): Name = "Voltage"; Value = "25V"; VariantName = "[No Variations]"
Added Component: Designator=C7(CAP_0603)
Add component (AddParameter): Name = "Dielectric"; Value = "X7R"; VariantName = "[No Variations]"
Add component (AddParameter): Name = "Manufacturer"; Value = "Yageo"; VariantName = "[No Variations]"
Add component (AddParameter): Name = "Manufacturer Part Number"; Value = "CC0603KRX7R8BB104"; VariantName = "[No Variations]"
Add component (AddParameter): Name = "Part Number"; Value = "CAP_CER_0603_104_25_10_X7R"; VariantName = "[No Variations]"
Add component (AddParameter): Name = "Part Type"; Value = "0603"; VariantName = "[No Variations]"
Add component (AddParameter): Name = "Size"; Value = "0603"; VariantName = "[No Variations]"
Add component (AddParameter): Name = "Tolerance"; Value = "10%"; VariantName = "[No Variations]"
Add component (AddParameter): Name = "Value"; Value = "0,1uF"; VariantName = "[No Variations]"
Add component (AddParameter): Name = "Voltage"; Value = "25V"; VariantName = "[No Variations]"
Added Component: Designator=C8(CAP_0603)
Add component (AddParameter): Name = "Dielectric"; Value = "X7R"; VariantName = "[No Variations]"
Add component (AddParameter): Name = "Manufacturer"; Value = "Yageo"; VariantName = "[No Variations]"
Add component (AddParameter): Name = "Manufacturer Part Number"; Value = "CC0603KRX7R8BB104"; VariantName = "[No Variations]"
Add component (AddParameter): Name = "Part Number"; Value = "CAP_CER_0603_104_25_10_X7R"; VariantName = "[No Variations]"
Add component (AddParameter): Name = "Part Type"; Value = "0603"; VariantName = "[No Variations]"
Add component (AddParameter): Name = "Size"; Value = "0603"; VariantName = "[No Variations]"
Add component (AddParameter): Name = "Tolerance"; Value = "10%"; VariantName = "[No Variations]"
Add component (AddParameter): Name = "Value"; Value = "0,1uF"; VariantName = "[No Variations]"
Add component (AddParameter): Name = "Voltage"; Value = "25V"; VariantName = "[No Variations]"
Added Component: Designator=C9(CAP_0603)
Add component (AddParameter): Name = "Dielectric"; Value = "X7R"; VariantName = "[No Variations]"
Add component (AddParameter): Name = "Manufacturer"; Value = "Yageo"; VariantName = "[No Variations]"
Add component (AddParameter): Name = "Manufacturer Part Number"; Value = "CC0603KRX7R8BB104"; VariantName = "[No Variations]"
Add component (AddParameter): Name = "Part Number"; Value = "CAP_CER_0603_104_25_10_X7R"; VariantName = "[No Variations]"
Add component (AddParameter): Name = "Part Type"; Value = "0603"; VariantName = "[No Variations]"
Add component (AddParameter): Name = "Size"; Value = "0603"; VariantName = "[No Variations]"
Add component (AddParameter): Name = "Tolerance"; Value = "10%"; VariantName = "[No Variations]"
Add component (AddParameter): Name = "Value"; Value = "0,1uF"; VariantName = "[No Variations]"
Add component (AddParameter): Name = "Voltage"; Value = "25V"; VariantName = "[No Variations]"
Added Component: Designator=C10(CAP_0603)
Add component (AddParameter): Name = "Dielectric"; Value = "X7R"; VariantName = "[No Variations]"
Add component (AddParameter): Name = "Manufacturer"; Value = "Yageo"; VariantName = "[No Variations]"
Add component (AddParameter): Name = "Manufacturer Part Number"; Value = "CC0603KRX7R8BB104"; VariantName = "[No Variations]"
Add component (AddParameter): Name = "Part Number"; Value = "CAP_CER_0603_104_25_10_X7R"; VariantName = "[No Variations]"
Add component (AddParameter): Name = "Part Type"; Value = "0603"; VariantName = "[No Variations]"
Add component (AddParameter): Name = "Size"; Value = "0603"; VariantName = "[No Variations]"
Add component (AddParameter): Name = "Tolerance"; Value = "10%"; VariantName = "[No Variations]"
Add component (AddParameter): Name = "Value"; Value = "0,1uF"; VariantName = "[No Variations]"
Add component (AddParameter): Name = "Voltage"; Value = "25V"; VariantName = "[No Variations]"
Added Component: Designator=C11(CAP_0603)
Add component (AddParameter): Name = "Dielectric"; Value = "X7R"; VariantName = "[No Variations]"
Add component (AddParameter): Name = "Manufacturer"; Value = "Yageo"; VariantName = "[No Variations]"
Add component (AddParameter): Name = "Manufacturer Part Number"; Value = "CC0603KRX7R8BB104"; VariantName = "[No Variations]"
Add component (AddParameter): Name = "Part Number"; Value = "CAP_CER_0603_104_25_10_X7R"; VariantName = "[No Variations]"
Add component (AddParameter): Name = "Part Type"; Value = "0603"; VariantName = "[No Variations]"
Add component (AddParameter): Name = "Size"; Value = "0603"; VariantName = "[No Variations]"
Add component (AddParameter): Name = "Tolerance"; Value = "10%"; VariantName = "[No Variations]"
Add component (AddParameter): Name = "Value"; Value = "0,1uF"; VariantName = "[No Variations]"
Add component (AddParameter): Name = "Voltage"; Value = "25V"; VariantName = "[No Variations]"
Added Component: Designator=C12(CAP_0603)
Add component (AddParameter): Name = "Dielectric"; Value = "X5R"; VariantName = "[No Variations]"
Add component (AddParameter): Name = "Manufacturer"; Value = "Yageo"; VariantName = "[No Variations]"
Add component (AddParameter): Name = "Manufacturer Part Number"; Value = "CC0603KRX5R8BB105"; VariantName = "[No Variations]"
Add component (AddParameter): Name = "Part Number"; Value = "CAP_CER_0603_105_25_10_X5R"; VariantName = "[No Variations]"
Add component (AddParameter): Name = "Part Type"; Value = "0603"; VariantName = "[No Variations]"
Add component (AddParameter): Name = "Size"; Value = "0603"; VariantName = "[No Variations]"
Add component (AddParameter): Name = "Tolerance"; Value = "10%"; VariantName = "[No Variations]"
Add component (AddParameter): Name = "Value"; Value = "1,0uF"; VariantName = "[No Variations]"
Add component (AddParameter): Name = "Voltage"; Value = "25V"; VariantName = "[No Variations]"
Added Component: Designator=C13(CAP_0603)
Add component (AddParameter): Name = "Dielectric"; Value = "X7R"; VariantName = "[No Variations]"
Add component (AddParameter): Name = "Manufacturer"; Value = "Yageo"; VariantName = "[No Variations]"
Add component (AddParameter): Name = "Manufacturer Part Number"; Value = "CC0603KRX7R8BB104"; VariantName = "[No Variations]"
Add component (AddParameter): Name = "Part Number"; Value = "CAP_CER_0603_104_25_10_X7R"; VariantName = "[No Variations]"
Add component (AddParameter): Name = "Part Type"; Value = "0603"; VariantName = "[No Variations]"
Add component (AddParameter): Name = "Size"; Value = "0603"; VariantName = "[No Variations]"
Add component (AddParameter): Name = "Tolerance"; Value = "10%"; VariantName = "[No Variations]"
Add component (AddParameter): Name = "Value"; Value = "0,1uF"; VariantName = "[No Variations]"
Add component (AddParameter): Name = "Voltage"; Value = "25V"; VariantName = "[No Variations]"
Added Component: Designator=C14(CAP_0603)
Add component (AddParameter): Name = "Dielectric"; Value = "X5R"; VariantName = "[No Variations]"
Add component (AddParameter): Name = "Manufacturer"; Value = "Yageo"; VariantName = "[No Variations]"
Add component (AddParameter): Name = "Manufacturer Part Number"; Value = "CC0603KRX5R8BB105"; VariantName = "[No Variations]"
Add component (AddParameter): Name = "Part Number"; Value = "CAP_CER_0603_105_25_10_X5R"; VariantName = "[No Variations]"
Add component (AddParameter): Name = "Part Type"; Value = "0603"; VariantName = "[No Variations]"
Add component (AddParameter): Name = "Size"; Value = "0603"; VariantName = "[No Variations]"
Add component (AddParameter): Name = "Tolerance"; Value = "10%"; VariantName = "[No Variations]"
Add component (AddParameter): Name = "Value"; Value = "1,0uF"; VariantName = "[No Variations]"
Add component (AddParameter): Name = "Voltage"; Value = "25V"; VariantName = "[No Variations]"
Added Component: Designator=C15(CAP_0603)
Add component (AddParameter): Name = "Dielectric"; Value = "X7R"; VariantName = "[No Variations]"
Add component (AddParameter): Name = "Manufacturer"; Value = "Yageo"; VariantName = "[No Variations]"
Add component (AddParameter): Name = "Manufacturer Part Number"; Value = "CC0603KRX7R8BB104"; VariantName = "[No Variations]"
Add component (AddParameter): Name = "Part Number"; Value = "CAP_CER_0603_104_25_10_X7R"; VariantName = "[No Variations]"
Add component (AddParameter): Name = "Part Type"; Value = "0603"; VariantName = "[No Variations]"
Add component (AddParameter): Name = "Size"; Value = "0603"; VariantName = "[No Variations]"
Add component (AddParameter): Name = "Tolerance"; Value = "10%"; VariantName = "[No Variations]"
Add component (AddParameter): Name = "Value"; Value = "0,1uF"; VariantName = "[No Variations]"
Add component (AddParameter): Name = "Voltage"; Value = "25V"; VariantName = "[No Variations]"
Added Component: Designator=C16(CAP_0603)
Add component (AddParameter): Name = "Dielectric"; Value = "X5R"; VariantName = "[No Variations]"
Add component (AddParameter): Name = "Manufacturer"; Value = "Yageo"; VariantName = "[No Variations]"
Add component (AddParameter): Name = "Manufacturer Part Number"; Value = "CC0603KRX5R6BB225"; VariantName = "[No Variations]"
Add component (AddParameter): Name = "Part Number"; Value = "CAP_CER_0603_225_10_10_X5R"; VariantName = "[No Variations]"
Add component (AddParameter): Name = "Part Type"; Value = "0603"; VariantName = "[No Variations]"
Add component (AddParameter): Name = "Size"; Value = "0603"; VariantName = "[No Variations]"
Add component (AddParameter): Name = "Tolerance"; Value = "10%"; VariantName = "[No Variations]"
Add component (AddParameter): Name = "Value"; Value = "2,2uF"; VariantName = "[No Variations]"
Add component (AddParameter): Name = "Voltage"; Value = "10V"; VariantName = "[No Variations]"
Added Component: Designator=C17(CAP_0603)
Add component (AddParameter): Name = "Dielectric"; Value = "X7R"; VariantName = "[No Variations]"
Add component (AddParameter): Name = "Manufacturer"; Value = "Yageo"; VariantName = "[No Variations]"
Add component (AddParameter): Name = "Manufacturer Part Number"; Value = "CC0603KRX7R8BB104"; VariantName = "[No Variations]"
Add component (AddParameter): Name = "Part Number"; Value = "CAP_CER_0603_104_25_10_X7R"; VariantName = "[No Variations]"
Add component (AddParameter): Name = "Part Type"; Value = "0603"; VariantName = "[No Variations]"
Add component (AddParameter): Name = "Size"; Value = "0603"; VariantName = "[No Variations]"
Add component (AddParameter): Name = "Tolerance"; Value = "10%"; VariantName = "[No Variations]"
Add component (AddParameter): Name = "Value"; Value = "0,1uF"; VariantName = "[No Variations]"
Add component (AddParameter): Name = "Voltage"; Value = "25V"; VariantName = "[No Variations]"
Added Component: Designator=C18(CAP_0603)
Add component (AddParameter): Name = "Dielectric"; Value = "C0G"; VariantName = "[No Variations]"
Add component (AddParameter): Name = "Manufacturer"; Value = "Yageo"; VariantName = "[No Variations]"
Add component (AddParameter): Name = "Manufacturer Part Number"; Value = "CC0603JRNPO9BN220"; VariantName = "[No Variations]"
Add component (AddParameter): Name = "Part Number"; Value = "CAP_CER_0603_220_50_5_C0G"; VariantName = "[No Variations]"
Add component (AddParameter): Name = "Part Type"; Value = "0603"; VariantName = "[No Variations]"
Add component (AddParameter): Name = "Size"; Value = "0603"; VariantName = "[No Variations]"
Add component (AddParameter): Name = "Tolerance"; Value = "5%"; VariantName = "[No Variations]"
Add component (AddParameter): Name = "Value"; Value = "22pF"; VariantName = "[No Variations]"
Add component (AddParameter): Name = "Voltage"; Value = "50V"; VariantName = "[No Variations]"
Added Component: Designator=C19(CAP_0603)
Add component (AddParameter): Name = "Dielectric"; Value = "X7R"; VariantName = "[No Variations]"
Add component (AddParameter): Name = "Manufacturer"; Value = "Yageo"; VariantName = "[No Variations]"
Add component (AddParameter): Name = "Manufacturer Part Number"; Value = "CC0603KRX7R8BB104"; VariantName = "[No Variations]"
Add component (AddParameter): Name = "Part Number"; Value = "CAP_CER_0603_104_25_10_X7R"; VariantName = "[No Variations]"
Add component (AddParameter): Name = "Part Type"; Value = "0603"; VariantName = "[No Variations]"
Add component (AddParameter): Name = "Size"; Value = "0603"; VariantName = "[No Variations]"
Add component (AddParameter): Name = "Tolerance"; Value = "10%"; VariantName = "[No Variations]"
Add component (AddParameter): Name = "Value"; Value = "0,1uF"; VariantName = "[No Variations]"
Add component (AddParameter): Name = "Voltage"; Value = "25V"; VariantName = "[No Variations]"
Added Component: Designator=C20(CAP_0603)
Add component (AddParameter): Name = "Dielectric"; Value = "X7R"; VariantName = "[No Variations]"
Add component (AddParameter): Name = "Manufacturer"; Value = "Yageo"; VariantName = "[No Variations]"
Add component (AddParameter): Name = "Manufacturer Part Number"; Value = "CC0603KRX7R8BB104"; VariantName = "[No Variations]"
Add component (AddParameter): Name = "Part Number"; Value = "CAP_CER_0603_104_25_10_X7R"; VariantName = "[No Variations]"
Add component (AddParameter): Name = "Part Type"; Value = "0603"; VariantName = "[No Variations]"
Add component (AddParameter): Name = "Size"; Value = "0603"; VariantName = "[No Variations]"
Add component (AddParameter): Name = "Tolerance"; Value = "10%"; VariantName = "[No Variations]"
Add component (AddParameter): Name = "Value"; Value = "0,1uF"; VariantName = "[No Variations]"
Add component (AddParameter): Name = "Voltage"; Value = "25V"; VariantName = "[No Variations]"
Added Component: Designator=C21(CAP_0603)
Add component (AddParameter): Name = "Dielectric"; Value = "X7R"; VariantName = "[No Variations]"
Add component (AddParameter): Name = "Manufacturer"; Value = "Yageo"; VariantName = "[No Variations]"
Add component (AddParameter): Name = "Manufacturer Part Number"; Value = "CC0603KRX7R8BB104"; VariantName = "[No Variations]"
Add component (AddParameter): Name = "Part Number"; Value = "CAP_CER_0603_104_25_10_X7R"; VariantName = "[No Variations]"
Add component (AddParameter): Name = "Part Type"; Value = "0603"; VariantName = "[No Variations]"
Add component (AddParameter): Name = "Size"; Value = "0603"; VariantName = "[No Variations]"
Add component (AddParameter): Name = "Tolerance"; Value = "10%"; VariantName = "[No Variations]"
Add component (AddParameter): Name = "Value"; Value = "0,1uF"; VariantName = "[No Variations]"
Add component (AddParameter): Name = "Voltage"; Value = "25V"; VariantName = "[No Variations]"
Added Component: Designator=C22(CAP_0603)
Add component (AddParameter): Name = "Dielectric"; Value = "X7R"; VariantName = "[No Variations]"
Add component (AddParameter): Name = "Manufacturer"; Value = "Yageo"; VariantName = "[No Variations]"
Add component (AddParameter): Name = "Manufacturer Part Number"; Value = "CC0603KRX7R8BB104"; VariantName = "[No Variations]"
Add component (AddParameter): Name = "Part Number"; Value = "CAP_CER_0603_104_25_10_X7R"; VariantName = "[No Variations]"
Add component (AddParameter): Name = "Part Type"; Value = "0603"; VariantName = "[No Variations]"
Add component (AddParameter): Name = "Size"; Value = "0603"; VariantName = "[No Variations]"
Add component (AddParameter): Name = "Tolerance"; Value = "10%"; VariantName = "[No Variations]"
Add component (AddParameter): Name = "Value"; Value = "0,1uF"; VariantName = "[No Variations]"
Add component (AddParameter): Name = "Voltage"; Value = "25V"; VariantName = "[No Variations]"
Added Component: Designator=D1(ESOP-8)
Add component (AddParameter): Name = "Manufacturer"; Value = "UMW"; VariantName = "[No Variations]"
Add component (AddParameter): Name = "Manufacturer Part Number"; Value = "TP4056"; VariantName = "[No Variations]"
Add component (AddParameter): Name = "Part Number"; Value = "TP4056"; VariantName = "[No Variations]"
Add component (AddParameter): Name = "Part Type"; Value = "POWER"; VariantName = "[No Variations]"
Add component (AddParameter): Name = "Size"; Value = "ESOP-8"; VariantName = "[No Variations]"
Add component (AddParameter): Name = "Value"; Value = "TP4056"; VariantName = "[No Variations]"
Added Component: Designator=D6(SOT-23-6L_1)
Add component (AddParameter): Name = "Manufacturer"; Value = "Tontek"; VariantName = "[No Variations]"
Add component (AddParameter): Name = "Manufacturer Part Number"; Value = "TTP223-BA6"; VariantName = "[No Variations]"
Add component (AddParameter): Name = "Part Number"; Value = "TTP223-BA6"; VariantName = "[No Variations]"
Add component (AddParameter): Name = "Part Type"; Value = "LOGIC"; VariantName = "[No Variations]"
Add component (AddParameter): Name = "Size"; Value = "SOT-23-6L_1"; VariantName = "[No Variations]"
Add component (AddParameter): Name = "Value"; Value = "TTP223-BA6"; VariantName = "[No Variations]"
Add Component: Footprint Not Found UFQFPN48
Added Component: Designator=R7(RES_0603)
Add component (AddParameter): Name = "Manufacturer"; Value = "Yageo"; VariantName = "[No Variations]"
Add component (AddParameter): Name = "Manufacturer Part Number"; Value = "RC0603JR-073KL"; VariantName = "[No Variations]"
Add component (AddParameter): Name = "Part Number"; Value = "RES_SMD_0603_3K_5%"; VariantName = "[No Variations]"
Add component (AddParameter): Name = "Part Type"; Value = "0603"; VariantName = "[No Variations]"
Add component (AddParameter): Name = "Power"; Value = "100mW"; VariantName = "[No Variations]"
Add component (AddParameter): Name = "Size"; Value = "0603"; VariantName = "[No Variations]"
Add component (AddParameter): Name = "Tolerance"; Value = "5%"; VariantName = "[No Variations]"
Add component (AddParameter): Name = "Value"; Value = "3K"; VariantName = "[No Variations]"
Added Component: Designator=R8(RES_0603)
Add component (AddParameter): Name = "Manufacturer"; Value = "Yageo"; VariantName = "[No Variations]"
Add component (AddParameter): Name = "Manufacturer Part Number"; Value = "RC0603JR-073KL"; VariantName = "[No Variations]"
Add component (AddParameter): Name = "Part Number"; Value = "RES_SMD_0603_3K_5%"; VariantName = "[No Variations]"
Add component (AddParameter): Name = "Part Type"; Value = "0603"; VariantName = "[No Variations]"
Add component (AddParameter): Name = "Power"; Value = "100mW"; VariantName = "[No Variations]"
Add component (AddParameter): Name = "Size"; Value = "0603"; VariantName = "[No Variations]"
Add component (AddParameter): Name = "Tolerance"; Value = "5%"; VariantName = "[No Variations]"
Add component (AddParameter): Name = "Value"; Value = "3K"; VariantName = "[No Variations]"
Added Component: Designator=R34(RES_0603)
Add component (AddParameter): Name = "Manufacturer"; Value = "Yageo"; VariantName = "[No Variations]"
Add component (AddParameter): Name = "Manufacturer Part Number"; Value = "RC0603JR-07100KL"; VariantName = "[No Variations]"
Add component (AddParameter): Name = "Part Number"; Value = "RES_SMD_0603_100K_5%"; VariantName = "[No Variations]"
Add component (AddParameter): Name = "Part Type"; Value = "0603"; VariantName = "[No Variations]"
Add component (AddParameter): Name = "Power"; Value = "100mW"; VariantName = "[No Variations]"
Add component (AddParameter): Name = "Size"; Value = "0603"; VariantName = "[No Variations]"
Add component (AddParameter): Name = "Tolerance"; Value = "5%"; VariantName = "[No Variations]"
Add component (AddParameter): Name = "Value"; Value = "-"; VariantName = "[No Variations]"
Added Component: Designator=R39(RES_0603)
Add component (AddParameter): Name = "Manufacturer"; Value = "Yageo"; VariantName = "[No Variations]"
Add component (AddParameter): Name = "Manufacturer Part Number"; Value = "RC0603JR-073KL"; VariantName = "[No Variations]"
Add component (AddParameter): Name = "Part Number"; Value = "RES_SMD_0603_3K_5%"; VariantName = "[No Variations]"
Add component (AddParameter): Name = "Part Type"; Value = "0603"; VariantName = "[No Variations]"
Add component (AddParameter): Name = "Power"; Value = "100mW"; VariantName = "[No Variations]"
Add component (AddParameter): Name = "Size"; Value = "0603"; VariantName = "[No Variations]"
Add component (AddParameter): Name = "Tolerance"; Value = "5%"; VariantName = "[No Variations]"
Add component (AddParameter): Name = "Value"; Value = "3K"; VariantName = "[No Variations]"
Added Component: Designator=R41(RES_0603)
Add component (AddParameter): Name = "Manufacturer"; Value = "Yageo"; VariantName = "[No Variations]"
Add component (AddParameter): Name = "Manufacturer Part Number"; Value = "RC0603JR-070RL"; VariantName = "[No Variations]"
Add component (AddParameter): Name = "Part Number"; Value = "RES_SMD_0603_0R_5%"; VariantName = "[No Variations]"
Add component (AddParameter): Name = "Part Type"; Value = "0603"; VariantName = "[No Variations]"
Add component (AddParameter): Name = "Power"; Value = "100mW"; VariantName = "[No Variations]"
Add component (AddParameter): Name = "Size"; Value = "0603"; VariantName = "[No Variations]"
Add component (AddParameter): Name = "Tolerance"; Value = "5%"; VariantName = "[No Variations]"
Add component (AddParameter): Name = "Value"; Value = "0"; VariantName = "[No Variations]"
Added Component: Designator=R42(RES_0603)
Add component (AddParameter): Name = "Manufacturer"; Value = "Yageo"; VariantName = "[No Variations]"
Add component (AddParameter): Name = "Manufacturer Part Number"; Value = "RC0603JR-070RL"; VariantName = "[No Variations]"
Add component (AddParameter): Name = "Part Number"; Value = "RES_SMD_0603_0R_5%"; VariantName = "[No Variations]"
Add component (AddParameter): Name = "Part Type"; Value = "0603"; VariantName = "[No Variations]"
Add component (AddParameter): Name = "Power"; Value = "100mW"; VariantName = "[No Variations]"
Add component (AddParameter): Name = "Size"; Value = "0603"; VariantName = "[No Variations]"
Add component (AddParameter): Name = "Tolerance"; Value = "5%"; VariantName = "[No Variations]"
Add component (AddParameter): Name = "Value"; Value = "0"; VariantName = "[No Variations]"
Added Component: Designator=VD3(LED_0603_R)
Add component (AddParameter): Name = "Manufacturer"; Value = "Foryard"; VariantName = "[No Variations]"
Add component (AddParameter): Name = "Manufacturer Part Number"; Value = "FYLS-0603URC"; VariantName = "[No Variations]"
Add component (AddParameter): Name = "Part Number"; Value = "FYLS-0603URC"; VariantName = "[No Variations]"
Add component (AddParameter): Name = "Part Type"; Value = "LED"; VariantName = "[No Variations]"
Add component (AddParameter): Name = "Size"; Value = "0603"; VariantName = "[No Variations]"
Add component (AddParameter): Name = "Value"; Value = "FYLS-0603URC"; VariantName = "[No Variations]"
Added Component: Designator=VD4(LED_0603_G)
Add component (AddParameter): Name = "Manufacturer"; Value = "Foryard"; VariantName = "[No Variations]"
Add component (AddParameter): Name = "Manufacturer Part Number"; Value = "FYLS-0603UGC"; VariantName = "[No Variations]"
Add component (AddParameter): Name = "Part Number"; Value = "FYLS-0603UGC"; VariantName = "[No Variations]"
Add component (AddParameter): Name = "Part Type"; Value = "LED"; VariantName = "[No Variations]"
Add component (AddParameter): Name = "Replace"; Value = "BL-HGE36G-AV-TR8"; VariantName = "[No Variations]"
Add component (AddParameter): Name = "Size"; Value = "0603"; VariantName = "[No Variations]"
Add component (AddParameter): Name = "Value"; Value = "FYLS-0603UGC"; VariantName = "[No Variations]"
Added Component: Designator=VD5(LED_0603_G)
Add component (AddParameter): Name = "Manufacturer"; Value = "Foryard"; VariantName = "[No Variations]"
Add component (AddParameter): Name = "Manufacturer Part Number"; Value = "FYLS-0603UGC"; VariantName = "[No Variations]"
Add component (AddParameter): Name = "Part Number"; Value = "FYLS-0603UGC"; VariantName = "[No Variations]"
Add component (AddParameter): Name = "Part Type"; Value = "LED"; VariantName = "[No Variations]"
Add component (AddParameter): Name = "Replace"; Value = "BL-HGE36G-AV-TR8"; VariantName = "[No Variations]"
Add component (AddParameter): Name = "Size"; Value = "0603"; VariantName = "[No Variations]"
Add component (AddParameter): Name = "Value"; Value = "FYLS-0603UGC"; VariantName = "[No Variations]"
Added Component: Designator=XS1(USB3.1TYPE-C 16PF-26)
Add component (AddParameter): Name = "Manufacturer"; Value = "RUICHI"; VariantName = "[No Variations]"
Add component (AddParameter): Name = "Manufacturer Part Number"; Value = "RUICHI USB3.1 TYPE-C"; VariantName = "[No Variations]"
Add component (AddParameter): Name = "Part Number"; Value = "USB3.1 TYPE-C 16PF-026"; VariantName = "[No Variations]"
Add component (AddParameter): Name = "Part Type"; Value = "PC"; VariantName = "[No Variations]"
Add component (AddParameter): Name = "Replace"; Value = "USB4110-GF-A (GCT)"; VariantName = "[No Variations]"
Add component (AddParameter): Name = "Value"; Value = "USB3.1 TYPE-C 16PF-026"; VariantName = "[No Variations]"
Added Pin To Net: NetName=GND Pin=C1-1
Added Pin To Net: NetName=+5V Pin=C1-2
Added Pin To Net: NetName=+5V Pin=C3-1
Added Pin To Net: NetName=GND Pin=C3-2
Added Pin To Net: NetName=+3V3 Pin=C5-1
Added Pin To Net: NetName=GNDB Pin=C5-2
Added Pin To Net: NetName=+3V3 Pin=C6-1
Added Pin To Net: NetName=GNDB Pin=C6-2
Added Pin To Net: NetName=GNDB Pin=C7-1
Added Pin To Net: NetName=NetC7_2 Pin=C7-2
Added Pin To Net: NetName=+3V3 Pin=C8-1
Added Pin To Net: NetName=GNDB Pin=C8-2
Added Pin To Net: NetName=+3V3 Pin=C9-1
Added Pin To Net: NetName=GNDB Pin=C9-2
Added Pin To Net: NetName=+3V3 Pin=C10-1
Added Pin To Net: NetName=GNDB Pin=C10-2
Added Pin To Net: NetName=+4V2_BAT Pin=C11-1
Added Pin To Net: NetName=GNDB Pin=C11-2
Added Pin To Net: NetName=GNDB Pin=C12-1
Added Pin To Net: NetName=+4V2_BAT Pin=C12-2
Added Pin To Net: NetName=ADC_CHARGE_LVL Pin=C13-1
Added Pin To Net: NetName=GNDB Pin=C13-2
Added Pin To Net: NetName=+3V3 Pin=C14-1
Added Pin To Net: NetName=GNDB Pin=C14-2
Added Pin To Net: NetName=GNDB Pin=C15-1
Added Pin To Net: NetName=NRST Pin=C15-2
Added Pin To Net: NetName=NetC16_1 Pin=C16-1
Added Pin To Net: NetName=GNDB Pin=C16-2
Added Pin To Net: NetName=ISTOUCH Pin=C17-1
Added Pin To Net: NetName=GNDB Pin=C17-2
Added Pin To Net: NetName=GNDB Pin=C18-1
Added Pin To Net: NetName=TOUCHPAD Pin=C18-2
Added Pin To Net: NetName=GNDB Pin=C19-1
Added Pin To Net: NetName=+3V3B Pin=C19-2
Added Pin To Net: NetName=GNDB Pin=C20-1
Added Pin To Net: NetName=+3V3B Pin=C20-2
Added Pin To Net: NetName=+3V3 Pin=C21-1
Added Pin To Net: NetName=GNDB Pin=C21-2
Added Pin To Net: NetName=GNDB Pin=C22-1
Added Pin To Net: NetName=+3V3 Pin=C22-2
Added Pin To Net: NetName=GND Pin=D1-0
Added Pin To Net: NetName=NetD1_1 Pin=D1-1
Added Pin To Net: NetName=NetD1_2 Pin=D1-2
Added Pin To Net: NetName=GND Pin=D1-3
Added Pin To Net: NetName=+5V Pin=D1-4
Added Pin To Net: NetName=+4V2_BAT Pin=D1-5
Added Pin To Net: NetName=NetD1_6 Pin=D1-6
Added Pin To Net: NetName=NetD1_7 Pin=D1-7
Added Pin To Net: NetName=+5V Pin=D1-8
Added Pin To Net: NetName=ISTOUCH Pin=D6-1
Added Pin To Net: NetName=GNDB Pin=D6-2
Added Pin To Net: NetName=TOUCHPAD Pin=D6-3
Added Pin To Net: NetName=NetD6_4 Pin=D6-4
Added Pin To Net: NetName=+3V3 Pin=D6-5
Added Pin To Net: NetName=NetD6_6 Pin=D6-6
Add Pin To Net: Unknown Pin: Pin DD1-1
Add Pin To Net: Unknown Pin: Pin DD1-7
Add Pin To Net: Unknown Pin: Pin DD1-8
Add Pin To Net: Unknown Pin: Pin DD1-9
Add Pin To Net: Unknown Pin: Pin DD1-10
Add Pin To Net: Unknown Pin: Pin DD1-11
Add Pin To Net: Unknown Pin: Pin DD1-12
Add Pin To Net: Unknown Pin: Pin DD1-13
Add Pin To Net: Unknown Pin: Pin DD1-14
Add Pin To Net: Unknown Pin: Pin DD1-15
Add Pin To Net: Unknown Pin: Pin DD1-16
Add Pin To Net: Unknown Pin: Pin DD1-17
Add Pin To Net: Unknown Pin: Pin DD1-20
Add Pin To Net: Unknown Pin: Pin DD1-22
Add Pin To Net: Unknown Pin: Pin DD1-23
Add Pin To Net: Unknown Pin: Pin DD1-24
Add Pin To Net: Unknown Pin: Pin DD1-29
Add Pin To Net: Unknown Pin: Pin DD1-30
Add Pin To Net: Unknown Pin: Pin DD1-32
Add Pin To Net: Unknown Pin: Pin DD1-33
Add Pin To Net: Unknown Pin: Pin DD1-34
Add Pin To Net: Unknown Pin: Pin DD1-35
Add Pin To Net: Unknown Pin: Pin DD1-36
Add Pin To Net: Unknown Pin: Pin DD1-37
Add Pin To Net: Unknown Pin: Pin DD1-38
Add Pin To Net: Unknown Pin: Pin DD1-39
Add Pin To Net: Unknown Pin: Pin DD1-42
Add Pin To Net: Unknown Pin: Pin DD1-43
Add Pin To Net: Unknown Pin: Pin DD1-44
Add Pin To Net: Unknown Pin: Pin DD1-47
Add Pin To Net: Unknown Pin: Pin DD1-48
Add Pin To Net: Unknown Pin: Pin DD1-49
Added Pin To Net: NetName=NetR7_1 Pin=R7-1
Added Pin To Net: NetName=NetD1_7 Pin=R7-2
Added Pin To Net: NetName=NetR8_1 Pin=R8-1
Added Pin To Net: NetName=NetD1_6 Pin=R8-2
Added Pin To Net: NetName=NetDD1_44 Pin=R34-1
Added Pin To Net: NetName=+3V3 Pin=R34-2
Added Pin To Net: NetName=GNDB Pin=R39-1
Added Pin To Net: NetName=NetR39_2 Pin=R39-2
Added Pin To Net: NetName=NetD6_6 Pin=R41-1
Added Pin To Net: NetName=GNDB Pin=R41-2
Added Pin To Net: NetName=NetD6_4 Pin=R42-1
Added Pin To Net: NetName=GNDB Pin=R42-2
Added Pin To Net: NetName=+5V Pin=VD3-A
Added Pin To Net: NetName=NetR7_1 Pin=VD3-K
Added Pin To Net: NetName=+5V Pin=VD4-A
Added Pin To Net: NetName=NetR8_1 Pin=VD4-K
Added Pin To Net: NetName=ISTOUCH Pin=VD5-A
Added Pin To Net: NetName=NetR39_2 Pin=VD5-K
Added Pin To Net: NetName=GND Pin=XS1-A1
Added Pin To Net: NetName=NetR5_1 Pin=XS1-A4
Added Pin To Net: NetName=NetR3_1 Pin=XS1-A5
Added Pin To Net: NetName=USB_DP_IN Pin=XS1-A6
Added Pin To Net: NetName=USB_DN_IN Pin=XS1-A7
Added Pin To Net: NetName=NetR5_1 Pin=XS1-A9
Added Pin To Net: NetName=GND Pin=XS1-A12
Added Pin To Net: NetName=NetR4_1 Pin=XS1-B5
Added Pin To Net: NetName=USB_DP_IN Pin=XS1-B6
Added Pin To Net: NetName=USB_DN_IN Pin=XS1-B7
Added Pin To Net: NetName=GND Pin=XS1-S1
Added Pin To Net: NetName=GND Pin=XS1-S1
Added Pin To Net: NetName=GND Pin=XS1-S1
Added Pin To Net: NetName=GND Pin=XS1-S1
Added Member To Class: ClassName=Power Member=Component C1 CAPACITOR
Added Member To Class: ClassName=Power Member=Component C3 CAPACITOR
Added Member To Class: ClassName=Power Member=Component C5 CAPACITOR
Added Member To Class: ClassName=Power Member=Component C6 CAPACITOR
Added Member To Class: ClassName=Power Member=Component C7 CAPACITOR
Added Member To Class: ClassName=Power Member=Component C8 CAPACITOR
Added Member To Class: ClassName=Power Member=Component C9 CAPACITOR
Added Member To Class: ClassName=Power Member=Component C10 CAPACITOR
Added Member To Class: ClassName=Power Member=Component C11 CAPACITOR
Added Member To Class: ClassName=Power Member=Component C12 CAPACITOR
Added Member To Class: ClassName=Power Member=Component C13 CAPACITOR
Added Member To Class: ClassName=Power Member=Component C14 CAPACITOR
Added Member To Class: ClassName=MCU Member=Component C15 CAPACITOR
Added Member To Class: ClassName=MCU Member=Component C16 CAPACITOR
Added Member To Class: ClassName=Sensors Member=Component C17 CAPACITOR
Added Member To Class: ClassName=Sensors Member=Component C18 CAPACITOR
Added Member To Class: ClassName=Sensors Member=Component C19 CAPACITOR
Added Member To Class: ClassName=Sensors Member=Component C20 CAPACITOR
Added Member To Class: ClassName=Sensors Member=Component C21 CAPACITOR
Added Member To Class: ClassName=Sensors Member=Component C22 CAPACITOR
Added Member To Class: ClassName=Power Member=Component D1 TP4056
Added Member To Class: ClassName=Sensors Member=Component D6 TTP223-BA6
Add Class Member: Failed to add class member : Component DD1 STM32F411CEU6
Added Member To Class: ClassName=Power Member=Component R7 RESISTOR
Added Member To Class: ClassName=Power Member=Component R8 RESISTOR
Added Member To Class: ClassName=MCU Member=Component R34 RESISTOR
Added Member To Class: ClassName=Sensors Member=Component R39 RESISTOR
Added Member To Class: ClassName=Sensors Member=Component R41 RESISTOR
Added Member To Class: ClassName=Sensors Member=Component R42 RESISTOR
Added Member To Class: ClassName=Power Member=Component VD3 LED
Added Member To Class: ClassName=Power Member=Component VD4 LED
Added Member To Class: ClassName=Sensors Member=Component VD5 LED
Added Member To Class: ClassName=Power Member=Component XS1 USB3.1TYPE-C 16PF-26
