Added Component: Designator=R7(RES_0603)
Add component (AddParameter): Name = "Manufacturer"; Value = "Yageo"; VariantName = "[No Variations]"
Add component (AddParameter): Name = "Manufacturer Part Number"; Value = "RC0603JR-073KL"; VariantName = "[No Variations]"
Add component (AddParameter): Name = "Part Number"; Value = "RES_SMD_0603_3K_5%"; VariantName = "[No Variations]"
Add component (AddParameter): Name = "Part Type"; Value = "0603"; VariantName = "[No Variations]"
Add component (AddParameter): Name = "Power"; Value = "100mW"; VariantName = "[No Variations]"
Add component (AddParameter): Name = "Size"; Value = "0603"; VariantName = "[No Variations]"
Add component (AddParameter): Name = "Tolerance"; Value = "5%"; VariantName = "[No Variations]"
Add component (AddParameter): Name = "Value"; Value = "3K"; VariantName = "[No Variations]"
Added Component: Designator=R8(RES_0603)
Add component (AddParameter): Name = "Manufacturer"; Value = "Yageo"; VariantName = "[No Variations]"
Add component (AddParameter): Name = "Manufacturer Part Number"; Value = "RC0603JR-073KL"; VariantName = "[No Variations]"
Add component (AddParameter): Name = "Part Number"; Value = "RES_SMD_0603_3K_5%"; VariantName = "[No Variations]"
Add component (AddParameter): Name = "Part Type"; Value = "0603"; VariantName = "[No Variations]"
Add component (AddParameter): Name = "Power"; Value = "100mW"; VariantName = "[No Variations]"
Add component (AddParameter): Name = "Size"; Value = "0603"; VariantName = "[No Variations]"
Add component (AddParameter): Name = "Tolerance"; Value = "5%"; VariantName = "[No Variations]"
Add component (AddParameter): Name = "Value"; Value = "3K"; VariantName = "[No Variations]"
Added Component: Designator=R34(RES_0603)
Add component (AddParameter): Name = "Manufacturer"; Value = "Yageo"; VariantName = "[No Variations]"
Add component (AddParameter): Name = "Manufacturer Part Number"; Value = "RC0603JR-0710KL"; VariantName = "[No Variations]"
Add component (AddParameter): Name = "Part Number"; Value = "RES_SMD_0603_10K_5%"; VariantName = "[No Variations]"
Add component (AddParameter): Name = "Part Type"; Value = "0603"; VariantName = "[No Variations]"
Add component (AddParameter): Name = "Power"; Value = "100mW"; VariantName = "[No Variations]"
Add component (AddParameter): Name = "Size"; Value = "0603"; VariantName = "[No Variations]"
Add component (AddParameter): Name = "Tolerance"; Value = "5%"; VariantName = "[No Variations]"
Add component (AddParameter): Name = "Value"; Value = "-"; VariantName = "[No Variations]"
Added Component: Designator=R39(RES_0603)
Add component (AddParameter): Name = "Manufacturer"; Value = "Yageo"; VariantName = "[No Variations]"
Add component (AddParameter): Name = "Manufacturer Part Number"; Value = "RC0603JR-073KL"; VariantName = "[No Variations]"
Add component (AddParameter): Name = "Part Number"; Value = "RES_SMD_0603_3K_5%"; VariantName = "[No Variations]"
Add component (AddParameter): Name = "Part Type"; Value = "0603"; VariantName = "[No Variations]"
Add component (AddParameter): Name = "Power"; Value = "100mW"; VariantName = "[No Variations]"
Add component (AddParameter): Name = "Size"; Value = "0603"; VariantName = "[No Variations]"
Add component (AddParameter): Name = "Tolerance"; Value = "5%"; VariantName = "[No Variations]"
Add component (AddParameter): Name = "Value"; Value = "3K"; VariantName = "[No Variations]"
Added Component: Designator=R41(RES_0603)
Add component (AddParameter): Name = "Manufacturer"; Value = "Yageo"; VariantName = "[No Variations]"
Add component (AddParameter): Name = "Manufacturer Part Number"; Value = "RC0603JR-07100RL"; VariantName = "[No Variations]"
Add component (AddParameter): Name = "Part Number"; Value = "RES_SMD_0603_100R_5%"; VariantName = "[No Variations]"
Add component (AddParameter): Name = "Part Type"; Value = "0603"; VariantName = "[No Variations]"
Add component (AddParameter): Name = "Power"; Value = "100mW"; VariantName = "[No Variations]"
Add component (AddParameter): Name = "Size"; Value = "0603"; VariantName = "[No Variations]"
Add component (AddParameter): Name = "Tolerance"; Value = "5%"; VariantName = "[No Variations]"
Add component (AddParameter): Name = "Value"; Value = "100"; VariantName = "[No Variations]"
Added Component: Designator=R42(RES_0603)
Add component (AddParameter): Name = "Manufacturer"; Value = "Yageo"; VariantName = "[No Variations]"
Add component (AddParameter): Name = "Manufacturer Part Number"; Value = "RC0603JR-07100RL"; VariantName = "[No Variations]"
Add component (AddParameter): Name = "Part Number"; Value = "RES_SMD_0603_100R_5%"; VariantName = "[No Variations]"
Add component (AddParameter): Name = "Part Type"; Value = "0603"; VariantName = "[No Variations]"
Add component (AddParameter): Name = "Power"; Value = "100mW"; VariantName = "[No Variations]"
Add component (AddParameter): Name = "Size"; Value = "0603"; VariantName = "[No Variations]"
Add component (AddParameter): Name = "Tolerance"; Value = "5%"; VariantName = "[No Variations]"
Add component (AddParameter): Name = "Value"; Value = "100"; VariantName = "[No Variations]"
Add Component: Footprint Not Found LED_0603_R
Add Component: Footprint Not Found LED_0603_G
Add Component: Footprint Not Found LED_0603_G
Add Component: Footprint Not Found USB3.1TYPE-C 16PF-26
Added Pin To Net: NetName=NetR7_1 Pin=R7-1
Added Pin To Net: NetName=NetD1_7 Pin=R7-2
Added Pin To Net: NetName=NetR8_1 Pin=R8-1
Added Pin To Net: NetName=NetD1_6 Pin=R8-2
Added Pin To Net: NetName=NetDD1_44 Pin=R34-1
Added Pin To Net: NetName=+3V3 Pin=R34-2
Added Pin To Net: NetName=GNDB Pin=R39-1
Added Pin To Net: NetName=NetR39_2 Pin=R39-2
Added Pin To Net: NetName=NetD6_6 Pin=R41-1
Added Pin To Net: NetName=GNDB Pin=R41-2
Added Pin To Net: NetName=NetD6_4 Pin=R42-1
Added Pin To Net: NetName=GNDB Pin=R42-2
Add Pin To Net: Unknown Pin: Pin VD3-A
Add Pin To Net: Unknown Pin: Pin VD3-K
Add Pin To Net: Unknown Pin: Pin VD4-A
Add Pin To Net: Unknown Pin: Pin VD4-K
Add Pin To Net: Unknown Pin: Pin VD5-A
Add Pin To Net: Unknown Pin: Pin VD5-K
Add Pin To Net: Unknown Pin: Pin XS1-A1
Add Pin To Net: Unknown Pin: Pin XS1-A4
Add Pin To Net: Unknown Pin: Pin XS1-A5
Add Pin To Net: Unknown Pin: Pin XS1-A6
Add Pin To Net: Unknown Pin: Pin XS1-A7
Add Pin To Net: Unknown Pin: Pin XS1-A9
Add Pin To Net: Unknown Pin: Pin XS1-A12
Add Pin To Net: Unknown Pin: Pin XS1-B5
Add Pin To Net: Unknown Pin: Pin XS1-B6
Add Pin To Net: Unknown Pin: Pin XS1-B7
Add Pin To Net: Unknown Pin: Pin XS1-S1
Added Member To Class: ClassName=Power Member=Component R7 RESISTOR
Added Member To Class: ClassName=Power Member=Component R8 RESISTOR
Added Member To Class: ClassName=MCU Member=Component R34 RESISTOR
Added Member To Class: ClassName=Sensors Member=Component R39 RESISTOR
Added Member To Class: ClassName=Sensors Member=Component R41 RESISTOR
Added Member To Class: ClassName=Sensors Member=Component R42 RESISTOR
Add Class Member: Failed to add class member : Component VD3 LED
Add Class Member: Failed to add class member : Component VD4 LED
Add Class Member: Failed to add class member : Component VD5 LED
Add Class Member: Failed to add class member : Component XS1 USB3.1TYPE-C 16PF-26
