../Core/Src/main.c:90:5:main	1
../Core/Src/main.c:198:6:SystemClock_Config	3
../Core/Src/main.c:246:13:MX_I2C1_Init	2
../Core/Src/main.c:280:13:MX_RTC_Init	4
../Core/Src/main.c:343:13:MX_TIM2_Init	3
../Core/Src/main.c:392:13:MX_TIM11_Init	4
../Core/Src/main.c:438:13:MX_GPIO_Init	1
../Core/Src/main.c:454:6:get_enc	2
../Core/Src/main.c:470:6:set_time	2
../Core/Src/main.c:485:6:set_date	2
../Core/Src/main.c:501:6:set_alarm	2
../Core/Src/main.c:521:6:get_time_date	1
../Core/Src/main.c:538:6:HAL_RTC_AlarmAEventCallback	1
../Core/Src/main.c:543:6:set_servo_angle	2
../Core/Src/main.c:554:6:Error_Handler	1
