../Core/Src/main.c:108:5:main	23
../Core/Src/main.c:355:6:SystemClock_Config	3
../Core/Src/main.c:403:13:MX_I2C1_Init	2
../Core/Src/main.c:437:13:MX_RTC_Init	4
../Core/Src/main.c:500:13:MX_TIM2_Init	3
../Core/Src/main.c:549:13:MX_TIM11_Init	4
../Core/Src/main.c:595:13:MX_GPIO_Init	1
../Core/Src/main.c:618:6:get_enc	4
../Core/Src/main.c:639:6:get_hours	4
../Core/Src/main.c:658:6:get_minutes	4
../Core/Src/main.c:678:6:set_time	2
../Core/Src/main.c:693:6:set_date	2
../Core/Src/main.c:709:6:set_alarm	2
../Core/Src/main.c:729:6:get_time_date	1
../Core/Src/main.c:746:6:HAL_RTC_AlarmAEventCallback	1
../Core/Src/main.c:751:6:set_servo_angle	2
../Core/Src/main.c:762:6:Error_Handler	1
