../Core/Src/main.c:90:5:main	24	static
../Core/Src/main.c:198:6:SystemClock_Config	88	static
../Core/Src/main.c:246:13:MX_I2C1_Init	8	static
../Core/Src/main.c:280:13:MX_RTC_Init	32	static
../Core/Src/main.c:343:13:MX_TIM2_Init	56	static
../Core/Src/main.c:392:13:MX_TIM11_Init	40	static
../Core/Src/main.c:438:13:MX_GPIO_Init	24	static
../Core/Src/main.c:454:6:get_enc	24	static
../Core/Src/main.c:470:6:set_time	40	static
../Core/Src/main.c:485:6:set_date	32	static
../Core/Src/main.c:501:6:set_alarm	64	static
../Core/Src/main.c:521:6:get_time_date	48	static
../Core/Src/main.c:538:6:HAL_RTC_AlarmAEventCallback	16	static
../Core/Src/main.c:543:6:set_servo_angle	24	static
../Core/Src/main.c:554:6:Error_Handler	4	static,ignoring_inline_asm
