../Core/Src/main.c:97:5:main	72	static
../Core/Src/main.c:261:6:SystemClock_Config	88	static
../Core/Src/main.c:309:13:MX_I2C1_Init	8	static
../Core/Src/main.c:343:13:MX_RTC_Init	32	static
../Core/Src/main.c:406:13:MX_TIM2_Init	56	static
../Core/Src/main.c:455:13:MX_TIM11_Init	40	static
../Core/Src/main.c:501:13:MX_GPIO_Init	24	static
../Core/Src/main.c:524:6:get_enc	24	static
../Core/Src/main.c:545:6:get_hours	16	static
../Core/Src/main.c:564:6:get_minutes	16	static
../Core/Src/main.c:584:6:set_time	40	static
../Core/Src/main.c:599:6:set_date	32	static
../Core/Src/main.c:615:6:set_alarm	64	static
../Core/Src/main.c:635:6:get_time_date	48	static
../Core/Src/main.c:652:6:HAL_RTC_AlarmAEventCallback	16	static
../Core/Src/main.c:657:6:set_servo_angle	24	static
../Core/Src/main.c:668:6:Error_Handler	4	static,ignoring_inline_asm
