../Core/Src/ssd1306_tests.c:1319:6:ssd1306_TestBorder	16	static
../Core/Src/ssd1306_tests.c:1345:6:ssd1306_TestFonts1	24	static
../Core/Src/ssd1306_tests.c:1378:6:ssd1306_TestFonts2	32	static
../Core/Src/ssd1306_tests.c:1403:6:ssd1306_TestFonts3	16	static
../Core/Src/ssd1306_tests.c:1423:6:ssd1306_TestFPS	120	static
../Core/Src/ssd1306_tests.c:1461:6:ssd1306_TestLine	16	static
../Core/Src/ssd1306_tests.c:1469:6:ssd1306_TestRectangle	32	static
../Core/Src/ssd1306_tests.c:1479:6:ssd1306_TestRectangleFill	16	static
../Core/Src/ssd1306_tests.c:1487:6:ssd1306_TestRectangleInvert	16	static
../Core/Src/ssd1306_tests.c:1511:6:ssd1306_TestCircle	16	static
../Core/Src/ssd1306_tests.c:1526:6:ssd1306_TestArc	16	static
../Core/Src/ssd1306_tests.c:1533:6:ssd1306_TestPolyline	32	static
../Core/Src/ssd1306_tests.c:1550:6:ssd1306_DrawLoading	16	static
../Core/Src/ssd1306_tests.c:1784:6:ssd1306_TestDrawBitmap	24	static
../Core/Src/ssd1306_tests.c:1831:6:ssd1306_TestAll	8	static
