Reading netlist file: "C:\GIT\FPGA\i2c_TPT29555-TS5R\Gowin\GW1N-UV9LQ100_I2C_DRV\impl\gwsynthesis\GW1N-UV9LQ100_I2C_DRV.vg"
Parsing netlist file "C:\GIT\FPGA\i2c_TPT29555-TS5R\Gowin\GW1N-UV9LQ100_I2C_DRV\impl\gwsynthesis\GW1N-UV9LQ100_I2C_DRV.vg" completed
Processing netlist completed
Reading constraint file: "C:\GIT\FPGA\i2c_TPT29555-TS5R\Gowin\GW1N-UV9LQ100_I2C_DRV\src\GW1N-UV9LQ100_I2C_DRV.cst"
Physical Constraint parsed completed
Running placement......
[10%] Placement Phase 0 completed
[20%] Placement Phase 1 completed
[30%] Placement Phase 2 completed
WARN  (TA1132) :  'mclk' was determined to be a clock but was not created.
WARN  (TA1132) :  'i2c_clk_reg[0]' was determined to be a clock but was not created.
[50%] Placement Phase 3 completed
Running routing......
[60%] Routing Phase 0 completed
[70%] Routing Phase 1 completed
[80%] Routing Phase 2 completed
[90%] Routing Phase 3 completed
Running timing analysis......
[95%] Timing analysis completed
Placement and routing completed
Bitstream generation in progress......
Bitstream generation completed
Running power analysis......
[100%] Power analysis completed
Generate file "C:\GIT\FPGA\i2c_TPT29555-TS5R\Gowin\GW1N-UV9LQ100_I2C_DRV\impl\pnr\GW1N-UV9LQ100_I2C_DRV.power.html" completed
Generate file "C:\GIT\FPGA\i2c_TPT29555-TS5R\Gowin\GW1N-UV9LQ100_I2C_DRV\impl\pnr\GW1N-UV9LQ100_I2C_DRV.pin.html" completed
Generate file "C:\GIT\FPGA\i2c_TPT29555-TS5R\Gowin\GW1N-UV9LQ100_I2C_DRV\impl\pnr\GW1N-UV9LQ100_I2C_DRV.rpt.html" completed
Generate file "C:\GIT\FPGA\i2c_TPT29555-TS5R\Gowin\GW1N-UV9LQ100_I2C_DRV\impl\pnr\GW1N-UV9LQ100_I2C_DRV.rpt.txt" completed
Generate file "C:\GIT\FPGA\i2c_TPT29555-TS5R\Gowin\GW1N-UV9LQ100_I2C_DRV\impl\pnr\GW1N-UV9LQ100_I2C_DRV.tr.html" completed
Tue Oct  7 16:26:25 2025

