../Core/Src/main.c:80:6:uprintf	8	static
../Core/Src/main.c:85:6:set_time	40	static,ignoring_inline_asm
../Core/Src/main.c:100:6:set_date	16	static,ignoring_inline_asm
../Core/Src/main.c:116:6:set_alarm	64	static,ignoring_inline_asm
../Core/Src/main.c:136:6:get_time_date	48	static
../Core/Src/main.c:153:6:HAL_RTC_AlarmAEventCallback	0	static
../Core/Src/main.c:288:6:SystemClock_Config	88	static,ignoring_inline_asm
../Core/Src/main.c:168:5:main	672	static,ignoring_inline_asm
../Core/Src/main.c:622:6:Error_Handler	0	static,ignoring_inline_asm
