../Core/Src/main.c:67:6:set_time	40	static
../Core/Src/main.c:82:6:set_date	32	static
../Core/Src/main.c:98:6:set_alarm	64	static
../Core/Src/main.c:118:6:get_time_date	48	static
../Core/Src/main.c:135:6:HAL_RTC_AlarmAEventCallback	16	static
../Core/Src/main.c:148:5:main	8	static
../Core/Src/main.c:203:6:SystemClock_Config	88	static
../Core/Src/main.c:251:13:MX_I2C1_Init	8	static
../Core/Src/main.c:285:13:MX_RTC_Init	32	static
../Core/Src/main.c:348:13:MX_USART1_UART_Init	8	static
../Core/Src/main.c:381:13:MX_GPIO_Init	24	static
../Core/Src/main.c:404:6:Error_Handler	4	static,ignoring_inline_asm
