../Core/Src/main.c:80:6:uprintf	16	static
../Core/Src/main.c:85:6:set_time	40	static
../Core/Src/main.c:100:6:set_date	32	static
../Core/Src/main.c:116:6:set_alarm	64	static
../Core/Src/main.c:136:6:get_time_date	48	static
../Core/Src/main.c:153:6:HAL_RTC_AlarmAEventCallback	16	static
../Core/Src/main.c:168:5:main	648	static
../Core/Src/main.c:288:6:SystemClock_Config	88	static
../Core/Src/main.c:339:13:MX_ADC1_Init	24	static
../Core/Src/main.c:391:13:MX_I2C1_Init	8	static
../Core/Src/main.c:425:13:MX_RTC_Init	32	static
../Core/Src/main.c:488:13:MX_SPI2_Init	8	static
../Core/Src/main.c:526:13:MX_USART1_UART_Init	8	static
../Core/Src/main.c:557:13:MX_DMA_Init	16	static
../Core/Src/main.c:578:13:MX_GPIO_Init	48	static
../Core/Src/main.c:622:6:Error_Handler	4	static,ignoring_inline_asm
