Archive member included to satisfy reference by file (symbol)

C:/ST/STM32CubeIDE_1.16.0/STM32CubeIDE/plugins/com.st.stm32cube.ide.mcu.externaltools.gnu-tools-for-stm32.12.3.rel1.win32_1.0.200.202406191623/tools/bin/../lib/gcc/arm-none-eabi/12.3.1/../../../../arm-none-eabi/lib/thumb/v7e-m+fp/hard\libc_nano.a(libc_a-exit.o)
                              C:/ST/STM32CubeIDE_1.16.0/STM32CubeIDE/plugins/com.st.stm32cube.ide.mcu.externaltools.gnu-tools-for-stm32.12.3.rel1.win32_1.0.200.202406191623/tools/bin/../lib/gcc/arm-none-eabi/12.3.1/../../../../arm-none-eabi/lib/thumb/v7e-m+fp/hard/crt0.o (exit)
C:/ST/STM32CubeIDE_1.16.0/STM32CubeIDE/plugins/com.st.stm32cube.ide.mcu.externaltools.gnu-tools-for-stm32.12.3.rel1.win32_1.0.200.202406191623/tools/bin/../lib/gcc/arm-none-eabi/12.3.1/../../../../arm-none-eabi/lib/thumb/v7e-m+fp/hard\libc_nano.a(libc_a-findfp.o)
                              C:/ST/STM32CubeIDE_1.16.0/STM32CubeIDE/plugins/com.st.stm32cube.ide.mcu.externaltools.gnu-tools-for-stm32.12.3.rel1.win32_1.0.200.202406191623/tools/bin/../lib/gcc/arm-none-eabi/12.3.1/../../../../arm-none-eabi/lib/thumb/v7e-m+fp/hard\libc_nano.a(libc_a-exit.o) (__stdio_exit_handler)
C:/ST/STM32CubeIDE_1.16.0/STM32CubeIDE/plugins/com.st.stm32cube.ide.mcu.externaltools.gnu-tools-for-stm32.12.3.rel1.win32_1.0.200.202406191623/tools/bin/../lib/gcc/arm-none-eabi/12.3.1/../../../../arm-none-eabi/lib/thumb/v7e-m+fp/hard\libc_nano.a(libc_a-fwalk.o)
                              C:/ST/STM32CubeIDE_1.16.0/STM32CubeIDE/plugins/com.st.stm32cube.ide.mcu.externaltools.gnu-tools-for-stm32.12.3.rel1.win32_1.0.200.202406191623/tools/bin/../lib/gcc/arm-none-eabi/12.3.1/../../../../arm-none-eabi/lib/thumb/v7e-m+fp/hard\libc_nano.a(libc_a-findfp.o) (_fwalk_sglue)
C:/ST/STM32CubeIDE_1.16.0/STM32CubeIDE/plugins/com.st.stm32cube.ide.mcu.externaltools.gnu-tools-for-stm32.12.3.rel1.win32_1.0.200.202406191623/tools/bin/../lib/gcc/arm-none-eabi/12.3.1/../../../../arm-none-eabi/lib/thumb/v7e-m+fp/hard\libc_nano.a(libc_a-stdio.o)
                              C:/ST/STM32CubeIDE_1.16.0/STM32CubeIDE/plugins/com.st.stm32cube.ide.mcu.externaltools.gnu-tools-for-stm32.12.3.rel1.win32_1.0.200.202406191623/tools/bin/../lib/gcc/arm-none-eabi/12.3.1/../../../../arm-none-eabi/lib/thumb/v7e-m+fp/hard\libc_nano.a(libc_a-findfp.o) (__sread)
C:/ST/STM32CubeIDE_1.16.0/STM32CubeIDE/plugins/com.st.stm32cube.ide.mcu.externaltools.gnu-tools-for-stm32.12.3.rel1.win32_1.0.200.202406191623/tools/bin/../lib/gcc/arm-none-eabi/12.3.1/../../../../arm-none-eabi/lib/thumb/v7e-m+fp/hard\libc_nano.a(libc_a-memset.o)
                              C:/ST/STM32CubeIDE_1.16.0/STM32CubeIDE/plugins/com.st.stm32cube.ide.mcu.externaltools.gnu-tools-for-stm32.12.3.rel1.win32_1.0.200.202406191623/tools/bin/../lib/gcc/arm-none-eabi/12.3.1/../../../../arm-none-eabi/lib/thumb/v7e-m+fp/hard/crt0.o (memset)
C:/ST/STM32CubeIDE_1.16.0/STM32CubeIDE/plugins/com.st.stm32cube.ide.mcu.externaltools.gnu-tools-for-stm32.12.3.rel1.win32_1.0.200.202406191623/tools/bin/../lib/gcc/arm-none-eabi/12.3.1/../../../../arm-none-eabi/lib/thumb/v7e-m+fp/hard\libc_nano.a(libc_a-closer.o)
                              C:/ST/STM32CubeIDE_1.16.0/STM32CubeIDE/plugins/com.st.stm32cube.ide.mcu.externaltools.gnu-tools-for-stm32.12.3.rel1.win32_1.0.200.202406191623/tools/bin/../lib/gcc/arm-none-eabi/12.3.1/../../../../arm-none-eabi/lib/thumb/v7e-m+fp/hard\libc_nano.a(libc_a-stdio.o) (_close_r)
C:/ST/STM32CubeIDE_1.16.0/STM32CubeIDE/plugins/com.st.stm32cube.ide.mcu.externaltools.gnu-tools-for-stm32.12.3.rel1.win32_1.0.200.202406191623/tools/bin/../lib/gcc/arm-none-eabi/12.3.1/../../../../arm-none-eabi/lib/thumb/v7e-m+fp/hard\libc_nano.a(libc_a-reent.o)
                              C:/ST/STM32CubeIDE_1.16.0/STM32CubeIDE/plugins/com.st.stm32cube.ide.mcu.externaltools.gnu-tools-for-stm32.12.3.rel1.win32_1.0.200.202406191623/tools/bin/../lib/gcc/arm-none-eabi/12.3.1/../../../../arm-none-eabi/lib/thumb/v7e-m+fp/hard\libc_nano.a(libc_a-closer.o) (errno)
C:/ST/STM32CubeIDE_1.16.0/STM32CubeIDE/plugins/com.st.stm32cube.ide.mcu.externaltools.gnu-tools-for-stm32.12.3.rel1.win32_1.0.200.202406191623/tools/bin/../lib/gcc/arm-none-eabi/12.3.1/../../../../arm-none-eabi/lib/thumb/v7e-m+fp/hard\libc_nano.a(libc_a-impure.o)
                              C:/ST/STM32CubeIDE_1.16.0/STM32CubeIDE/plugins/com.st.stm32cube.ide.mcu.externaltools.gnu-tools-for-stm32.12.3.rel1.win32_1.0.200.202406191623/tools/bin/../lib/gcc/arm-none-eabi/12.3.1/../../../../arm-none-eabi/lib/thumb/v7e-m+fp/hard\libc_nano.a(libc_a-reent.o) (_impure_ptr)
C:/ST/STM32CubeIDE_1.16.0/STM32CubeIDE/plugins/com.st.stm32cube.ide.mcu.externaltools.gnu-tools-for-stm32.12.3.rel1.win32_1.0.200.202406191623/tools/bin/../lib/gcc/arm-none-eabi/12.3.1/../../../../arm-none-eabi/lib/thumb/v7e-m+fp/hard\libc_nano.a(libc_a-lseekr.o)
[...]
Memory Configuration

Name             Origin             Length             Attributes
RAM              0x20000000         0x00020000         xrw
FLASH            0x08000000         0x00080000         xr
*default*        0x00000000         0xffffffff

Linker script and memory map

LOAD C:/ST/STM32CubeIDE_1.16.0/STM32CubeIDE/plugins/com.st.stm32cube.ide.mcu.externaltools.gnu-tools-for-stm32.12.3.rel1.win32_1.0.200.202406191623/tools/bin/../lib/gcc/arm-none-eabi/12.3.1/thumb/v7e-m+fp/hard/crti.o
LOAD C:/ST/STM32CubeIDE_1.16.0/STM32CubeIDE/plugins/com.st.stm32cube.ide.mcu.externaltools.gnu-tools-for-stm32.12.3.rel1.win32_1.0.200.202406191623/tools/bin/../lib/gcc/arm-none-eabi/12.3.1/thumb/v7e-m+fp/hard/crtbegin.o
LOAD C:/ST/STM32CubeIDE_1.16.0/STM32CubeIDE/plugins/com.st.stm32cube.ide.mcu.externaltools.gnu-tools-for-stm32.12.3.rel1.win32_1.0.200.202406191623/tools/bin/../lib/gcc/arm-none-eabi/12.3.1/../../../../arm-none-eabi/lib/thumb/v7e-m+fp/hard/crt0.o
LOAD ./Core/Src/main.o
LOAD ./Core/Src/stm32f4xx_hal_msp.o
LOAD ./Core/Src/stm32f4xx_it.o
LOAD ./Core/Src/syscalls.o
LOAD ./Core/Src/sysmem.o
LOAD ./Core/Startup/startup_stm32f411retx.o
LOAD ./Drivers/CMSIS/Device/ST/STM32F4xx/Source/Templates/system_stm32f4xx.o
LOAD ./Drivers/STM32F4xx_HAL_Driver/Src/stm32f4xx_hal.o
LOAD ./Drivers/STM32F4xx_HAL_Driver/Src/stm32f4xx_hal_cortex.o
LOAD ./Drivers/STM32F4xx_HAL_Driver/Src/stm32f4xx_hal_dma.o
LOAD ./Drivers/STM32F4xx_HAL_Driver/Src/stm32f4xx_hal_dma_ex.o
LOAD ./Drivers/STM32F4xx_HAL_Driver/Src/stm32f4xx_hal_exti.o
LOAD ./Drivers/STM32F4xx_HAL_Driver/Src/stm32f4xx_hal_flash.o
LOAD ./Drivers/STM32F4xx_HAL_Driver/Src/stm32f4xx_hal_flash_ex.o
LOAD ./Drivers/STM32F4xx_HAL_Driver/Src/stm32f4xx_hal_flash_ramfunc.o
LOAD ./Drivers/STM32F4xx_HAL_Driver/Src/stm32f4xx_hal_gpio.o
LOAD ./Drivers/STM32F4xx_HAL_Driver/Src/stm32f4xx_hal_pwr.o
LOAD ./Drivers/STM32F4xx_HAL_Driver/Src/stm32f4xx_hal_pwr_ex.o
LOAD ./Drivers/STM32F4xx_HAL_Driver/Src/stm32f4xx_hal_rcc.o
LOAD ./Drivers/STM32F4xx_HAL_Driver/Src/stm32f4xx_hal_rcc_ex.o
LOAD ./Drivers/STM32F4xx_HAL_Driver/Src/stm32f4xx_hal_spi.o
LOAD ./Drivers/STM32F4xx_HAL_Driver/Src/stm32f4xx_hal_tim.o
LOAD ./Drivers/STM32F4xx_HAL_Driver/Src/stm32f4xx_hal_tim_ex.o
LOAD ./FATFS/App/fatfs.o
LOAD ./FATFS/Target/user_diskio.o
LOAD ./FATFS/Target/user_diskio_spi.o
LOAD ./Middlewares/Third_Party/FatFs/src/diskio.o
LOAD ./Middlewares/Third_Party/FatFs/src/ff.o
LOAD ./Middlewares/Third_Party/FatFs/src/ff_gen_drv.o
LOAD ./Middlewares/Third_Party/FatFs/src/option/ccsbcs.o
LOAD ./Middlewares/Third_Party/FatFs/src/option/syscall.o
START GROUP
LOAD C:/ST/STM32CubeIDE_1.16.0/STM32CubeIDE/plugins/com.st.stm32cube.ide.mcu.externaltools.gnu-tools-for-stm32.12.3.rel1.win32_1.0.200.202406191623/tools/bin/../lib/gcc/arm-none-eabi/12.3.1/../../../../arm-none-eabi/lib/thumb/v7e-m+fp/hard\libc_nano.a
LOAD C:/ST/STM32CubeIDE_1.16.0/STM32CubeIDE/plugins/com.st.stm32cube.ide.mcu.externaltools.gnu-tools-for-stm32.12.3.rel1.win32_1.0.200.202406191623/tools/bin/../lib/gcc/arm-none-eabi/12.3.1/../../../../arm-none-eabi/lib/thumb/v7e-m+fp/hard\libm.a
END GROUP
START GROUP
LOAD C:/ST/STM32CubeIDE_1.16.0/STM32CubeIDE/plugins/com.st.stm32cube.ide.mcu.externaltools.gnu-tools-for-stm32.12.3.rel1.win32_1.0.200.202406191623/tools/bin/../lib/gcc/arm-none-eabi/12.3.1/thumb/v7e-m+fp/hard\libgcc.a
LOAD C:/ST/STM32CubeIDE_1.16.0/STM32CubeIDE/plugins/com.st.stm32cube.ide.mcu.externaltools.gnu-tools-for-stm32.12.3.rel1.win32_1.0.200.202406191623/tools/bin/../lib/gcc/arm-none-eabi/12.3.1/../../../../arm-none-eabi/lib/thumb/v7e-m+fp/hard\libc_nano.a
END GROUP
START GROUP
LOAD C:/ST/STM32CubeIDE_1.16.0/STM32CubeIDE/plugins/com.st.stm32cube.ide.mcu.externaltools.gnu-tools-for-stm32.12.3.rel1.win32_1.0.200.202406191623/tools/bin/../lib/gcc/arm-none-eabi/12.3.1/thumb/v7e-m+fp/hard\libgcc.a
LOAD C:/ST/STM32CubeIDE_1.16.0/STM32CubeIDE/plugins/com.st.stm32cube.ide.mcu.externaltools.gnu-tools-for-stm32.12.3.rel1.win32_1.0.200.202406191623/tools/bin/../lib/gcc/arm-none-eabi/12.3.1/../../../../arm-none-eabi/lib/thumb/v7e-m+fp/hard\libc_nano.a
LOAD C:/ST/STM32CubeIDE_1.16.0/STM32CubeIDE/plugins/com.st.stm32cube.ide.mcu.externaltools.gnu-tools-for-stm32.12.3.rel1.win32_1.0.200.202406191623/tools/bin/../lib/gcc/arm-none-eabi/12.3.1/../../../../arm-none-eabi/lib/thumb/v7e-m+fp/hard\libnosys.a
END GROUP
START GROUP
LOAD C:/ST/STM32CubeIDE_1.16.0/STM32CubeIDE/plugins/com.st.stm32cube.ide.mcu.externaltools.gnu-tools-for-stm32.12.3.rel1.win32_1.0.200.202406191623/tools/bin/../lib/gcc/arm-none-eabi/12.3.1/thumb/v7e-m+fp/hard\libgcc.a
LOAD C:/ST/STM32CubeIDE_1.16.0/STM32CubeIDE/plugins/com.st.stm32cube.ide.mcu.externaltools.gnu-tools-for-stm32.12.3.rel1.win32_1.0.200.202406191623/tools/bin/../lib/gcc/arm-none-eabi/12.3.1/../../../../arm-none-eabi/lib/thumb/v7e-m+fp/hard\libc_nano.a
LOAD C:/ST/STM32CubeIDE_1.16.0/STM32CubeIDE/plugins/com.st.stm32cube.ide.mcu.externaltools.gnu-tools-for-stm32.12.3.rel1.win32_1.0.200.202406191623/tools/bin/../lib/gcc/arm-none-eabi/12.3.1/../../../../arm-none-eabi/lib/thumb/v7e-m+fp/hard\libnosys.a
END GROUP
LOAD C:/ST/STM32CubeIDE_1.16.0/STM32CubeIDE/plugins/com.st.stm32cube.ide.mcu.externaltools.gnu-tools-for-stm32.12.3.rel1.win32_1.0.200.202406191623/tools/bin/../lib/gcc/arm-none-eabi/12.3.1/thumb/v7e-m+fp/hard/crtend.o
LOAD C:/ST/STM32CubeIDE_1.16.0/STM32CubeIDE/plugins/com.st.stm32cube.ide.mcu.externaltools.gnu-tools-for-stm32.12.3.rel1.win32_1.0.200.202406191623/tools/bin/../lib/gcc/arm-none-eabi/12.3.1/thumb/v7e-m+fp/hard/crtn.o
                0x20020000                        _estack = (ORIGIN (RAM) + LENGTH (RAM))
                0x00000200                        _Min_Heap_Size = 0x200
                0x00000400                        _Min_Stack_Size = 0x400

.isr_vector     0x08000000      0x198
                0x08000000                        . = ALIGN (0x4)
 *(.isr_vector)
 .isr_vector    0x08000000      0x198 ./Core/Startup/startup_stm32f411retx.o
                0x08000000                g_pfnVectors
                0x08000198                        . = ALIGN (0x4)

.text           0x08000198     0x37a8
                0x08000198                        . = ALIGN (0x4)
 *(.text)
 .text          0x08000198       0x40 C:/ST/STM32CubeIDE_1.16.0/STM32CubeIDE/plugins/com.st.stm32cube.ide.mcu.externaltools.gnu-tools-for-stm32.12.3.rel1.win32_1.0.200.202406191623/tools/bin/../lib/gcc/arm-none-eabi/12.3.1/thumb/v7e-m+fp/hard/crtbegin.o
 .text          0x080001d8       0x30 C:/ST/STM32CubeIDE_1.16.0/STM32CubeIDE/plugins/com.st.stm32cube.ide.mcu.externaltools.gnu-tools-for-stm32.12.3.rel1.win32_1.0.200.202406191623/tools/bin/../lib/gcc/arm-none-eabi/12.3.1/thumb/v7e-m+fp/hard\libgcc.a(_aeabi_uldivmod.o)
                0x080001d8                __aeabi_uldivmod
 .text          0x08000208      0x2bc C:/ST/STM32CubeIDE_1.16.0/STM32CubeIDE/plugins/com.st.stm32cube.ide.mcu.externaltools.gnu-tools-for-stm32.12.3.rel1.win32_1.0.200.202406191623/tools/bin/../lib/gcc/arm-none-eabi/12.3.1/thumb/v7e-m+fp/hard\libgcc.a(_udivmoddi4.o)
                0x08000208                __udivmoddi4
 .text          0x080004c4        0x4 C:/ST/STM32CubeIDE_1.16.0/STM32CubeIDE/plugins/com.st.stm32cube.ide.mcu.externaltools.gnu-tools-for-stm32.12.3.rel1.win32_1.0.200.202406191623/tools/bin/../lib/gcc/arm-none-eabi/12.3.1/thumb/v7e-m+fp/hard\libgcc.a(_dvmd_tls.o)
                0x080004c4                __aeabi_idiv0
                0x080004c4                __aeabi_ldiv0
 *(.text*)
 .text.SystemClock_Config
                0x080004c8       0xa4 ./Core/Src/main.o
                0x080004c8                SystemClock_Config
 .text.startup.main
                0x0800056c      0x1e4 ./Core/Src/main.o
                0x0800056c                main
 .text.Error_Handler
                0x08000750        0x4 ./Core/Src/main.o
                0x08000750                Error_Handler
 .text.HAL_MspInit
                0x08000754       0x38 ./Core/Src/stm32f4xx_hal_msp.o
                0x08000754                HAL_MspInit
 .text.HAL_SPI_MspInit
                0x0800078c       0xd8 ./Core/Src/stm32f4xx_hal_msp.o
                0x0800078c                HAL_SPI_MspInit
 .text.NMI_Handler
                0x08000864        0x8 ./Core/Src/stm32f4xx_it.o
                0x08000864                NMI_Handler
 .text.HardFault_Handler
                0x0800086c        0x2 ./Core/Src/stm32f4xx_it.o
                0x0800086c                HardFault_Handler
 .text.MemManage_Handler
                0x0800086e        0x2 ./Core/Src/stm32f4xx_it.o
                0x0800086e                MemManage_Handler
 .text.BusFault_Handler
                0x08000870        0x2 ./Core/Src/stm32f4xx_it.o
                0x08000870                BusFault_Handler
 .text.UsageFault_Handler
                0x08000872        0x2 ./Core/Src/stm32f4xx_it.o
                0x08000872                UsageFault_Handler
 .text.SVC_Handler
                0x08000874        0x2 ./Core/Src/stm32f4xx_it.o
                0x08000874                SVC_Handler
 .text.DebugMon_Handler
                0x08000876        0x2 ./Core/Src/stm32f4xx_it.o
                0x08000876                DebugMon_Handler
 .text.PendSV_Handler
                0x08000878        0x2 ./Core/Src/stm32f4xx_it.o
                0x08000878                PendSV_Handler
 .text.SysTick_Handler
                0x0800087a        0x4 ./Core/Src/stm32f4xx_it.o
                0x0800087a                SysTick_Handler
 *fill*         0x0800087e        0x2 
 .text.DMA1_Stream3_IRQHandler
                0x08000880        0xc ./Core/Src/stm32f4xx_it.o
                0x08000880                DMA1_Stream3_IRQHandler
 .text.DMA1_Stream4_IRQHandler
                0x0800088c        0xc ./Core/Src/stm32f4xx_it.o
                0x0800088c                DMA1_Stream4_IRQHandler
 .text.Reset_Handler
                0x08000898       0x50 ./Core/Startup/startup_stm32f411retx.o
                0x08000898                Reset_Handler
 .text.Default_Handler
                0x080008e8        0x2 ./Core/Startup/startup_stm32f411retx.o
                0x080008e8                RTC_Alarm_IRQHandler
                0x080008e8                EXTI2_IRQHandler
                0x080008e8                SPI4_IRQHandler
                0x080008e8                TIM1_CC_IRQHandler
                0x080008e8                DMA2_Stream5_IRQHandler
                0x080008e8                DMA1_Stream5_IRQHandler
                0x080008e8                PVD_IRQHandler
                0x080008e8                SDIO_IRQHandler
                0x080008e8                TAMP_STAMP_IRQHandler
                0x080008e8                EXTI3_IRQHandler
                0x080008e8                TIM1_UP_TIM10_IRQHandler
                0x080008e8                I2C3_ER_IRQHandler
                0x080008e8                EXTI0_IRQHandler
                0x080008e8                I2C2_EV_IRQHandler
                0x080008e8                DMA1_Stream2_IRQHandler
                0x080008e8                FPU_IRQHandler
                0x080008e8                DMA2_Stream2_IRQHandler
                0x080008e8                SPI1_IRQHandler
                0x080008e8                TIM1_BRK_TIM9_IRQHandler
                0x080008e8                DMA2_Stream3_IRQHandler
                0x080008e8                USART6_IRQHandler
                0x080008e8                DMA2_Stream0_IRQHandler
                0x080008e8                TIM4_IRQHandler
                0x080008e8                I2C1_EV_IRQHandler
                0x080008e8                DMA1_Stream6_IRQHandler
                0x080008e8                DMA1_Stream1_IRQHandler
                0x080008e8                TIM3_IRQHandler
                0x080008e8                RCC_IRQHandler
                0x080008e8                Default_Handler
                0x080008e8                EXTI15_10_IRQHandler
                0x080008e8                ADC_IRQHandler
                0x080008e8                DMA1_Stream7_IRQHandler
                0x080008e8                SPI5_IRQHandler
                0x080008e8                TIM5_IRQHandler
                0x080008e8                DMA2_Stream7_IRQHandler
                0x080008e8                I2C3_EV_IRQHandler
                0x080008e8                EXTI9_5_IRQHandler
                0x080008e8                RTC_WKUP_IRQHandler
                0x080008e8                SPI2_IRQHandler
                0x080008e8                DMA1_Stream0_IRQHandler
                0x080008e8                EXTI4_IRQHandler
                0x080008e8                WWDG_IRQHandler
                0x080008e8                TIM2_IRQHandler
                0x080008e8                OTG_FS_WKUP_IRQHandler
                0x080008e8                TIM1_TRG_COM_TIM11_IRQHandler
                0x080008e8                EXTI1_IRQHandler
                0x080008e8                USART2_IRQHandler
                0x080008e8                I2C2_ER_IRQHandler
                0x080008e8                DMA2_Stream1_IRQHandler
                0x080008e8                FLASH_IRQHandler
                0x080008e8                DMA2_Stream4_IRQHandler
                0x080008e8                USART1_IRQHandler
                0x080008e8                OTG_FS_IRQHandler
                0x080008e8                SPI3_IRQHandler
                0x080008e8                I2C1_ER_IRQHandler
                0x080008e8                DMA2_Stream6_IRQHandler
 *fill*         0x080008ea        0x2 
 .text.SystemInit
                0x080008ec       0x14 ./Drivers/CMSIS/Device/ST/STM32F4xx/Source/Templates/system_stm32f4xx.o
                0x080008ec                SystemInit
 .text.HAL_InitTick
                0x08000900       0x48 ./Drivers/STM32F4xx_HAL_Driver/Src/stm32f4xx_hal.o
                0x08000900                HAL_InitTick
 .text.HAL_Init
                0x08000948       0x34 ./Drivers/STM32F4xx_HAL_Driver/Src/stm32f4xx_hal.o
                0x08000948                HAL_Init
 .text.HAL_IncTick
                0x0800097c       0x18 ./Drivers/STM32F4xx_HAL_Driver/Src/stm32f4xx_hal.o
                0x0800097c                HAL_IncTick
 .text.HAL_GetTick
                0x08000994        0xc ./Drivers/STM32F4xx_HAL_Driver/Src/stm32f4xx_hal.o
                0x08000994                HAL_GetTick
 .text.HAL_Delay
                0x080009a0       0x28 ./Drivers/STM32F4xx_HAL_Driver/Src/stm32f4xx_hal.o
                0x080009a0                HAL_Delay
 .text.HAL_NVIC_SetPriorityGrouping
                0x080009c8       0x24 ./Drivers/STM32F4xx_HAL_Driver/Src/stm32f4xx_hal_cortex.o
                0x080009c8                HAL_NVIC_SetPriorityGrouping
 .text.HAL_NVIC_SetPriority
                0x080009ec       0x64 ./Drivers/STM32F4xx_HAL_Driver/Src/stm32f4xx_hal_cortex.o
                0x080009ec                HAL_NVIC_SetPriority
 .text.HAL_NVIC_EnableIRQ
                0x08000a50       0x1c ./Drivers/STM32F4xx_HAL_Driver/Src/stm32f4xx_hal_cortex.o
                0x08000a50                HAL_NVIC_EnableIRQ
 .text.HAL_SYSTICK_Config
                0x08000a6c       0x28 ./Drivers/STM32F4xx_HAL_Driver/Src/stm32f4xx_hal_cortex.o
                0x08000a6c                HAL_SYSTICK_Config
 .text.DMA_CalcBaseAndBitshift
                0x08000a94       0x2c ./Drivers/STM32F4xx_HAL_Driver/Src/stm32f4xx_hal_dma.o
 .text.HAL_DMA_Init
                0x08000ac0       0xfc ./Drivers/STM32F4xx_HAL_Driver/Src/stm32f4xx_hal_dma.o
                0x08000ac0                HAL_DMA_Init
 .text.HAL_DMA_Start_IT
                0x08000bbc       0x72 ./Drivers/STM32F4xx_HAL_Driver/Src/stm32f4xx_hal_dma.o
                0x08000bbc                HAL_DMA_Start_IT
 .text.HAL_DMA_Abort
                0x08000c2e       0x7c ./Drivers/STM32F4xx_HAL_Driver/Src/stm32f4xx_hal_dma.o
                0x08000c2e                HAL_DMA_Abort
 *fill*         0x08000caa        0x2 
 .text.HAL_DMA_IRQHandler
                0x08000cac      0x17c ./Drivers/STM32F4xx_HAL_Driver/Src/stm32f4xx_hal_dma.o
                0x08000cac                HAL_DMA_IRQHandler
 .text.HAL_GPIO_Init
                0x08000e28      0x18c ./Drivers/STM32F4xx_HAL_Driver/Src/stm32f4xx_hal_gpio.o
                0x08000e28                HAL_GPIO_Init
 .text.HAL_GPIO_WritePin
                0x08000fb4        0xa ./Drivers/STM32F4xx_HAL_Driver/Src/stm32f4xx_hal_gpio.o
                0x08000fb4                HAL_GPIO_WritePin
 .text.HAL_GPIO_TogglePin
                0x08000fbe       0x12 ./Drivers/STM32F4xx_HAL_Driver/Src/stm32f4xx_hal_gpio.o
                0x08000fbe                HAL_GPIO_TogglePin
 .text.HAL_RCC_OscConfig
                0x08000fd0      0x35c ./Drivers/STM32F4xx_HAL_Driver/Src/stm32f4xx_hal_rcc.o
                0x08000fd0                HAL_RCC_OscConfig
 .text.HAL_RCC_EnableCSS
                0x0800132c        0xc ./Drivers/STM32F4xx_HAL_Driver/Src/stm32f4xx_hal_rcc.o
                0x0800132c                HAL_RCC_EnableCSS
 .text.HAL_RCC_GetSysClockFreq
                0x08001338       0x5c ./Drivers/STM32F4xx_HAL_Driver/Src/stm32f4xx_hal_rcc.o
                0x08001338                HAL_RCC_GetSysClockFreq
 .text.HAL_RCC_ClockConfig
                0x08001394      0x134 ./Drivers/STM32F4xx_HAL_Driver/Src/stm32f4xx_hal_rcc.o
                0x08001394                HAL_RCC_ClockConfig
 .text.HAL_RCC_CSSCallback
                0x080014c8        0x2 ./Drivers/STM32F4xx_HAL_Driver/Src/stm32f4xx_hal_rcc.o
                0x080014c8                HAL_RCC_CSSCallback
 *fill*         0x080014ca        0x2 
 .text.HAL_RCC_NMI_IRQHandler
                0x080014cc       0x18 ./Drivers/STM32F4xx_HAL_Driver/Src/stm32f4xx_hal_rcc.o
                0x080014cc                HAL_RCC_NMI_IRQHandler
 .text.SPI_WaitFlagStateUntilTimeout
                0x080014e4       0xb8 ./Drivers/STM32F4xx_HAL_Driver/Src/stm32f4xx_hal_spi.o
 .text.SPI_EndRxTxTransaction
                0x0800159c       0x78 ./Drivers/STM32F4xx_HAL_Driver/Src/stm32f4xx_hal_spi.o
 .text.SPI_EndRxTransaction
                0x08001614       0x5c ./Drivers/STM32F4xx_HAL_Driver/Src/stm32f4xx_hal_spi.o
 .text.HAL_SPI_Init
                0x08001670       0xb8 ./Drivers/STM32F4xx_HAL_Driver/Src/stm32f4xx_hal_spi.o
                0x08001670                HAL_SPI_Init
 .text.HAL_SPI_TransmitReceive_DMA
                0x08001728      0x108 ./Drivers/STM32F4xx_HAL_Driver/Src/stm32f4xx_hal_spi.o
                0x08001728                HAL_SPI_TransmitReceive_DMA
 .text.HAL_SPI_DMAStop
                0x08001830       0x46 ./Drivers/STM32F4xx_HAL_Driver/Src/stm32f4xx_hal_spi.o
                0x08001830                HAL_SPI_DMAStop
 .text.HAL_SPI_RxCpltCallback
                0x08001876        0x2 ./Drivers/STM32F4xx_HAL_Driver/Src/stm32f4xx_hal_spi.o
                0x08001876                HAL_SPI_RxCpltCallback
 .text.HAL_SPI_RxHalfCpltCallback
                0x08001878        0x2 ./Drivers/STM32F4xx_HAL_Driver/Src/stm32f4xx_hal_spi.o
                0x08001878                HAL_SPI_RxHalfCpltCallback
 .text.SPI_DMAHalfReceiveCplt
                0x0800187a        0xa ./Drivers/STM32F4xx_HAL_Driver/Src/stm32f4xx_hal_spi.o
 .text.HAL_SPI_TxRxHalfCpltCallback
                0x08001884        0x2 ./Drivers/STM32F4xx_HAL_Driver/Src/stm32f4xx_hal_spi.o
                0x08001884                HAL_SPI_TxRxHalfCpltCallback
 .text.SPI_DMAHalfTransmitReceiveCplt
                0x08001886        0xa ./Drivers/STM32F4xx_HAL_Driver/Src/stm32f4xx_hal_spi.o
 .text.HAL_SPI_ErrorCallback
                0x08001890        0x2 ./Drivers/STM32F4xx_HAL_Driver/Src/stm32f4xx_hal_spi.o
                0x08001890                HAL_SPI_ErrorCallback
 .text.SPI_DMAError
                0x08001892       0x22 ./Drivers/STM32F4xx_HAL_Driver/Src/stm32f4xx_hal_spi.o
 .text.SPI_DMAReceiveCplt
                0x080018b4       0x66 ./Drivers/STM32F4xx_HAL_Driver/Src/stm32f4xx_hal_spi.o
 .text.SPI_DMATransmitReceiveCplt
                0x0800191a       0x5a ./Drivers/STM32F4xx_HAL_Driver/Src/stm32f4xx_hal_spi.o
 .text.MX_FATFS_Init
                0x08001974       0x1c ./FATFS/App/fatfs.o
                0x08001974                MX_FATFS_Init
 .text.get_fattime
                0x08001990        0x4 ./FATFS/App/fatfs.o
                0x08001990                get_fattime
 .text.USER_initialize
                0x08001994        0x4 ./FATFS/Target/user_diskio.o
                0x08001994                USER_initialize
 .text.USER_status
                0x08001998        0x4 ./FATFS/Target/user_diskio.o
                0x08001998                USER_status
 .text.USER_read
                0x0800199c        0x4 ./FATFS/Target/user_diskio.o
                0x0800199c                USER_read
 .text.USER_write
                0x080019a0        0x4 ./FATFS/Target/user_diskio.o
                0x080019a0                USER_write
 .text.USER_ioctl
                0x080019a4        0x4 ./FATFS/Target/user_diskio.o
                0x080019a4                USER_ioctl
 .text.set_sd_interface_speed
                0x080019a8       0x2c ./FATFS/Target/user_diskio_spi.o
 .text.spi_rw   0x080019d4       0x1c ./FATFS/Target/user_diskio_spi.o
 .text.wait_ready
                0x080019f0       0x14 ./FATFS/Target/user_diskio_spi.o
 .text.send_cmd
                0x08001a04       0x8c ./FATFS/Target/user_diskio_spi.o
 .text.SPI_DMA_TransmitReceive
                0x08001a90       0x88 ./FATFS/Target/user_diskio_spi.o
 .text.xmit_datablock
                0x08001b18       0x4c ./FATFS/Target/user_diskio_spi.o
 .text.rcvr_datablock
                0x08001b64       0x32 ./FATFS/Target/user_diskio_spi.o
 *fill*         0x08001b96        0x2 
 .text.HAL_SPI_TxRxCpltCallback
                0x08001b98       0x10 ./FATFS/Target/user_diskio_spi.o
                0x08001b98                HAL_SPI_TxRxCpltCallback
 .text.USER_SPI_initialize
                0x08001ba8      0x120 ./FATFS/Target/user_diskio_spi.o
                0x08001ba8                USER_SPI_initialize
 .text.USER_SPI_status
                0x08001cc8        0xc ./FATFS/Target/user_diskio_spi.o
                0x08001cc8                USER_SPI_status
 .text.USER_SPI_read
                0x08001cd4       0x84 ./FATFS/Target/user_diskio_spi.o
                0x08001cd4                USER_SPI_read
 .text.USER_SPI_write
                0x08001d58       0xa4 ./FATFS/Target/user_diskio_spi.o
                0x08001d58                USER_SPI_write
 .text.USER_SPI_ioctl
                0x08001dfc      0x1c8 ./FATFS/Target/user_diskio_spi.o
                0x08001dfc                USER_SPI_ioctl
 .text.disk_status
                0x08001fc4       0x14 ./Middlewares/Third_Party/FatFs/src/diskio.o
                0x08001fc4                disk_status
 .text.disk_initialize
                0x08001fd8       0x28 ./Middlewares/Third_Party/FatFs/src/diskio.o
                0x08001fd8                disk_initialize
 .text.disk_read
                0x08002000       0x1c ./Middlewares/Third_Party/FatFs/src/diskio.o
                0x08002000                disk_read
 .text.disk_write
                0x0800201c       0x1c ./Middlewares/Third_Party/FatFs/src/diskio.o
                0x0800201c                disk_write
 .text.disk_ioctl
                0x08002038       0x1c ./Middlewares/Third_Party/FatFs/src/diskio.o
                0x08002038                disk_ioctl
 .text.ld_dword
                0x08002054        0x4 ./Middlewares/Third_Party/FatFs/src/ff.o
 .text.st_dword
                0x08002058       0x10 ./Middlewares/Third_Party/FatFs/src/ff.o
 .text.mem_set  0x08002068        0xc ./Middlewares/Third_Party/FatFs/src/ff.o
 .text.chk_lock
                0x08002074       0x5c ./Middlewares/Third_Party/FatFs/src/ff.o
 .text.inc_lock
                0x080020d0       0x7c ./Middlewares/Third_Party/FatFs/src/ff.o
 .text.dec_lock
                0x0800214c       0x3c ./Middlewares/Third_Party/FatFs/src/ff.o
 .text.clear_lock
                0x08002188       0x20 ./Middlewares/Third_Party/FatFs/src/ff.o
 .text.clust2sect
                0x080021a8       0x16 ./Middlewares/Third_Party/FatFs/src/ff.o
 .text.clmt_clust
                0x080021be       0x22 ./Middlewares/Third_Party/FatFs/src/ff.o
 .text.sum_sfn  0x080021e0       0x1e ./Middlewares/Third_Party/FatFs/src/ff.o
 .text.get_ldnumber
                0x080021fe       0x30 ./Middlewares/Third_Party/FatFs/src/ff.o
 .text.validate
                0x0800222e       0x34 ./Middlewares/Third_Party/FatFs/src/ff.o
 .text.sync_window
                0x08002262       0x4a ./Middlewares/Third_Party/FatFs/src/ff.o
 .text.mem_cpy.part.0
                0x080022ac       0x12 ./Middlewares/Third_Party/FatFs/src/ff.o
 .text.st_clust
                0x080022be       0x18 ./Middlewares/Third_Party/FatFs/src/ff.o
 .text.move_window
                0x080022d6       0x32 ./Middlewares/Third_Party/FatFs/src/ff.o
 .text.check_fs
                0x08002308       0x78 ./Middlewares/Third_Party/FatFs/src/ff.o
 .text.find_volume
                0x08002380      0x258 ./Middlewares/Third_Party/FatFs/src/ff.o
 .text.put_fat  0x080025d8       0xf0 ./Middlewares/Third_Party/FatFs/src/ff.o
 .text.sync_fs  0x080026c8       0x96 ./Middlewares/Third_Party/FatFs/src/ff.o
 .text.ld_clust.isra.0
                0x0800275e       0x10 ./Middlewares/Third_Party/FatFs/src/ff.o
 .text.get_fat.isra.0
                0x0800276e       0xac ./Middlewares/Third_Party/FatFs/src/ff.o
 .text.remove_chain
                0x0800281a       0x6e ./Middlewares/Third_Party/FatFs/src/ff.o
 .text.create_chain
                0x08002888       0xb0 ./Middlewares/Third_Party/FatFs/src/ff.o
 .text.dir_next
                0x08002938       0xec ./Middlewares/Third_Party/FatFs/src/ff.o
 .text.dir_sdi  0x08002a24       0x80 ./Middlewares/Third_Party/FatFs/src/ff.o
 .text.dir_find
                0x08002aa4      0x15c ./Middlewares/Third_Party/FatFs/src/ff.o
 .text.dir_register
                0x08002c00      0x28c ./Middlewares/Third_Party/FatFs/src/ff.o
 .text.follow_path
                0x08002e8c      0x26c ./Middlewares/Third_Party/FatFs/src/ff.o
 .text.f_mount  0x080030f8       0x50 ./Middlewares/Third_Party/FatFs/src/ff.o
                0x080030f8                f_mount
 .text.f_open   0x08003148      0x200 ./Middlewares/Third_Party/FatFs/src/ff.o
                0x08003148                f_open
 .text.f_write  0x08003348      0x196 ./Middlewares/Third_Party/FatFs/src/ff.o
                0x08003348                f_write
 .text.f_sync   0x080034de       0x96 ./Middlewares/Third_Party/FatFs/src/ff.o
                0x080034de                f_sync
 .text.f_close  0x08003574       0x22 ./Middlewares/Third_Party/FatFs/src/ff.o
                0x08003574                f_close
 .text.f_lseek  0x08003596      0x236 ./Middlewares/Third_Party/FatFs/src/ff.o
                0x08003596                f_lseek
 .text.FATFS_LinkDriverEx
                0x080037cc       0x40 ./Middlewares/Third_Party/FatFs/src/ff_gen_drv.o
                0x080037cc                FATFS_LinkDriverEx
 .text.FATFS_LinkDriver
                0x0800380c        0x6 ./Middlewares/Third_Party/FatFs/src/ff_gen_drv.o
                0x0800380c                FATFS_LinkDriver
 *fill*         0x08003812        0x2 
 .text.ff_convert
                0x08003814       0x38 ./Middlewares/Third_Party/FatFs/src/option/ccsbcs.o
                0x08003814                ff_convert
 .text.ff_wtoupper
                0x0800384c       0x84 ./Middlewares/Third_Party/FatFs/src/option/ccsbcs.o
                0x0800384c                ff_wtoupper
 .text.memset   0x080038d0       0x10 C:/ST/STM32CubeIDE_1.16.0/STM32CubeIDE/plugins/com.st.stm32cube.ide.mcu.externaltools.gnu-tools-for-stm32.12.3.rel1.win32_1.0.200.202406191623/tools/bin/../lib/gcc/arm-none-eabi/12.3.1/../../../../arm-none-eabi/lib/thumb/v7e-m+fp/hard\libc_nano.a(libc_a-memset.o)
                0x080038d0                memset
 .text.__libc_init_array
                0x080038e0       0x48 C:/ST/STM32CubeIDE_1.16.0/STM32CubeIDE/plugins/com.st.stm32cube.ide.mcu.externaltools.gnu-tools-for-stm32.12.3.rel1.win32_1.0.200.202406191623/tools/bin/../lib/gcc/arm-none-eabi/12.3.1/../../../../arm-none-eabi/lib/thumb/v7e-m+fp/hard\libc_nano.a(libc_a-init.o)
                0x080038e0                __libc_init_array
 *(.glue_7)
 .glue_7        0x08003928        0x0 linker stubs
 *(.glue_7t)
 .glue_7t       0x08003928        0x0 linker stubs
 *(.eh_frame)
 .eh_frame      0x08003928        0x0 C:/ST/STM32CubeIDE_1.16.0/STM32CubeIDE/plugins/com.st.stm32cube.ide.mcu.externaltools.gnu-tools-for-stm32.12.3.rel1.win32_1.0.200.202406191623/tools/bin/../lib/gcc/arm-none-eabi/12.3.1/thumb/v7e-m+fp/hard/crtbegin.o
 *(.init)
 .init          0x08003928        0x4 C:/ST/STM32CubeIDE_1.16.0/STM32CubeIDE/plugins/com.st.stm32cube.ide.mcu.externaltools.gnu-tools-for-stm32.12.3.rel1.win32_1.0.200.202406191623/tools/bin/../lib/gcc/arm-none-eabi/12.3.1/thumb/v7e-m+fp/hard/crti.o
                0x08003928                _init
 .init          0x0800392c        0x8 C:/ST/STM32CubeIDE_1.16.0/STM32CubeIDE/plugins/com.st.stm32cube.ide.mcu.externaltools.gnu-tools-for-stm32.12.3.rel1.win32_1.0.200.202406191623/tools/bin/../lib/gcc/arm-none-eabi/12.3.1/thumb/v7e-m+fp/hard/crtn.o
 *(.fini)
 .fini          0x08003934        0x4 C:/ST/STM32CubeIDE_1.16.0/STM32CubeIDE/plugins/com.st.stm32cube.ide.mcu.externaltools.gnu-tools-for-stm32.12.3.rel1.win32_1.0.200.202406191623/tools/bin/../lib/gcc/arm-none-eabi/12.3.1/thumb/v7e-m+fp/hard/crti.o
                0x08003934                _fini
 .fini          0x08003938        0x8 C:/ST/STM32CubeIDE_1.16.0/STM32CubeIDE/plugins/com.st.stm32cube.ide.mcu.externaltools.gnu-tools-for-stm32.12.3.rel1.win32_1.0.200.202406191623/tools/bin/../lib/gcc/arm-none-eabi/12.3.1/thumb/v7e-m+fp/hard/crtn.o
                0x08003940                        . = ALIGN (0x4)
                0x08003940                        _etext = .

.vfp11_veneer   0x08003940        0x0
 .vfp11_veneer  0x08003940        0x0 linker stubs

.v4_bx          0x08003940        0x0
 .v4_bx         0x08003940        0x0 linker stubs

.iplt           0x08003940        0x0
 .iplt          0x08003940        0x0 C:/ST/STM32CubeIDE_1.16.0/STM32CubeIDE/plugins/com.st.stm32cube.ide.mcu.externaltools.gnu-tools-for-stm32.12.3.rel1.win32_1.0.200.202406191623/tools/bin/../lib/gcc/arm-none-eabi/12.3.1/thumb/v7e-m+fp/hard/crtbegin.o

.rodata         0x08003940      0x484
                0x08003940                        . = ALIGN (0x4)
 *(.rodata)
 *(.rodata*)
 .rodata.main.str1.1
                0x08003940       0x21 ./Core/Src/main.o
 .rodata.AHBPrescTable
                0x08003961       0x10 ./Drivers/CMSIS/Device/ST/STM32F4xx/Source/Templates/system_stm32f4xx.o
                0x08003961                AHBPrescTable
 .rodata.flagBitshiftOffset.0
                0x08003971        0x8 ./Drivers/STM32F4xx_HAL_Driver/Src/stm32f4xx_hal_dma.o
 .rodata.follow_path.str1.1
                0x08003979       0x10 ./Middlewares/Third_Party/FatFs/src/ff.o
 .rodata.LfnOfs
                0x08003989        0xd ./Middlewares/Third_Party/FatFs/src/ff.o
 .rodata.ExCvt  0x08003996       0x80 ./Middlewares/Third_Party/FatFs/src/ff.o
 .rodata.cvt2.0
                0x08003a16       0xbc ./Middlewares/Third_Party/FatFs/src/option/ccsbcs.o
 .rodata.cvt1.1
                0x08003ad2      0x1f2 ./Middlewares/Third_Party/FatFs/src/option/ccsbcs.o
 .rodata.Tbl    0x08003cc4      0x100 ./Middlewares/Third_Party/FatFs/src/option/ccsbcs.o
                0x08003dc4                        . = ALIGN (0x4)

.ARM.extab      0x08003dc4        0x0
                0x08003dc4                        . = ALIGN (0x4)
 *(.ARM.extab* .gnu.linkonce.armextab.*)
                0x08003dc4                        . = ALIGN (0x4)

.ARM            0x08003dc4        0x8
                0x08003dc4                        . = ALIGN (0x4)
                0x08003dc4                        __exidx_start = .
 *(.ARM.exidx*)
 .ARM.exidx     0x08003dc4        0x8 C:/ST/STM32CubeIDE_1.16.0/STM32CubeIDE/plugins/com.st.stm32cube.ide.mcu.externaltools.gnu-tools-for-stm32.12.3.rel1.win32_1.0.200.202406191623/tools/bin/../lib/gcc/arm-none-eabi/12.3.1/thumb/v7e-m+fp/hard\libgcc.a(_udivmoddi4.o)
                0x08003dcc                        __exidx_end = .
                0x08003dcc                        . = ALIGN (0x4)

.preinit_array  0x08003dcc        0x0
                0x08003dcc                        . = ALIGN (0x4)
                0x08003dcc                        PROVIDE (__preinit_array_start = .)
 *(.preinit_array*)
                0x08003dcc                        PROVIDE (__preinit_array_end = .)
                0x08003dcc                        . = ALIGN (0x4)

.init_array     0x08003dcc        0x4
                0x08003dcc                        . = ALIGN (0x4)
                0x08003dcc                        PROVIDE (__init_array_start = .)
 *(SORT_BY_NAME(.init_array.*))
 *(.init_array*)
 .init_array    0x08003dcc        0x4 C:/ST/STM32CubeIDE_1.16.0/STM32CubeIDE/plugins/com.st.stm32cube.ide.mcu.externaltools.gnu-tools-for-stm32.12.3.rel1.win32_1.0.200.202406191623/tools/bin/../lib/gcc/arm-none-eabi/12.3.1/thumb/v7e-m+fp/hard/crtbegin.o
                0x08003dd0                        PROVIDE (__init_array_end = .)
                0x08003dd0                        . = ALIGN (0x4)

.fini_array     0x08003dd0        0x4
                0x08003dd0                        . = ALIGN (0x4)
                [!provide]                        PROVIDE (__fini_array_start = .)
 *(SORT_BY_NAME(.fini_array.*))
 *(.fini_array*)
 .fini_array    0x08003dd0        0x4 C:/ST/STM32CubeIDE_1.16.0/STM32CubeIDE/plugins/com.st.stm32cube.ide.mcu.externaltools.gnu-tools-for-stm32.12.3.rel1.win32_1.0.200.202406191623/tools/bin/../lib/gcc/arm-none-eabi/12.3.1/thumb/v7e-m+fp/hard/crtbegin.o
                [!provide]                        PROVIDE (__fini_array_end = .)
                0x08003dd4                        . = ALIGN (0x4)
                0x08003dd4                        _sidata = LOADADDR (.data)

.rel.dyn        0x08003dd4        0x0
 .rel.iplt      0x08003dd4        0x0 C:/ST/STM32CubeIDE_1.16.0/STM32CubeIDE/plugins/com.st.stm32cube.ide.mcu.externaltools.gnu-tools-for-stm32.12.3.rel1.win32_1.0.200.202406191623/tools/bin/../lib/gcc/arm-none-eabi/12.3.1/thumb/v7e-m+fp/hard/crtbegin.o

.data           0x20000000       0x24 load address 0x08003dd4
                0x20000000                        . = ALIGN (0x4)
                0x20000000                        _sdata = .
 *(.data)
 *(.data*)
 .data.SystemCoreClock
                0x20000000        0x4 ./Drivers/CMSIS/Device/ST/STM32F4xx/Source/Templates/system_stm32f4xx.o
                0x20000000                SystemCoreClock
 .data.uwTickFreq
                0x20000004        0x1 ./Drivers/STM32F4xx_HAL_Driver/Src/stm32f4xx_hal.o
                0x20000004                uwTickFreq
 *fill*         0x20000005        0x3 
 .data.uwTickPrio
                0x20000008        0x4 ./Drivers/STM32F4xx_HAL_Driver/Src/stm32f4xx_hal.o
                0x20000008                uwTickPrio
 .data.USER_Driver
                0x2000000c       0x14 ./FATFS/Target/user_diskio.o
                0x2000000c                USER_Driver
 .data.Stat     0x20000020        0x1 ./FATFS/Target/user_diskio_spi.o
 *(.RamFunc)
 *(.RamFunc*)
                0x20000024                        . = ALIGN (0x4)
 *fill*         0x20000021        0x3 
                0x20000024                        _edata = .

.igot.plt       0x20000024        0x0 load address 0x08003df8
 .igot.plt      0x20000024        0x0 C:/ST/STM32CubeIDE_1.16.0/STM32CubeIDE/plugins/com.st.stm32cube.ide.mcu.externaltools.gnu-tools-for-stm32.12.3.rel1.win32_1.0.200.202406191623/tools/bin/../lib/gcc/arm-none-eabi/12.3.1/thumb/v7e-m+fp/hard/crtbegin.o
                0x20000024                        . = ALIGN (0x4)

.bss            0x20000024      0x5d8 load address 0x08003df8
                0x20000024                        _sbss = .
                0x20000024                        __bss_start__ = _sbss
 *(.bss)
 .bss           0x20000024       0x1c C:/ST/STM32CubeIDE_1.16.0/STM32CubeIDE/plugins/com.st.stm32cube.ide.mcu.externaltools.gnu-tools-for-stm32.12.3.rel1.win32_1.0.200.202406191623/tools/bin/../lib/gcc/arm-none-eabi/12.3.1/thumb/v7e-m+fp/hard/crtbegin.o
 *(.bss*)
 .bss.hdma_spi2_tx
                0x20000040       0x60 ./Core/Src/main.o
                0x20000040                hdma_spi2_tx
 .bss.hdma_spi2_rx
                0x200000a0       0x60 ./Core/Src/main.o
                0x200000a0                hdma_spi2_rx
 .bss.hspi2     0x20000100       0x58 ./Core/Src/main.o
                0x20000100                hspi2
 .bss.uwTick    0x20000158        0x4 ./Drivers/STM32F4xx_HAL_Driver/Src/stm32f4xx_hal.o
                0x20000158                uwTick
 .bss.USERFatFS
                0x2000015c      0x234 ./FATFS/App/fatfs.o
                0x2000015c                USERFatFS
 .bss.USERPath  0x20000390        0x4 ./FATFS/App/fatfs.o
                0x20000390                USERPath
 .bss.retUSER   0x20000394        0x1 ./FATFS/App/fatfs.o
                0x20000394                retUSER
 .bss.CardType  0x20000395        0x1 ./FATFS/Target/user_diskio_spi.o
 .bss.LfnBuf    0x20000396      0x200 ./Middlewares/Third_Party/FatFs/src/ff.o
 *fill*         0x20000596        0x2 
 .bss.Files     0x20000598       0x50 ./Middlewares/Third_Party/FatFs/src/ff.o
 .bss.Fsid      0x200005e8        0x2 ./Middlewares/Third_Party/FatFs/src/ff.o
 *fill*         0x200005ea        0x2 
 .bss.FatFs     0x200005ec        0x4 ./Middlewares/Third_Party/FatFs/src/ff.o
 .bss.disk      0x200005f0        0xc ./Middlewares/Third_Party/FatFs/src/ff_gen_drv.o
                0x200005f0                disk
 *(COMMON)
                0x200005fc                        . = ALIGN (0x4)
                0x200005fc                        _ebss = .
                0x200005fc                        __bss_end__ = _ebss

._user_heap_stack
                0x200005fc      0x604 load address 0x08003df8
                0x20000600                        . = ALIGN (0x8)
 *fill*         0x200005fc        0x4 
                [!provide]                        PROVIDE (end = .)
                0x20000600                        PROVIDE (_end = .)
                0x20000800                        . = (. + _Min_Heap_Size)
 *fill*         0x20000600      0x200 
                0x20000c00                        . = (. + _Min_Stack_Size)
 *fill*         0x20000800      0x400 
                0x20000c00                        . = ALIGN (0x8)

/DISCARD/
 libc.a(*)
 libm.a(*)
 libgcc.a(*)

.ARM.attributes
                0x00000000       0x30
 *(.ARM.attributes)
 .ARM.attributes
                0x00000000       0x22 C:/ST/STM32CubeIDE_1.16.0/STM32CubeIDE/plugins/com.st.stm32cube.ide.mcu.externaltools.gnu-tools-for-stm32.12.3.rel1.win32_1.0.200.202406191623/tools/bin/../lib/gcc/arm-none-eabi/12.3.1/thumb/v7e-m+fp/hard/crti.o
 .ARM.attributes
                0x00000022       0x34 C:/ST/STM32CubeIDE_1.16.0/STM32CubeIDE/plugins/com.st.stm32cube.ide.mcu.externaltools.gnu-tools-for-stm32.12.3.rel1.win32_1.0.200.202406191623/tools/bin/../lib/gcc/arm-none-eabi/12.3.1/thumb/v7e-m+fp/hard/crtbegin.o
 .ARM.attributes
                0x00000056       0x34 ./Core/Src/main.o
 .ARM.attributes
                0x0000008a       0x34 ./Core/Src/stm32f4xx_hal_msp.o
 .ARM.attributes
                0x000000be       0x34 ./Core/Src/stm32f4xx_it.o
 .ARM.attributes
                0x000000f2       0x21 ./Core/Startup/startup_stm32f411retx.o
 .ARM.attributes
                0x00000113       0x34 ./Drivers/CMSIS/Device/ST/STM32F4xx/Source/Templates/system_stm32f4xx.o
 .ARM.attributes
                0x00000147       0x34 ./Drivers/STM32F4xx_HAL_Driver/Src/stm32f4xx_hal.o
 .ARM.attributes
                0x0000017b       0x34 ./Drivers/STM32F4xx_HAL_Driver/Src/stm32f4xx_hal_cortex.o
 .ARM.attributes
                0x000001af       0x34 ./Drivers/STM32F4xx_HAL_Driver/Src/stm32f4xx_hal_dma.o
 .ARM.attributes
                0x000001e3       0x34 ./Drivers/STM32F4xx_HAL_Driver/Src/stm32f4xx_hal_gpio.o
 .ARM.attributes
                0x00000217       0x34 ./Drivers/STM32F4xx_HAL_Driver/Src/stm32f4xx_hal_rcc.o
 .ARM.attributes
                0x0000024b       0x34 ./Drivers/STM32F4xx_HAL_Driver/Src/stm32f4xx_hal_spi.o
 .ARM.attributes
                0x0000027f       0x34 ./FATFS/App/fatfs.o
 .ARM.attributes
                0x000002b3       0x34 ./FATFS/Target/user_diskio.o
 .ARM.attributes
                0x000002e7       0x34 ./FATFS/Target/user_diskio_spi.o
 .ARM.attributes
                0x0000031b       0x34 ./Middlewares/Third_Party/FatFs/src/diskio.o
 .ARM.attributes
                0x0000034f       0x34 ./Middlewares/Third_Party/FatFs/src/ff.o
 .ARM.attributes
                0x00000383       0x34 ./Middlewares/Third_Party/FatFs/src/ff_gen_drv.o
 .ARM.attributes
                0x000003b7       0x34 ./Middlewares/Third_Party/FatFs/src/option/ccsbcs.o
 .ARM.attributes
                0x000003eb       0x34 C:/ST/STM32CubeIDE_1.16.0/STM32CubeIDE/plugins/com.st.stm32cube.ide.mcu.externaltools.gnu-tools-for-stm32.12.3.rel1.win32_1.0.200.202406191623/tools/bin/../lib/gcc/arm-none-eabi/12.3.1/../../../../arm-none-eabi/lib/thumb/v7e-m+fp/hard\libc_nano.a(libc_a-memset.o)
 .ARM.attributes
                0x0000041f       0x34 C:/ST/STM32CubeIDE_1.16.0/STM32CubeIDE/plugins/com.st.stm32cube.ide.mcu.externaltools.gnu-tools-for-stm32.12.3.rel1.win32_1.0.200.202406191623/tools/bin/../lib/gcc/arm-none-eabi/12.3.1/../../../../arm-none-eabi/lib/thumb/v7e-m+fp/hard\libc_nano.a(libc_a-init.o)
 .ARM.attributes
                0x00000453       0x22 C:/ST/STM32CubeIDE_1.16.0/STM32CubeIDE/plugins/com.st.stm32cube.ide.mcu.externaltools.gnu-tools-for-stm32.12.3.rel1.win32_1.0.200.202406191623/tools/bin/../lib/gcc/arm-none-eabi/12.3.1/thumb/v7e-m+fp/hard\libgcc.a(_aeabi_uldivmod.o)
 .ARM.attributes
                0x00000475       0x34 C:/ST/STM32CubeIDE_1.16.0/STM32CubeIDE/plugins/com.st.stm32cube.ide.mcu.externaltools.gnu-tools-for-stm32.12.3.rel1.win32_1.0.200.202406191623/tools/bin/../lib/gcc/arm-none-eabi/12.3.1/thumb/v7e-m+fp/hard\libgcc.a(_udivmoddi4.o)
 .ARM.attributes
                0x000004a9       0x22 C:/ST/STM32CubeIDE_1.16.0/STM32CubeIDE/plugins/com.st.stm32cube.ide.mcu.externaltools.gnu-tools-for-stm32.12.3.rel1.win32_1.0.200.202406191623/tools/bin/../lib/gcc/arm-none-eabi/12.3.1/thumb/v7e-m+fp/hard\libgcc.a(_dvmd_tls.o)
 .ARM.attributes
                0x000004cb       0x22 C:/ST/STM32CubeIDE_1.16.0/STM32CubeIDE/plugins/com.st.stm32cube.ide.mcu.externaltools.gnu-tools-for-stm32.12.3.rel1.win32_1.0.200.202406191623/tools/bin/../lib/gcc/arm-none-eabi/12.3.1/thumb/v7e-m+fp/hard/crtn.o
OUTPUT(SD_card.elf elf32-littlearm)
LOAD linker stubs
LOAD C:/ST/STM32CubeIDE_1.16.0/STM32CubeIDE/plugins/com.st.stm32cube.ide.mcu.externaltools.gnu-tools-for-stm32.12.3.rel1.win32_1.0.200.202406191623/tools/bin/../lib/gcc/arm-none-eabi/12.3.1/../../../../arm-none-eabi/lib/thumb/v7e-m+fp/hard\libc.a
LOAD C:/ST/STM32CubeIDE_1.16.0/STM32CubeIDE/plugins/com.st.stm32cube.ide.mcu.externaltools.gnu-tools-for-stm32.12.3.rel1.win32_1.0.200.202406191623/tools/bin/../lib/gcc/arm-none-eabi/12.3.1/../../../../arm-none-eabi/lib/thumb/v7e-m+fp/hard\libm.a
LOAD C:/ST/STM32CubeIDE_1.16.0/STM32CubeIDE/plugins/com.st.stm32cube.ide.mcu.externaltools.gnu-tools-for-stm32.12.3.rel1.win32_1.0.200.202406191623/tools/bin/../lib/gcc/arm-none-eabi/12.3.1/thumb/v7e-m+fp/hard\libgcc.a

.comment        0x00000000       0x43
 .comment       0x00000000       0x43 ./Core/Src/main.o
                                 0x44 (size before relaxing)
 .comment       0x00000043       0x44 ./Core/Src/stm32f4xx_hal_msp.o
 .comment       0x00000043       0x44 ./Core/Src/stm32f4xx_it.o
 .comment       0x00000043       0x44 ./Drivers/CMSIS/Device/ST/STM32F4xx/Source/Templates/system_stm32f4xx.o
 .comment       0x00000043       0x44 ./Drivers/STM32F4xx_HAL_Driver/Src/stm32f4xx_hal.o
 .comment       0x00000043       0x44 ./Drivers/STM32F4xx_HAL_Driver/Src/stm32f4xx_hal_cortex.o
 .comment       0x00000043       0x44 ./Drivers/STM32F4xx_HAL_Driver/Src/stm32f4xx_hal_dma.o
 .comment       0x00000043       0x44 ./Drivers/STM32F4xx_HAL_Driver/Src/stm32f4xx_hal_gpio.o
 .comment       0x00000043       0x44 ./Drivers/STM32F4xx_HAL_Driver/Src/stm32f4xx_hal_rcc.o
 .comment       0x00000043       0x44 ./Drivers/STM32F4xx_HAL_Driver/Src/stm32f4xx_hal_spi.o
 .comment       0x00000043       0x44 ./FATFS/App/fatfs.o
 .comment       0x00000043       0x44 ./FATFS/Target/user_diskio.o
 .comment       0x00000043       0x44 ./FATFS/Target/user_diskio_spi.o
 .comment       0x00000043       0x44 ./Middlewares/Third_Party/FatFs/src/diskio.o
 .comment       0x00000043       0x44 ./Middlewares/Third_Party/FatFs/src/ff.o
 .comment       0x00000043       0x44 ./Middlewares/Third_Party/FatFs/src/ff_gen_drv.o
 .comment       0x00000043       0x44 ./Middlewares/Third_Party/FatFs/src/option/ccsbcs.o

.debug_frame    0x00000000       0xac
 .debug_frame   0x00000000       0x20 C:/ST/STM32CubeIDE_1.16.0/STM32CubeIDE/plugins/com.st.stm32cube.ide.mcu.externaltools.gnu-tools-for-stm32.12.3.rel1.win32_1.0.200.202406191623/tools/bin/../lib/gcc/arm-none-eabi/12.3.1/../../../../arm-none-eabi/lib/thumb/v7e-m+fp/hard\libc_nano.a(libc_a-memset.o)
 .debug_frame   0x00000020       0x2c C:/ST/STM32CubeIDE_1.16.0/STM32CubeIDE/plugins/com.st.stm32cube.ide.mcu.externaltools.gnu-tools-for-stm32.12.3.rel1.win32_1.0.200.202406191623/tools/bin/../lib/gcc/arm-none-eabi/12.3.1/../../../../arm-none-eabi/lib/thumb/v7e-m+fp/hard\libc_nano.a(libc_a-init.o)
 .debug_frame   0x0000004c       0x2c C:/ST/STM32CubeIDE_1.16.0/STM32CubeIDE/plugins/com.st.stm32cube.ide.mcu.externaltools.gnu-tools-for-stm32.12.3.rel1.win32_1.0.200.202406191623/tools/bin/../lib/gcc/arm-none-eabi/12.3.1/thumb/v7e-m+fp/hard\libgcc.a(_aeabi_uldivmod.o)
 .debug_frame   0x00000078       0x34 C:/ST/STM32CubeIDE_1.16.0/STM32CubeIDE/plugins/com.st.stm32cube.ide.mcu.externaltools.gnu-tools-for-stm32.12.3.rel1.win32_1.0.200.202406191623/tools/bin/../lib/gcc/arm-none-eabi/12.3.1/thumb/v7e-m+fp/hard\libgcc.a(_udivmoddi4.o)
