../Core/Src/main.c:72:6:uprintf	16	static
../Core/Src/main.c:77:6:set_time	40	static
../Core/Src/main.c:92:6:set_date	32	static
../Core/Src/main.c:108:6:set_alarm	64	static
../Core/Src/main.c:128:6:get_time_date	48	static
../Core/Src/main.c:145:6:HAL_RTC_AlarmAEventCallback	16	static
../Core/Src/main.c:160:5:main	40	static
../Core/Src/main.c:237:6:SystemClock_Config	88	static
../Core/Src/main.c:285:13:MX_ADC1_Init	24	static
../Core/Src/main.c:337:13:MX_I2C1_Init	8	static
../Core/Src/main.c:371:13:MX_RTC_Init	32	static
../Core/Src/main.c:434:13:MX_USART1_UART_Init	8	static
../Core/Src/main.c:467:13:MX_GPIO_Init	24	static
../Core/Src/main.c:490:6:Error_Handler	4	static,ignoring_inline_asm
